2026-03-31 14:23:12.631 +05:30 [INF] Executed DbCommand (109ms) [Parameters=[], CommandType='"Text"', CommandTimeout='30']
SELECT 1
2026-03-31 14:23:13.228 +05:30 [INF] Acquiring an exclusive lock for migration application. See https://aka.ms/efcore-docs-migrations-lock for more information if this takes too long.
2026-03-31 14:23:13.713 +05:30 [INF] Executed DbCommand (426ms) [Parameters=[], CommandType='"Text"', CommandTimeout='30']
DECLARE @result int;
EXEC @result = sp_getapplock @Resource = '__EFMigrationsLock', @LockOwner = 'Session', @LockMode = 'Exclusive';
SELECT @result
2026-03-31 14:23:14.349 +05:30 [INF] Executed DbCommand (75ms) [Parameters=[], CommandType='"Text"', CommandTimeout='30']
IF OBJECT_ID(N'[__EFMigrationsHistory]') IS NULL
BEGIN
    CREATE TABLE [__EFMigrationsHistory] (
        [MigrationId] nvarchar(150) NOT NULL,
        [ProductVersion] nvarchar(32) NOT NULL,
        CONSTRAINT [PK___EFMigrationsHistory] PRIMARY KEY ([MigrationId])
    );
END;
2026-03-31 14:23:14.463 +05:30 [INF] Executed DbCommand (10ms) [Parameters=[], CommandType='"Text"', CommandTimeout='30']
SELECT 1
2026-03-31 14:23:14.828 +05:30 [INF] Executed DbCommand (42ms) [Parameters=[], CommandType='"Text"', CommandTimeout='30']
SELECT OBJECT_ID(N'[__EFMigrationsHistory]');
2026-03-31 14:23:15.151 +05:30 [INF] Executed DbCommand (235ms) [Parameters=[], CommandType='"Text"', CommandTimeout='30']
SELECT [MigrationId], [ProductVersion]
FROM [__EFMigrationsHistory]
ORDER BY [MigrationId];
2026-03-31 14:23:15.798 +05:30 [INF] No migrations were applied. The database is already up to date.
2026-03-31 14:23:16.016 +05:30 [INF] Executed DbCommand (8ms) [Parameters=[], CommandType='"Text"', CommandTimeout='30']
DECLARE @result int;
EXEC @result = sp_releaseapplock @Resource = '__EFMigrationsLock', @LockOwner = 'Session';
SELECT @result
2026-03-31 14:23:17.444 +05:30 [INF] User profile is available. Using 'C:\Users\Satvik\AppData\Local\ASP.NET\DataProtection-Keys' as key repository and Windows DPAPI to encrypt keys at rest.
2026-03-31 14:23:19.632 +05:30 [INF] Unable to bind to http://localhost:5040 on the IPv4 loopback interface: 'An attempt was made to access a socket in a way forbidden by its access permissions.'.
2026-03-31 14:23:20.658 +05:30 [INF] Now listening on: https://localhost:5041
2026-03-31 14:23:21.332 +05:30 [INF] Now listening on: http://localhost:5040
2026-03-31 14:23:21.346 +05:30 [INF] Request starting HTTP/2 GET https://localhost:5041/ - null null
2026-03-31 14:23:25.639 +05:30 [INF] Application started. Press Ctrl+C to shut down.
2026-03-31 14:23:26.092 +05:30 [INF] Hosting environment: Development
2026-03-31 14:23:26.797 +05:30 [INF] Content root path: C:\Users\Satvik\Desktop\capg\MicroservicesAssesment\Services\OrderService\OrderService.API
2026-03-31 14:23:30.365 +05:30 [INF] HTTP GET / responded 404 in 5306.1219 ms
2026-03-31 14:23:31.191 +05:30 [INF] Request finished HTTP/2 GET https://localhost:5041/ - 404 null null 9851.4186ms
2026-03-31 14:23:32.065 +05:30 [INF] Request reached the end of the middleware pipeline without being handled by application code. Request path: GET https://localhost:5041/, Response status code: 404
2026-03-31 14:26:02.188 +05:30 [INF] Executed DbCommand (127ms) [Parameters=[], CommandType='"Text"', CommandTimeout='30']
SELECT 1
2026-03-31 14:26:02.662 +05:30 [INF] Acquiring an exclusive lock for migration application. See https://aka.ms/efcore-docs-migrations-lock for more information if this takes too long.
2026-03-31 14:26:02.897 +05:30 [INF] Executed DbCommand (100ms) [Parameters=[], CommandType='"Text"', CommandTimeout='30']
DECLARE @result int;
EXEC @result = sp_getapplock @Resource = '__EFMigrationsLock', @LockOwner = 'Session', @LockMode = 'Exclusive';
SELECT @result
2026-03-31 14:26:03.747 +05:30 [INF] Executed DbCommand (8ms) [Parameters=[], CommandType='"Text"', CommandTimeout='30']
IF OBJECT_ID(N'[__EFMigrationsHistory]') IS NULL
BEGIN
    CREATE TABLE [__EFMigrationsHistory] (
        [MigrationId] nvarchar(150) NOT NULL,
        [ProductVersion] nvarchar(32) NOT NULL,
        CONSTRAINT [PK___EFMigrationsHistory] PRIMARY KEY ([MigrationId])
    );
END;
2026-03-31 14:26:03.843 +05:30 [INF] Executed DbCommand (4ms) [Parameters=[], CommandType='"Text"', CommandTimeout='30']
SELECT 1
2026-03-31 14:26:03.883 +05:30 [INF] Executed DbCommand (5ms) [Parameters=[], CommandType='"Text"', CommandTimeout='30']
SELECT OBJECT_ID(N'[__EFMigrationsHistory]');
2026-03-31 14:26:03.986 +05:30 [INF] Executed DbCommand (70ms) [Parameters=[], CommandType='"Text"', CommandTimeout='30']
SELECT [MigrationId], [ProductVersion]
FROM [__EFMigrationsHistory]
ORDER BY [MigrationId];
2026-03-31 14:26:04.085 +05:30 [INF] No migrations were applied. The database is already up to date.
2026-03-31 14:26:04.114 +05:30 [INF] Executed DbCommand (6ms) [Parameters=[], CommandType='"Text"', CommandTimeout='30']
DECLARE @result int;
EXEC @result = sp_releaseapplock @Resource = '__EFMigrationsLock', @LockOwner = 'Session';
SELECT @result
2026-03-31 14:26:05.222 +05:30 [INF] User profile is available. Using 'C:\Users\Satvik\AppData\Local\ASP.NET\DataProtection-Keys' as key repository and Windows DPAPI to encrypt keys at rest.
2026-03-31 14:26:07.395 +05:30 [INF] Unable to bind to http://localhost:5040 on the IPv4 loopback interface: 'An attempt was made to access a socket in a way forbidden by its access permissions.'.
2026-03-31 14:26:07.742 +05:30 [INF] Now listening on: https://localhost:5041
2026-03-31 14:26:08.686 +05:30 [INF] Now listening on: http://localhost:5040
2026-03-31 14:26:09.559 +05:30 [INF] Request starting HTTP/2 GET https://localhost:5041/ - null null
2026-03-31 14:26:10.005 +05:30 [INF] Application started. Press Ctrl+C to shut down.
2026-03-31 14:26:10.995 +05:30 [INF] Hosting environment: Development
2026-03-31 14:26:11.276 +05:30 [INF] Content root path: C:\Users\Satvik\Desktop\capg\MicroservicesAssesment\Services\OrderService\OrderService.API
2026-03-31 14:26:13.271 +05:30 [INF] HTTP GET / responded 404 in 892.3848 ms
2026-03-31 14:26:13.820 +05:30 [INF] Request finished HTTP/2 GET https://localhost:5041/ - 404 null null 4283.2277ms
2026-03-31 14:26:14.945 +05:30 [INF] Request reached the end of the middleware pipeline without being handled by application code. Request path: GET https://localhost:5041/, Response status code: 404
2026-03-31 14:28:04.051 +05:30 [INF] Executed DbCommand (132ms) [Parameters=[], CommandType='"Text"', CommandTimeout='30']
SELECT 1
2026-03-31 14:28:04.525 +05:30 [INF] Acquiring an exclusive lock for migration application. See https://aka.ms/efcore-docs-migrations-lock for more information if this takes too long.
2026-03-31 14:28:04.759 +05:30 [INF] Executed DbCommand (134ms) [Parameters=[], CommandType='"Text"', CommandTimeout='30']
DECLARE @result int;
EXEC @result = sp_getapplock @Resource = '__EFMigrationsLock', @LockOwner = 'Session', @LockMode = 'Exclusive';
SELECT @result
2026-03-31 14:28:05.513 +05:30 [INF] Executed DbCommand (13ms) [Parameters=[], CommandType='"Text"', CommandTimeout='30']
IF OBJECT_ID(N'[__EFMigrationsHistory]') IS NULL
BEGIN
    CREATE TABLE [__EFMigrationsHistory] (
        [MigrationId] nvarchar(150) NOT NULL,
        [ProductVersion] nvarchar(32) NOT NULL,
        CONSTRAINT [PK___EFMigrationsHistory] PRIMARY KEY ([MigrationId])
    );
END;
2026-03-31 14:28:05.574 +05:30 [INF] Executed DbCommand (1ms) [Parameters=[], CommandType='"Text"', CommandTimeout='30']
SELECT 1
2026-03-31 14:28:05.604 +05:30 [INF] Executed DbCommand (8ms) [Parameters=[], CommandType='"Text"', CommandTimeout='30']
SELECT OBJECT_ID(N'[__EFMigrationsHistory]');
2026-03-31 14:28:05.680 +05:30 [INF] Executed DbCommand (49ms) [Parameters=[], CommandType='"Text"', CommandTimeout='30']
SELECT [MigrationId], [ProductVersion]
FROM [__EFMigrationsHistory]
ORDER BY [MigrationId];
2026-03-31 14:28:05.739 +05:30 [INF] No migrations were applied. The database is already up to date.
2026-03-31 14:28:05.809 +05:30 [INF] Executed DbCommand (14ms) [Parameters=[], CommandType='"Text"', CommandTimeout='30']
DECLARE @result int;
EXEC @result = sp_releaseapplock @Resource = '__EFMigrationsLock', @LockOwner = 'Session';
SELECT @result
2026-03-31 14:28:06.736 +05:30 [INF] User profile is available. Using 'C:\Users\Satvik\AppData\Local\ASP.NET\DataProtection-Keys' as key repository and Windows DPAPI to encrypt keys at rest.
2026-03-31 14:28:08.790 +05:30 [INF] Unable to bind to http://localhost:5040 on the IPv4 loopback interface: 'An attempt was made to access a socket in a way forbidden by its access permissions.'.
2026-03-31 14:28:09.030 +05:30 [INF] Now listening on: https://localhost:5041
2026-03-31 14:28:09.074 +05:30 [INF] Now listening on: http://localhost:5040
2026-03-31 14:28:10.494 +05:30 [INF] Request starting HTTP/2 GET https://localhost:5041/ - null null
2026-03-31 14:28:10.790 +05:30 [INF] Application started. Press Ctrl+C to shut down.
2026-03-31 14:28:11.721 +05:30 [INF] Hosting environment: Development
2026-03-31 14:28:11.838 +05:30 [INF] Content root path: C:\Users\Satvik\Desktop\capg\MicroservicesAssesment\Services\OrderService\OrderService.API
2026-03-31 14:28:13.684 +05:30 [INF] HTTP GET / responded 404 in 624.3832 ms
2026-03-31 14:28:14.180 +05:30 [INF] Request finished HTTP/2 GET https://localhost:5041/ - 404 null null 3711.3749ms
2026-03-31 14:28:14.858 +05:30 [INF] Request reached the end of the middleware pipeline without being handled by application code. Request path: GET https://localhost:5041/, Response status code: 404
2026-03-31 14:41:58.166 +05:30 [INF] Request starting HTTP/2 GET https://localhost:5041/swagger - null null
2026-03-31 14:41:58.310 +05:30 [INF] HTTP GET /swagger responded 301 in 30.0947 ms
2026-03-31 14:41:58.320 +05:30 [INF] Request finished HTTP/2 GET https://localhost:5041/swagger - 301 null null 155.1473ms
2026-03-31 14:41:58.327 +05:30 [INF] Request starting HTTP/2 GET https://localhost:5041/swagger/index.html - null null
2026-03-31 14:41:58.679 +05:30 [INF] HTTP GET /swagger/index.html responded 200 in 327.3850 ms
2026-03-31 14:41:58.695 +05:30 [INF] Request finished HTTP/2 GET https://localhost:5041/swagger/index.html - 200 null text/html;charset=utf-8 367.3487ms
2026-03-31 14:41:58.741 +05:30 [INF] Request starting HTTP/2 GET https://localhost:5041/swagger/swagger-ui.css - null null
2026-03-31 14:41:58.783 +05:30 [INF] Request starting HTTP/2 GET https://localhost:5041/swagger/swagger-ui-bundle.js - null null
2026-03-31 14:41:58.785 +05:30 [INF] Request starting HTTP/2 GET https://localhost:5041/swagger/swagger-ui-standalone-preset.js - null null
2026-03-31 14:41:58.742 +05:30 [INF] Request starting HTTP/2 GET https://localhost:5041/swagger/index.css - null null
2026-03-31 14:41:58.787 +05:30 [INF] Request starting HTTP/2 GET https://localhost:5041/swagger/index.js - null null
2026-03-31 14:41:58.799 +05:30 [INF] Request starting HTTP/2 GET https://localhost:5041/_framework/aspnetcore-browser-refresh.js - null null
2026-03-31 14:41:58.839 +05:30 [INF] Request starting HTTP/2 GET https://localhost:5041/_vs/browserLink - null null
2026-03-31 14:41:58.942 +05:30 [INF] HTTP GET /swagger/index.css responded 200 in 30.0308 ms
2026-03-31 14:41:58.933 +05:30 [INF] HTTP GET /swagger/index.js responded 200 in 4.3771 ms
2026-03-31 14:41:59.125 +05:30 [INF] Request finished HTTP/2 GET https://localhost:5041/_framework/aspnetcore-browser-refresh.js - 200 14937 application/javascript; charset=utf-8 325.3698ms
2026-03-31 14:41:59.071 +05:30 [INF] Request finished HTTP/2 GET https://localhost:5041/swagger/index.css - 200 152 text/css 329.053ms
2026-03-31 14:41:59.109 +05:30 [INF] HTTP GET /swagger/swagger-ui-standalone-preset.js responded 200 in 209.5495 ms
2026-03-31 14:41:59.094 +05:30 [INF] HTTP GET /swagger/swagger-ui.css responded 200 in 215.1657 ms
2026-03-31 14:41:59.150 +05:30 [INF] HTTP GET /swagger/swagger-ui-bundle.js responded 200 in 265.0263 ms
2026-03-31 14:41:59.150 +05:30 [INF] Request finished HTTP/2 GET https://localhost:5041/swagger/index.js - 200 null application/javascript;charset=utf-8 363.326ms
2026-03-31 14:41:59.191 +05:30 [INF] Request finished HTTP/2 GET https://localhost:5041/swagger/swagger-ui-standalone-preset.js - 200 76613 text/javascript 406.5281ms
2026-03-31 14:41:59.197 +05:30 [INF] Request finished HTTP/2 GET https://localhost:5041/swagger/swagger-ui.css - 200 26479 text/css 455.7546ms
2026-03-31 14:41:59.205 +05:30 [INF] Request finished HTTP/2 GET https://localhost:5041/swagger/swagger-ui-bundle.js - 200 418181 text/javascript 460.8566ms
2026-03-31 14:41:59.269 +05:30 [INF] Request finished HTTP/2 GET https://localhost:5041/_vs/browserLink - 200 null text/javascript; charset=UTF-8 430.0701ms
2026-03-31 14:41:59.517 +05:30 [INF] Request starting HTTP/2 GET https://localhost:5041/swagger/v1/swagger.json - null null
2026-03-31 14:41:59.552 +05:30 [INF] Request starting HTTP/2 GET https://localhost:5041/swagger/favicon-32x32.png - null null
2026-03-31 14:41:59.579 +05:30 [INF] HTTP GET /swagger/favicon-32x32.png responded 200 in 9.0332 ms
2026-03-31 14:41:59.612 +05:30 [INF] Request finished HTTP/2 GET https://localhost:5041/swagger/favicon-32x32.png - 200 628 image/png 59.6777ms
2026-03-31 14:41:59.679 +05:30 [INF] HTTP GET /swagger/v1/swagger.json responded 200 in 147.2787 ms
2026-03-31 14:41:59.694 +05:30 [INF] Request finished HTTP/2 GET https://localhost:5041/swagger/v1/swagger.json - 200 null application/json;charset=utf-8 177.8377ms
2026-03-31 15:28:17.016 +05:30 [INF] Executed DbCommand (173ms) [Parameters=[], CommandType='"Text"', CommandTimeout='30']
SELECT 1
2026-03-31 15:28:17.900 +05:30 [INF] Acquiring an exclusive lock for migration application. See https://aka.ms/efcore-docs-migrations-lock for more information if this takes too long.
2026-03-31 15:28:18.429 +05:30 [INF] Executed DbCommand (195ms) [Parameters=[], CommandType='"Text"', CommandTimeout='30']
DECLARE @result int;
EXEC @result = sp_getapplock @Resource = '__EFMigrationsLock', @LockOwner = 'Session', @LockMode = 'Exclusive';
SELECT @result
2026-03-31 15:28:19.390 +05:30 [INF] Executed DbCommand (33ms) [Parameters=[], CommandType='"Text"', CommandTimeout='30']
IF OBJECT_ID(N'[__EFMigrationsHistory]') IS NULL
BEGIN
    CREATE TABLE [__EFMigrationsHistory] (
        [MigrationId] nvarchar(150) NOT NULL,
        [ProductVersion] nvarchar(32) NOT NULL,
        CONSTRAINT [PK___EFMigrationsHistory] PRIMARY KEY ([MigrationId])
    );
END;
2026-03-31 15:28:19.542 +05:30 [INF] Executed DbCommand (5ms) [Parameters=[], CommandType='"Text"', CommandTimeout='30']
SELECT 1
2026-03-31 15:28:19.639 +05:30 [INF] Executed DbCommand (18ms) [Parameters=[], CommandType='"Text"', CommandTimeout='30']
SELECT OBJECT_ID(N'[__EFMigrationsHistory]');
2026-03-31 15:28:19.919 +05:30 [INF] Executed DbCommand (166ms) [Parameters=[], CommandType='"Text"', CommandTimeout='30']
SELECT [MigrationId], [ProductVersion]
FROM [__EFMigrationsHistory]
ORDER BY [MigrationId];
2026-03-31 15:28:20.137 +05:30 [INF] No migrations were applied. The database is already up to date.
2026-03-31 15:28:20.287 +05:30 [INF] Executed DbCommand (70ms) [Parameters=[], CommandType='"Text"', CommandTimeout='30']
DECLARE @result int;
EXEC @result = sp_releaseapplock @Resource = '__EFMigrationsLock', @LockOwner = 'Session';
SELECT @result
2026-03-31 15:28:21.989 +05:30 [INF] User profile is available. Using 'C:\Users\Satvik\AppData\Local\ASP.NET\DataProtection-Keys' as key repository and Windows DPAPI to encrypt keys at rest.
2026-03-31 15:28:24.283 +05:30 [INF] Unable to bind to http://localhost:5040 on the IPv4 loopback interface: 'An attempt was made to access a socket in a way forbidden by its access permissions.'.
2026-03-31 15:28:24.895 +05:30 [INF] Now listening on: https://localhost:5041
2026-03-31 15:28:25.344 +05:30 [INF] Now listening on: http://localhost:5040
2026-03-31 15:28:26.189 +05:30 [INF] Request starting HTTP/2 GET https://localhost:5041/ - null null
2026-03-31 15:28:26.617 +05:30 [INF] Application started. Press Ctrl+C to shut down.
2026-03-31 15:28:27.051 +05:30 [INF] Hosting environment: Development
2026-03-31 15:28:27.190 +05:30 [INF] Content root path: C:\Users\Satvik\Desktop\capg\MicroservicesAssesment\Services\OrderService\OrderService.API
2026-03-31 15:28:29.058 +05:30 [INF] HTTP GET / responded 404 in 793.4321 ms
2026-03-31 15:28:29.526 +05:30 [INF] Request finished HTTP/2 GET https://localhost:5041/ - 404 null null 3363.5794ms
2026-03-31 15:28:30.479 +05:30 [INF] Request reached the end of the middleware pipeline without being handled by application code. Request path: GET https://localhost:5041/, Response status code: 404
2026-03-31 15:30:43.841 +05:30 [INF] Request starting HTTP/1.1 GET http://localhost:5040/swagger/index.html - null null
2026-03-31 15:30:44.230 +05:30 [INF] HTTP GET /swagger/index.html responded 200 in 273.9701 ms
2026-03-31 15:30:44.265 +05:30 [INF] Request finished HTTP/1.1 GET http://localhost:5040/swagger/index.html - 200 null text/html;charset=utf-8 424.8423ms
2026-03-31 15:30:44.303 +05:30 [INF] Request starting HTTP/1.1 GET http://localhost:5040/swagger/swagger-ui.css - null null
2026-03-31 15:30:44.304 +05:30 [INF] Request starting HTTP/1.1 GET http://localhost:5040/swagger/index.css - null null
2026-03-31 15:30:44.305 +05:30 [INF] Request starting HTTP/1.1 GET http://localhost:5040/swagger/swagger-ui-bundle.js - null null
2026-03-31 15:30:44.319 +05:30 [INF] Request starting HTTP/1.1 GET http://localhost:5040/swagger/swagger-ui-standalone-preset.js - null null
2026-03-31 15:30:44.362 +05:30 [INF] Request starting HTTP/1.1 GET http://localhost:5040/swagger/index.js - null null
2026-03-31 15:30:44.469 +05:30 [INF] HTTP GET /swagger/index.css responded 200 in 44.3205 ms
2026-03-31 15:30:44.470 +05:30 [INF] HTTP GET /swagger/swagger-ui.css responded 200 in 48.0514 ms
2026-03-31 15:30:44.417 +05:30 [INF] Request starting HTTP/1.1 GET http://localhost:5040/_framework/aspnetcore-browser-refresh.js - null null
2026-03-31 15:30:44.619 +05:30 [INF] HTTP GET /swagger/swagger-ui-standalone-preset.js responded 200 in 161.2655 ms
2026-03-31 15:30:44.619 +05:30 [INF] HTTP GET /swagger/swagger-ui-bundle.js responded 200 in 181.5765 ms
2026-03-31 15:30:44.624 +05:30 [INF] HTTP GET /swagger/index.js responded 200 in 2.7576 ms
2026-03-31 15:30:44.630 +05:30 [INF] Request finished HTTP/1.1 GET http://localhost:5040/swagger/index.css - 200 152 text/css 325.4298ms
2026-03-31 15:30:44.634 +05:30 [INF] Request finished HTTP/1.1 GET http://localhost:5040/swagger/swagger-ui.css - 200 26479 text/css 330.8505ms
2026-03-31 15:30:44.648 +05:30 [INF] Request finished HTTP/1.1 GET http://localhost:5040/_framework/aspnetcore-browser-refresh.js - 200 14937 application/javascript; charset=utf-8 231.5189ms
2026-03-31 15:30:44.649 +05:30 [INF] Request finished HTTP/1.1 GET http://localhost:5040/swagger/swagger-ui-standalone-preset.js - 200 76613 text/javascript 329.8029ms
2026-03-31 15:30:44.656 +05:30 [INF] Request finished HTTP/1.1 GET http://localhost:5040/swagger/swagger-ui-bundle.js - 200 418181 text/javascript 350.875ms
2026-03-31 15:30:44.660 +05:30 [INF] Request finished HTTP/1.1 GET http://localhost:5040/swagger/index.js - 200 null application/javascript;charset=utf-8 298.147ms
2026-03-31 15:30:44.675 +05:30 [INF] Request starting HTTP/1.1 GET http://localhost:5040/_vs/browserLink - null null
2026-03-31 15:30:44.903 +05:30 [INF] Request finished HTTP/1.1 GET http://localhost:5040/_vs/browserLink - 200 null text/javascript; charset=UTF-8 228.36ms
2026-03-31 15:30:45.010 +05:30 [INF] Request starting HTTP/1.1 GET http://localhost:5040/swagger/v1/swagger.json - null null
2026-03-31 15:30:45.115 +05:30 [INF] HTTP GET /swagger/v1/swagger.json responded 200 in 84.3890 ms
2026-03-31 15:30:45.126 +05:30 [INF] Request finished HTTP/1.1 GET http://localhost:5040/swagger/v1/swagger.json - 200 null application/json;charset=utf-8 116.0349ms
2026-03-31 16:12:04.243 +05:30 [INF] Executed DbCommand (129ms) [Parameters=[], CommandType='"Text"', CommandTimeout='30']
SELECT 1
2026-03-31 16:12:04.841 +05:30 [INF] Acquiring an exclusive lock for migration application. See https://aka.ms/efcore-docs-migrations-lock for more information if this takes too long.
2026-03-31 16:12:05.396 +05:30 [INF] Executed DbCommand (222ms) [Parameters=[], CommandType='"Text"', CommandTimeout='30']
DECLARE @result int;
EXEC @result = sp_getapplock @Resource = '__EFMigrationsLock', @LockOwner = 'Session', @LockMode = 'Exclusive';
SELECT @result
2026-03-31 16:12:06.638 +05:30 [INF] Executed DbCommand (420ms) [Parameters=[], CommandType='"Text"', CommandTimeout='30']
IF OBJECT_ID(N'[__EFMigrationsHistory]') IS NULL
BEGIN
    CREATE TABLE [__EFMigrationsHistory] (
        [MigrationId] nvarchar(150) NOT NULL,
        [ProductVersion] nvarchar(32) NOT NULL,
        CONSTRAINT [PK___EFMigrationsHistory] PRIMARY KEY ([MigrationId])
    );
END;
2026-03-31 16:12:07.002 +05:30 [INF] Executed DbCommand (54ms) [Parameters=[], CommandType='"Text"', CommandTimeout='30']
SELECT 1
2026-03-31 16:12:07.126 +05:30 [INF] Executed DbCommand (82ms) [Parameters=[], CommandType='"Text"', CommandTimeout='30']
SELECT OBJECT_ID(N'[__EFMigrationsHistory]');
2026-03-31 16:12:08.264 +05:30 [INF] Executed DbCommand (73ms) [Parameters=[], CommandType='"Text"', CommandTimeout='30']
SELECT [MigrationId], [ProductVersion]
FROM [__EFMigrationsHistory]
ORDER BY [MigrationId];
2026-03-31 16:12:08.351 +05:30 [INF] No migrations were applied. The database is already up to date.
2026-03-31 16:12:08.826 +05:30 [INF] Executed DbCommand (44ms) [Parameters=[], CommandType='"Text"', CommandTimeout='30']
DECLARE @result int;
EXEC @result = sp_releaseapplock @Resource = '__EFMigrationsLock', @LockOwner = 'Session';
SELECT @result
2026-03-31 16:12:12.107 +05:30 [INF] User profile is available. Using 'C:\Users\Satvik\AppData\Local\ASP.NET\DataProtection-Keys' as key repository and Windows DPAPI to encrypt keys at rest.
2026-03-31 16:12:14.259 +05:30 [INF] Unable to bind to http://localhost:5040 on the IPv4 loopback interface: 'An attempt was made to access a socket in a way forbidden by its access permissions.'.
2026-03-31 16:12:15.388 +05:30 [INF] Now listening on: https://localhost:5041
2026-03-31 16:12:15.617 +05:30 [INF] Now listening on: http://localhost:5040
2026-03-31 16:12:15.952 +05:30 [INF] Request starting HTTP/2 GET https://localhost:5041/ - null null
2026-03-31 16:12:16.425 +05:30 [INF] Application started. Press Ctrl+C to shut down.
2026-03-31 16:12:17.084 +05:30 [INF] Hosting environment: Development
2026-03-31 16:12:17.243 +05:30 [INF] Content root path: C:\Users\Satvik\Desktop\capg\MicroservicesAssesment\Services\OrderService\OrderService.API
2026-03-31 16:12:18.776 +05:30 [INF] HTTP GET / responded 404 in 907.3645 ms
2026-03-31 16:12:19.073 +05:30 [INF] Request finished HTTP/2 GET https://localhost:5041/ - 404 null null 3138.5339ms
2026-03-31 16:12:19.832 +05:30 [INF] Request reached the end of the middleware pipeline without being handled by application code. Request path: GET https://localhost:5041/, Response status code: 404
2026-03-31 16:21:40.152 +05:30 [INF] Request starting HTTP/1.1 GET http://localhost:5040/swagger/index.html - null null
2026-03-31 16:21:40.589 +05:30 [INF] HTTP GET /swagger/index.html responded 304 in 263.6579 ms
2026-03-31 16:21:40.742 +05:30 [INF] Request finished HTTP/1.1 GET http://localhost:5040/swagger/index.html - 304 null null 592.3052ms
2026-03-31 16:21:40.832 +05:30 [INF] Request starting HTTP/1.1 GET http://localhost:5040/swagger/swagger-ui-bundle.js - null null
2026-03-31 16:21:40.794 +05:30 [INF] Request starting HTTP/1.1 GET http://localhost:5040/swagger/index.css - null null
2026-03-31 16:21:40.793 +05:30 [INF] Request starting HTTP/1.1 GET http://localhost:5040/_framework/aspnetcore-browser-refresh.js - null null
2026-03-31 16:21:40.861 +05:30 [INF] Request starting HTTP/1.1 GET http://localhost:5040/swagger/swagger-ui-standalone-preset.js - null null
2026-03-31 16:21:40.869 +05:30 [INF] Request starting HTTP/1.1 GET http://localhost:5040/swagger/index.js - null null
2026-03-31 16:21:40.873 +05:30 [INF] Request starting HTTP/1.1 GET http://localhost:5040/swagger/swagger-ui.css - null null
2026-03-31 16:21:40.939 +05:30 [INF] Request finished HTTP/1.1 GET http://localhost:5040/_framework/aspnetcore-browser-refresh.js - 200 14937 application/javascript; charset=utf-8 146.0935ms
2026-03-31 16:21:41.028 +05:30 [INF] HTTP GET /swagger/swagger-ui-standalone-preset.js responded 304 in 116.2823 ms
2026-03-31 16:21:41.029 +05:30 [INF] HTTP GET /swagger/index.css responded 304 in 145.1389 ms
2026-03-31 16:21:41.364 +05:30 [INF] Request finished HTTP/1.1 GET http://localhost:5040/swagger/index.css - 304 null null 570.0559ms
2026-03-31 16:21:41.287 +05:30 [INF] HTTP GET /swagger/index.js responded 304 in 1.4339 ms
2026-03-31 16:21:41.402 +05:30 [INF] Request finished HTTP/1.1 GET http://localhost:5040/swagger/index.js - 304 null null 533.2268ms
2026-03-31 16:21:41.362 +05:30 [INF] Request starting HTTP/1.1 GET http://localhost:5040/_vs/browserLink - null null
2026-03-31 16:21:41.362 +05:30 [INF] Request finished HTTP/1.1 GET http://localhost:5040/swagger/swagger-ui-standalone-preset.js - 304 null null 501.2452ms
2026-03-31 16:21:41.062 +05:30 [INF] HTTP GET /swagger/swagger-ui-bundle.js responded 304 in 179.7724 ms
2026-03-31 16:21:41.429 +05:30 [INF] Request finished HTTP/1.1 GET http://localhost:5040/swagger/swagger-ui-bundle.js - 304 null null 597.0925ms
2026-03-31 16:21:41.338 +05:30 [INF] HTTP GET /swagger/swagger-ui.css responded 304 in 48.0986 ms
2026-03-31 16:21:41.515 +05:30 [INF] Request finished HTTP/1.1 GET http://localhost:5040/swagger/swagger-ui.css - 304 null null 641.3082ms
2026-03-31 16:21:41.559 +05:30 [INF] Request finished HTTP/1.1 GET http://localhost:5040/_vs/browserLink - 200 null text/javascript; charset=UTF-8 195.6167ms
2026-03-31 16:21:41.680 +05:30 [INF] Request starting HTTP/1.1 GET http://localhost:5040/swagger/v1/swagger.json - null null
2026-03-31 16:21:41.796 +05:30 [INF] HTTP GET /swagger/v1/swagger.json responded 200 in 106.7227 ms
2026-03-31 16:21:41.804 +05:30 [INF] Request finished HTTP/1.1 GET http://localhost:5040/swagger/v1/swagger.json - 200 null application/json;charset=utf-8 123.5498ms
2026-03-31 16:25:47.381 +05:30 [INF] Request starting HTTP/1.1 POST http://localhost:5040/api/v1/orders - application/json 410
2026-03-31 16:25:47.411 +05:30 [INF] CORS policy execution successful.
2026-03-31 16:25:47.480 +05:30 [INF] Authorization failed. These requirements were not met:
DenyAnonymousAuthorizationRequirement: Requires an authenticated user.
2026-03-31 16:25:47.573 +05:30 [INF] AuthenticationScheme: Bearer was challenged.
2026-03-31 16:25:47.582 +05:30 [INF] HTTP POST /api/v1/orders responded 401 in 165.5263 ms
2026-03-31 16:25:47.617 +05:30 [INF] Request finished HTTP/1.1 POST http://localhost:5040/api/v1/orders - 401 0 null 237.2656ms
2026-03-31 16:26:27.571 +05:30 [INF] Request starting HTTP/1.1 POST http://localhost:5040/api/v1/orders - application/json 410
2026-03-31 16:26:27.578 +05:30 [INF] CORS policy execution successful.
2026-03-31 16:26:28.354 +05:30 [INF] Executing endpoint 'OrderService.API.Controllers.OrderController.Create (OrderService.API)'
2026-03-31 16:26:28.433 +05:30 [INF] Route matched with {action = "Create", controller = "Order"}. Executing controller action with signature System.Threading.Tasks.Task`1[Microsoft.AspNetCore.Mvc.IActionResult] Create(OrderService.Application.DTOs.CreateOrderDto) on controller OrderService.API.Controllers.OrderController (OrderService.API).
2026-03-31 16:26:28.730 +05:30 [WRN] You do not have a valid license key for the Lucky Penny software AutoMapper. This is allowed for development and testing scenarios. If you are running in production you are required to have a licensed version. Please visit https://luckypennysoftware.com to obtain a valid license.
2026-03-31 16:26:31.578 +05:30 [INF] Executed DbCommand (597ms) [Parameters=[@p0='?' (DbType = Guid), @p1='?' (Size = 4000), @p2='?' (Size = 4000), @p3='?' (Size = 4000), @p4='?' (Size = 4000), @p5='?' (DbType = DateTime2), @p6='?' (Size = 4000), @p7='?' (Size = 4000), @p8='?' (Size = 4000), @p9='?' (Size = 4000), @p10='?' (Size = 4000), @p11='?' (Size = 4000), @p12='?' (DbType = Int32), @p13='?' (Precision = 18) (Scale = 2) (DbType = Decimal), @p14='?' (Size = 50), @p15='?' (DbType = DateTime2), @p16='?' (Size = 4000), @p17='?' (Size = 4000), @p18='?' (DbType = Guid), @p19='?' (DbType = Guid), @p20='?' (DbType = Guid), @p21='?' (Size = 4000), @p22='?' (DbType = Int32), @p23='?' (Precision = 18) (Scale = 2) (DbType = Decimal)], CommandType='"Text"', CommandTimeout='30']
SET NOCOUNT ON;
INSERT INTO [Orders] ([Id], [BillingAddress], [BillingCity], [BillingPinCode], [BillingState], [CreatedAt], [CreatedBy], [CustomerEmail], [CustomerName], [CustomerPhone], [InvoiceUrl], [PaymentId], [Status], [TotalAmount], [TrackingId], [UpdatedAt], [UpdatedBy], [UserId])
VALUES (@p0, @p1, @p2, @p3, @p4, @p5, @p6, @p7, @p8, @p9, @p10, @p11, @p12, @p13, @p14, @p15, @p16, @p17);
INSERT INTO [OrderItems] ([Id], [OrderId], [ProductId], [ProductName], [Quantity], [UnitPrice])
VALUES (@p18, @p19, @p20, @p21, @p22, @p23);
2026-03-31 16:26:34.585 +05:30 [INF] Executed DbCommand (582ms) [Parameters=[@id='?' (DbType = Guid)], CommandType='"Text"', CommandTimeout='30']
SELECT [o1].[Id], [o1].[BillingAddress], [o1].[BillingCity], [o1].[BillingPinCode], [o1].[BillingState], [o1].[CreatedAt], [o1].[CreatedBy], [o1].[CustomerEmail], [o1].[CustomerName], [o1].[CustomerPhone], [o1].[InvoiceUrl], [o1].[PaymentId], [o1].[Status], [o1].[TotalAmount], [o1].[TrackingId], [o1].[UpdatedAt], [o1].[UpdatedBy], [o1].[UserId], [o0].[Id], [o0].[OrderId], [o0].[ProductId], [o0].[ProductName], [o0].[Quantity], [o0].[UnitPrice]
FROM (
    SELECT TOP(1) [o].[Id], [o].[BillingAddress], [o].[BillingCity], [o].[BillingPinCode], [o].[BillingState], [o].[CreatedAt], [o].[CreatedBy], [o].[CustomerEmail], [o].[CustomerName], [o].[CustomerPhone], [o].[InvoiceUrl], [o].[PaymentId], [o].[Status], [o].[TotalAmount], [o].[TrackingId], [o].[UpdatedAt], [o].[UpdatedBy], [o].[UserId]
    FROM [Orders] AS [o]
    WHERE [o].[Id] = @id
) AS [o1]
LEFT JOIN [OrderItems] AS [o0] ON [o1].[Id] = [o0].[OrderId]
ORDER BY [o1].[Id]
2026-03-31 16:26:34.719 +05:30 [INF] Executing CreatedAtActionResult, writing value of type '<>f__AnonymousType0`2[[System.Boolean, System.Private.CoreLib, Version=10.0.0.0, Culture=neutral, PublicKeyToken=7cec85d7bea7798e],[OrderService.Application.DTOs.OrderDto, OrderService.Application, Version=1.0.0.0, Culture=neutral, PublicKeyToken=null]]'.
2026-03-31 16:26:34.996 +05:30 [INF] Executed action OrderService.API.Controllers.OrderController.Create (OrderService.API) in 6512.5368ms
2026-03-31 16:26:35.078 +05:30 [INF] Executed endpoint 'OrderService.API.Controllers.OrderController.Create (OrderService.API)'
2026-03-31 16:26:35.084 +05:30 [INF] HTTP POST /api/v1/orders responded 201 in 7504.7294 ms
2026-03-31 16:26:35.100 +05:30 [INF] Request finished HTTP/1.1 POST http://localhost:5040/api/v1/orders - 201 null application/json; charset=utf-8 7529.437ms
2026-03-31 16:27:27.602 +05:30 [INF] Request starting HTTP/1.1 GET http://localhost:5040/api/v1/orders/7111025c-774a-480f-b6a9-7f273ef689d0/invoice - null null
2026-03-31 16:27:27.695 +05:30 [INF] Executing endpoint 'OrderService.API.Controllers.OrderController.DownloadInvoice (OrderService.API)'
2026-03-31 16:27:27.726 +05:30 [INF] Route matched with {action = "DownloadInvoice", controller = "Order"}. Executing controller action with signature System.Threading.Tasks.Task`1[Microsoft.AspNetCore.Mvc.IActionResult] DownloadInvoice(System.Guid) on controller OrderService.API.Controllers.OrderController (OrderService.API).
2026-03-31 16:27:27.957 +05:30 [INF] Executed DbCommand (23ms) [Parameters=[@id='?' (DbType = Guid)], CommandType='"Text"', CommandTimeout='30']
SELECT [o1].[Id], [o1].[BillingAddress], [o1].[BillingCity], [o1].[BillingPinCode], [o1].[BillingState], [o1].[CreatedAt], [o1].[CreatedBy], [o1].[CustomerEmail], [o1].[CustomerName], [o1].[CustomerPhone], [o1].[InvoiceUrl], [o1].[PaymentId], [o1].[Status], [o1].[TotalAmount], [o1].[TrackingId], [o1].[UpdatedAt], [o1].[UpdatedBy], [o1].[UserId], [o0].[Id], [o0].[OrderId], [o0].[ProductId], [o0].[ProductName], [o0].[Quantity], [o0].[UnitPrice]
FROM (
    SELECT TOP(1) [o].[Id], [o].[BillingAddress], [o].[BillingCity], [o].[BillingPinCode], [o].[BillingState], [o].[CreatedAt], [o].[CreatedBy], [o].[CustomerEmail], [o].[CustomerName], [o].[CustomerPhone], [o].[InvoiceUrl], [o].[PaymentId], [o].[Status], [o].[TotalAmount], [o].[TrackingId], [o].[UpdatedAt], [o].[UpdatedBy], [o].[UserId]
    FROM [Orders] AS [o]
    WHERE [o].[Id] = @id
) AS [o1]
LEFT JOIN [OrderItems] AS [o0] ON [o1].[Id] = [o0].[OrderId]
ORDER BY [o1].[Id]
2026-03-31 16:27:33.122 +05:30 [INF] Executing FileContentResult, sending file with download name 'invoice-7111025c-774a-480f-b6a9-7f273ef689d0.pdf' ...
2026-03-31 16:27:33.148 +05:30 [INF] Executed action OrderService.API.Controllers.OrderController.DownloadInvoice (OrderService.API) in 5417.3602ms
2026-03-31 16:27:33.155 +05:30 [INF] Executed endpoint 'OrderService.API.Controllers.OrderController.DownloadInvoice (OrderService.API)'
2026-03-31 16:27:33.157 +05:30 [INF] HTTP GET /api/v1/orders/7111025c-774a-480f-b6a9-7f273ef689d0/invoice responded 200 in 5518.5897 ms
2026-03-31 16:27:33.164 +05:30 [INF] Request finished HTTP/1.1 GET http://localhost:5040/api/v1/orders/7111025c-774a-480f-b6a9-7f273ef689d0/invoice - 200 49129 application/pdf 5562.2176ms
2026-03-31 16:30:59.890 +05:30 [INF] Executed DbCommand (172ms) [Parameters=[], CommandType='"Text"', CommandTimeout='30']
SELECT 1
2026-03-31 16:31:00.530 +05:30 [INF] Acquiring an exclusive lock for migration application. See https://aka.ms/efcore-docs-migrations-lock for more information if this takes too long.
2026-03-31 16:31:00.782 +05:30 [INF] Executed DbCommand (215ms) [Parameters=[], CommandType='"Text"', CommandTimeout='30']
DECLARE @result int;
EXEC @result = sp_getapplock @Resource = '__EFMigrationsLock', @LockOwner = 'Session', @LockMode = 'Exclusive';
SELECT @result
2026-03-31 16:31:01.359 +05:30 [INF] Executed DbCommand (60ms) [Parameters=[], CommandType='"Text"', CommandTimeout='30']
IF OBJECT_ID(N'[__EFMigrationsHistory]') IS NULL
BEGIN
    CREATE TABLE [__EFMigrationsHistory] (
        [MigrationId] nvarchar(150) NOT NULL,
        [ProductVersion] nvarchar(32) NOT NULL,
        CONSTRAINT [PK___EFMigrationsHistory] PRIMARY KEY ([MigrationId])
    );
END;
2026-03-31 16:31:01.529 +05:30 [INF] Executed DbCommand (6ms) [Parameters=[], CommandType='"Text"', CommandTimeout='30']
SELECT 1
2026-03-31 16:31:01.569 +05:30 [INF] Executed DbCommand (10ms) [Parameters=[], CommandType='"Text"', CommandTimeout='30']
SELECT OBJECT_ID(N'[__EFMigrationsHistory]');
2026-03-31 16:31:01.790 +05:30 [INF] Executed DbCommand (135ms) [Parameters=[], CommandType='"Text"', CommandTimeout='30']
SELECT [MigrationId], [ProductVersion]
FROM [__EFMigrationsHistory]
ORDER BY [MigrationId];
2026-03-31 16:31:01.903 +05:30 [INF] No migrations were applied. The database is already up to date.
2026-03-31 16:31:02.017 +05:30 [INF] Executed DbCommand (20ms) [Parameters=[], CommandType='"Text"', CommandTimeout='30']
DECLARE @result int;
EXEC @result = sp_releaseapplock @Resource = '__EFMigrationsLock', @LockOwner = 'Session';
SELECT @result
2026-03-31 16:31:03.172 +05:30 [INF] User profile is available. Using 'C:\Users\Satvik\AppData\Local\ASP.NET\DataProtection-Keys' as key repository and Windows DPAPI to encrypt keys at rest.
2026-03-31 16:31:05.190 +05:30 [INF] Unable to bind to http://localhost:5040 on the IPv4 loopback interface: 'An attempt was made to access a socket in a way forbidden by its access permissions.'.
2026-03-31 16:31:06.641 +05:30 [INF] Now listening on: https://localhost:5041
2026-03-31 16:31:06.958 +05:30 [INF] Now listening on: http://localhost:5040
2026-03-31 16:31:07.351 +05:30 [INF] Request starting HTTP/2 GET https://localhost:5041/ - null null
2026-03-31 16:31:07.956 +05:30 [INF] Application started. Press Ctrl+C to shut down.
2026-03-31 16:31:08.356 +05:30 [INF] Hosting environment: Development
2026-03-31 16:31:08.574 +05:30 [INF] Content root path: C:\Users\Satvik\Desktop\capg\MicroservicesAssesment\Services\OrderService\OrderService.API
2026-03-31 16:31:10.425 +05:30 [INF] HTTP GET / responded 404 in 696.7208 ms
2026-03-31 16:31:10.805 +05:30 [INF] Request finished HTTP/2 GET https://localhost:5041/ - 404 null null 3483.5176ms
2026-03-31 16:31:11.339 +05:30 [INF] Request reached the end of the middleware pipeline without being handled by application code. Request path: GET https://localhost:5041/, Response status code: 404
2026-03-31 16:38:30.663 +05:30 [INF] Request starting HTTP/1.1 GET http://localhost:5040/swagger/index.html - null null
2026-03-31 16:38:30.946 +05:30 [INF] HTTP GET /swagger/index.html responded 304 in 207.9962 ms
2026-03-31 16:38:30.979 +05:30 [INF] Request finished HTTP/1.1 GET http://localhost:5040/swagger/index.html - 304 null null 318.0337ms
2026-03-31 16:38:31.047 +05:30 [INF] Request starting HTTP/1.1 GET http://localhost:5040/swagger/swagger-ui.css - null null
2026-03-31 16:38:31.079 +05:30 [INF] Request starting HTTP/1.1 GET http://localhost:5040/swagger/swagger-ui-standalone-preset.js - null null
2026-03-31 16:38:31.053 +05:30 [INF] Request starting HTTP/1.1 GET http://localhost:5040/swagger/index.css - null null
2026-03-31 16:38:31.057 +05:30 [INF] Request starting HTTP/1.1 GET http://localhost:5040/swagger/swagger-ui-bundle.js - null null
2026-03-31 16:38:31.094 +05:30 [INF] Request starting HTTP/1.1 GET http://localhost:5040/_framework/aspnetcore-browser-refresh.js - null null
2026-03-31 16:38:31.129 +05:30 [INF] Request starting HTTP/1.1 GET http://localhost:5040/swagger/index.js - null null
2026-03-31 16:38:31.164 +05:30 [INF] HTTP GET /swagger/swagger-ui.css responded 304 in 28.6027 ms
2026-03-31 16:38:31.164 +05:30 [INF] HTTP GET /swagger/swagger-ui-standalone-preset.js responded 304 in 21.1864 ms
2026-03-31 16:38:31.164 +05:30 [INF] HTTP GET /swagger/index.css responded 304 in 11.2390 ms
2026-03-31 16:38:31.179 +05:30 [INF] HTTP GET /swagger/swagger-ui-bundle.js responded 304 in 18.2696 ms
2026-03-31 16:38:31.177 +05:30 [INF] Request finished HTTP/1.1 GET http://localhost:5040/_framework/aspnetcore-browser-refresh.js - 200 14937 application/javascript; charset=utf-8 83.223ms
2026-03-31 16:38:31.178 +05:30 [INF] HTTP GET /swagger/index.js responded 304 in 2.6124 ms
2026-03-31 16:38:31.190 +05:30 [INF] Request finished HTTP/1.1 GET http://localhost:5040/swagger/swagger-ui.css - 304 null null 142.9584ms
2026-03-31 16:38:31.194 +05:30 [INF] Request finished HTTP/1.1 GET http://localhost:5040/swagger/swagger-ui-standalone-preset.js - 304 null null 114.1624ms
2026-03-31 16:38:31.202 +05:30 [INF] Request finished HTTP/1.1 GET http://localhost:5040/swagger/index.css - 304 null null 149.2976ms
2026-03-31 16:38:31.210 +05:30 [INF] Request finished HTTP/1.1 GET http://localhost:5040/swagger/swagger-ui-bundle.js - 304 null null 153.9319ms
2026-03-31 16:38:31.227 +05:30 [INF] Request starting HTTP/1.1 GET http://localhost:5040/_vs/browserLink - null null
2026-03-31 16:38:31.235 +05:30 [INF] Request finished HTTP/1.1 GET http://localhost:5040/swagger/index.js - 304 null null 106.0499ms
2026-03-31 16:38:31.403 +05:30 [INF] Request finished HTTP/1.1 GET http://localhost:5040/_vs/browserLink - 200 null text/javascript; charset=UTF-8 176.0913ms
2026-03-31 16:38:31.483 +05:30 [INF] Request starting HTTP/1.1 GET http://localhost:5040/swagger/v1/swagger.json - null null
2026-03-31 16:38:31.571 +05:30 [INF] HTTP GET /swagger/v1/swagger.json responded 200 in 73.8058 ms
2026-03-31 16:38:31.601 +05:30 [INF] Request finished HTTP/1.1 GET http://localhost:5040/swagger/v1/swagger.json - 200 null application/json;charset=utf-8 117.9745ms
2026-03-31 16:39:51.047 +05:30 [INF] Request starting HTTP/1.1 POST http://localhost:5040/api/v1/orders - application/json 400
2026-03-31 16:39:51.074 +05:30 [INF] CORS policy execution successful.
2026-03-31 16:39:51.340 +05:30 [INF] Executing endpoint 'OrderService.API.Controllers.OrderController.Create (OrderService.API)'
2026-03-31 16:39:51.440 +05:30 [INF] Route matched with {action = "Create", controller = "Order"}. Executing controller action with signature System.Threading.Tasks.Task`1[Microsoft.AspNetCore.Mvc.IActionResult] Create(OrderService.Application.DTOs.CreateOrderDto) on controller OrderService.API.Controllers.OrderController (OrderService.API).
2026-03-31 16:39:51.780 +05:30 [WRN] You do not have a valid license key for the Lucky Penny software AutoMapper. This is allowed for development and testing scenarios. If you are running in production you are required to have a licensed version. Please visit https://luckypennysoftware.com to obtain a valid license.
2026-03-31 16:39:58.421 +05:30 [INF] Executed DbCommand (333ms) [Parameters=[@p0='?' (DbType = Guid), @p1='?' (Size = 4000), @p2='?' (Size = 4000), @p3='?' (Size = 4000), @p4='?' (Size = 4000), @p5='?' (DbType = DateTime2), @p6='?' (Size = 4000), @p7='?' (Size = 4000), @p8='?' (Size = 4000), @p9='?' (Size = 4000), @p10='?' (Size = 4000), @p11='?' (Size = 4000), @p12='?' (DbType = Int32), @p13='?' (Precision = 18) (Scale = 2) (DbType = Decimal), @p14='?' (Size = 50), @p15='?' (DbType = DateTime2), @p16='?' (Size = 4000), @p17='?' (Size = 4000), @p18='?' (DbType = Guid), @p19='?' (DbType = Guid), @p20='?' (DbType = Guid), @p21='?' (Size = 4000), @p22='?' (DbType = Int32), @p23='?' (Precision = 18) (Scale = 2) (DbType = Decimal)], CommandType='"Text"', CommandTimeout='30']
SET NOCOUNT ON;
INSERT INTO [Orders] ([Id], [BillingAddress], [BillingCity], [BillingPinCode], [BillingState], [CreatedAt], [CreatedBy], [CustomerEmail], [CustomerName], [CustomerPhone], [InvoiceUrl], [PaymentId], [Status], [TotalAmount], [TrackingId], [UpdatedAt], [UpdatedBy], [UserId])
VALUES (@p0, @p1, @p2, @p3, @p4, @p5, @p6, @p7, @p8, @p9, @p10, @p11, @p12, @p13, @p14, @p15, @p16, @p17);
INSERT INTO [OrderItems] ([Id], [OrderId], [ProductId], [ProductName], [Quantity], [UnitPrice])
VALUES (@p18, @p19, @p20, @p21, @p22, @p23);
2026-03-31 16:39:59.751 +05:30 [INF] Executed DbCommand (51ms) [Parameters=[@id='?' (DbType = Guid)], CommandType='"Text"', CommandTimeout='30']
SELECT [o1].[Id], [o1].[BillingAddress], [o1].[BillingCity], [o1].[BillingPinCode], [o1].[BillingState], [o1].[CreatedAt], [o1].[CreatedBy], [o1].[CustomerEmail], [o1].[CustomerName], [o1].[CustomerPhone], [o1].[InvoiceUrl], [o1].[PaymentId], [o1].[Status], [o1].[TotalAmount], [o1].[TrackingId], [o1].[UpdatedAt], [o1].[UpdatedBy], [o1].[UserId], [o0].[Id], [o0].[OrderId], [o0].[ProductId], [o0].[ProductName], [o0].[Quantity], [o0].[UnitPrice]
FROM (
    SELECT TOP(1) [o].[Id], [o].[BillingAddress], [o].[BillingCity], [o].[BillingPinCode], [o].[BillingState], [o].[CreatedAt], [o].[CreatedBy], [o].[CustomerEmail], [o].[CustomerName], [o].[CustomerPhone], [o].[InvoiceUrl], [o].[PaymentId], [o].[Status], [o].[TotalAmount], [o].[TrackingId], [o].[UpdatedAt], [o].[UpdatedBy], [o].[UserId]
    FROM [Orders] AS [o]
    WHERE [o].[Id] = @id
) AS [o1]
LEFT JOIN [OrderItems] AS [o0] ON [o1].[Id] = [o0].[OrderId]
ORDER BY [o1].[Id]
2026-03-31 16:39:59.885 +05:30 [INF] Executing CreatedAtActionResult, writing value of type '<>f__AnonymousType0`2[[System.Boolean, System.Private.CoreLib, Version=10.0.0.0, Culture=neutral, PublicKeyToken=7cec85d7bea7798e],[OrderService.Application.DTOs.OrderDto, OrderService.Application, Version=1.0.0.0, Culture=neutral, PublicKeyToken=null]]'.
2026-03-31 16:40:00.004 +05:30 [INF] Executed action OrderService.API.Controllers.OrderController.Create (OrderService.API) in 8543.7475ms
2026-03-31 16:40:00.027 +05:30 [INF] Executed endpoint 'OrderService.API.Controllers.OrderController.Create (OrderService.API)'
2026-03-31 16:40:00.050 +05:30 [INF] HTTP POST /api/v1/orders responded 201 in 8967.7338 ms
2026-03-31 16:40:00.092 +05:30 [INF] Request finished HTTP/1.1 POST http://localhost:5040/api/v1/orders - 201 null application/json; charset=utf-8 9044.7278ms
2026-03-31 16:40:18.525 +05:30 [INF] Request starting HTTP/1.1 GET http://localhost:5040/api/v1/orders/9589756f-f37e-4e29-861d-768db21f3bda/invoice - null null
2026-03-31 16:40:18.572 +05:30 [INF] Executing endpoint 'OrderService.API.Controllers.OrderController.DownloadInvoice (OrderService.API)'
2026-03-31 16:40:18.660 +05:30 [INF] Route matched with {action = "DownloadInvoice", controller = "Order"}. Executing controller action with signature System.Threading.Tasks.Task`1[Microsoft.AspNetCore.Mvc.IActionResult] DownloadInvoice(System.Guid) on controller OrderService.API.Controllers.OrderController (OrderService.API).
2026-03-31 16:40:18.957 +05:30 [INF] Executed DbCommand (12ms) [Parameters=[@id='?' (DbType = Guid)], CommandType='"Text"', CommandTimeout='30']
SELECT [o1].[Id], [o1].[BillingAddress], [o1].[BillingCity], [o1].[BillingPinCode], [o1].[BillingState], [o1].[CreatedAt], [o1].[CreatedBy], [o1].[CustomerEmail], [o1].[CustomerName], [o1].[CustomerPhone], [o1].[InvoiceUrl], [o1].[PaymentId], [o1].[Status], [o1].[TotalAmount], [o1].[TrackingId], [o1].[UpdatedAt], [o1].[UpdatedBy], [o1].[UserId], [o0].[Id], [o0].[OrderId], [o0].[ProductId], [o0].[ProductName], [o0].[Quantity], [o0].[UnitPrice]
FROM (
    SELECT TOP(1) [o].[Id], [o].[BillingAddress], [o].[BillingCity], [o].[BillingPinCode], [o].[BillingState], [o].[CreatedAt], [o].[CreatedBy], [o].[CustomerEmail], [o].[CustomerName], [o].[CustomerPhone], [o].[InvoiceUrl], [o].[PaymentId], [o].[Status], [o].[TotalAmount], [o].[TrackingId], [o].[UpdatedAt], [o].[UpdatedBy], [o].[UserId]
    FROM [Orders] AS [o]
    WHERE [o].[Id] = @id
) AS [o1]
LEFT JOIN [OrderItems] AS [o0] ON [o1].[Id] = [o0].[OrderId]
ORDER BY [o1].[Id]
2026-03-31 16:40:20.790 +05:30 [INF] Executing FileContentResult, sending file with download name 'invoice-9589756f-f37e-4e29-861d-768db21f3bda.pdf' ...
2026-03-31 16:40:20.816 +05:30 [INF] Executed action OrderService.API.Controllers.OrderController.DownloadInvoice (OrderService.API) in 2140.8807ms
2026-03-31 16:40:20.820 +05:30 [INF] Executed endpoint 'OrderService.API.Controllers.OrderController.DownloadInvoice (OrderService.API)'
2026-03-31 16:40:20.827 +05:30 [INF] HTTP GET /api/v1/orders/9589756f-f37e-4e29-861d-768db21f3bda/invoice responded 200 in 2278.8148 ms
2026-03-31 16:40:20.834 +05:30 [INF] Request finished HTTP/1.1 GET http://localhost:5040/api/v1/orders/9589756f-f37e-4e29-861d-768db21f3bda/invoice - 200 49947 application/pdf 2309.1635ms
