2026-03-29 18:48:45.228 +05:30 [INF] Executed DbCommand (287ms) [Parameters=[], CommandType='"Text"', CommandTimeout='60']
CREATE DATABASE [ECommerceMSOrderDb];
2026-03-29 18:48:45.360 +05:30 [INF] Executed DbCommand (77ms) [Parameters=[], CommandType='"Text"', CommandTimeout='60']
IF SERVERPROPERTY('EngineEdition') <> 5
BEGIN
    ALTER DATABASE [ECommerceMSOrderDb] SET READ_COMMITTED_SNAPSHOT ON;
END;
2026-03-29 18:48:45.389 +05:30 [INF] Executed DbCommand (10ms) [Parameters=[], CommandType='"Text"', CommandTimeout='30']
SELECT 1
2026-03-29 18:48:45.393 +05:30 [INF] Acquiring an exclusive lock for migration application. See https://aka.ms/efcore-docs-migrations-lock for more information if this takes too long.
2026-03-29 18:48:45.426 +05:30 [INF] Executed DbCommand (29ms) [Parameters=[], CommandType='"Text"', CommandTimeout='30']
DECLARE @result int;
EXEC @result = sp_getapplock @Resource = '__EFMigrationsLock', @LockOwner = 'Session', @LockMode = 'Exclusive';
SELECT @result
2026-03-29 18:48:45.506 +05:30 [INF] Executed DbCommand (9ms) [Parameters=[], CommandType='"Text"', CommandTimeout='30']
IF OBJECT_ID(N'[__EFMigrationsHistory]') IS NULL
BEGIN
    CREATE TABLE [__EFMigrationsHistory] (
        [MigrationId] nvarchar(150) NOT NULL,
        [ProductVersion] nvarchar(32) NOT NULL,
        CONSTRAINT [PK___EFMigrationsHistory] PRIMARY KEY ([MigrationId])
    );
END;
2026-03-29 18:48:45.517 +05:30 [INF] Executed DbCommand (1ms) [Parameters=[], CommandType='"Text"', CommandTimeout='30']
SELECT 1
2026-03-29 18:48:45.518 +05:30 [INF] Executed DbCommand (0ms) [Parameters=[], CommandType='"Text"', CommandTimeout='30']
SELECT OBJECT_ID(N'[__EFMigrationsHistory]');
2026-03-29 18:48:45.530 +05:30 [INF] Executed DbCommand (9ms) [Parameters=[], CommandType='"Text"', CommandTimeout='30']
SELECT [MigrationId], [ProductVersion]
FROM [__EFMigrationsHistory]
ORDER BY [MigrationId];
2026-03-29 18:48:45.542 +05:30 [INF] Applying migration '20260329131753_InitialCreate'.
2026-03-29 18:48:45.576 +05:30 [INF] Executed DbCommand (6ms) [Parameters=[], CommandType='"Text"', CommandTimeout='30']
CREATE TABLE [Orders] (
    [Id] uniqueidentifier NOT NULL,
    [UserId] nvarchar(max) NOT NULL,
    [CustomerName] nvarchar(max) NOT NULL,
    [CustomerEmail] nvarchar(max) NOT NULL,
    [CustomerPhone] nvarchar(max) NOT NULL,
    [BillingAddress] nvarchar(max) NOT NULL,
    [BillingCity] nvarchar(max) NOT NULL,
    [BillingState] nvarchar(max) NOT NULL,
    [BillingPinCode] nvarchar(max) NOT NULL,
    [TrackingId] nvarchar(50) NOT NULL,
    [Status] int NOT NULL,
    [TotalAmount] decimal(18,2) NOT NULL,
    [InvoiceUrl] nvarchar(max) NULL,
    [PaymentId] nvarchar(max) NULL,
    [CreatedAt] datetime2 NOT NULL,
    [UpdatedAt] datetime2 NULL,
    [CreatedBy] nvarchar(max) NULL,
    [UpdatedBy] nvarchar(max) NULL,
    CONSTRAINT [PK_Orders] PRIMARY KEY ([Id])
);
2026-03-29 18:48:45.580 +05:30 [INF] Executed DbCommand (3ms) [Parameters=[], CommandType='"Text"', CommandTimeout='30']
CREATE TABLE [OrderItems] (
    [Id] uniqueidentifier NOT NULL,
    [OrderId] uniqueidentifier NOT NULL,
    [ProductId] uniqueidentifier NOT NULL,
    [ProductName] nvarchar(max) NOT NULL,
    [UnitPrice] decimal(18,2) NOT NULL,
    [Quantity] int NOT NULL,
    CONSTRAINT [PK_OrderItems] PRIMARY KEY ([Id]),
    CONSTRAINT [FK_OrderItems_Orders_OrderId] FOREIGN KEY ([OrderId]) REFERENCES [Orders] ([Id]) ON DELETE CASCADE
);
2026-03-29 18:48:45.581 +05:30 [INF] Executed DbCommand (1ms) [Parameters=[], CommandType='"Text"', CommandTimeout='30']
CREATE INDEX [IX_OrderItems_OrderId] ON [OrderItems] ([OrderId]);
2026-03-29 18:48:45.581 +05:30 [INF] Executed DbCommand (1ms) [Parameters=[], CommandType='"Text"', CommandTimeout='30']
CREATE UNIQUE INDEX [IX_Orders_TrackingId] ON [Orders] ([TrackingId]);
2026-03-29 18:48:45.590 +05:30 [INF] Executed DbCommand (9ms) [Parameters=[], CommandType='"Text"', CommandTimeout='30']
INSERT INTO [__EFMigrationsHistory] ([MigrationId], [ProductVersion])
VALUES (N'20260329131753_InitialCreate', N'10.0.5');
2026-03-29 18:48:45.597 +05:30 [INF] Executed DbCommand (5ms) [Parameters=[], CommandType='"Text"', CommandTimeout='30']
DECLARE @result int;
EXEC @result = sp_releaseapplock @Resource = '__EFMigrationsLock', @LockOwner = 'Session';
SELECT @result
2026-03-29 20:53:49.106 +05:30 [INF] Executed DbCommand (35ms) [Parameters=[], CommandType='"Text"', CommandTimeout='30']
SELECT 1
2026-03-29 20:53:49.202 +05:30 [INF] Acquiring an exclusive lock for migration application. See https://aka.ms/efcore-docs-migrations-lock for more information if this takes too long.
2026-03-29 20:53:49.240 +05:30 [INF] Executed DbCommand (31ms) [Parameters=[], CommandType='"Text"', CommandTimeout='30']
DECLARE @result int;
EXEC @result = sp_getapplock @Resource = '__EFMigrationsLock', @LockOwner = 'Session', @LockMode = 'Exclusive';
SELECT @result
2026-03-29 20:53:49.461 +05:30 [INF] Executed DbCommand (5ms) [Parameters=[], CommandType='"Text"', CommandTimeout='30']
IF OBJECT_ID(N'[__EFMigrationsHistory]') IS NULL
BEGIN
    CREATE TABLE [__EFMigrationsHistory] (
        [MigrationId] nvarchar(150) NOT NULL,
        [ProductVersion] nvarchar(32) NOT NULL,
        CONSTRAINT [PK___EFMigrationsHistory] PRIMARY KEY ([MigrationId])
    );
END;
2026-03-29 20:53:49.500 +05:30 [INF] Executed DbCommand (2ms) [Parameters=[], CommandType='"Text"', CommandTimeout='30']
SELECT 1
2026-03-29 20:53:49.517 +05:30 [INF] Executed DbCommand (1ms) [Parameters=[], CommandType='"Text"', CommandTimeout='30']
SELECT OBJECT_ID(N'[__EFMigrationsHistory]');
2026-03-29 20:53:49.560 +05:30 [INF] Executed DbCommand (36ms) [Parameters=[], CommandType='"Text"', CommandTimeout='30']
SELECT [MigrationId], [ProductVersion]
FROM [__EFMigrationsHistory]
ORDER BY [MigrationId];
2026-03-29 20:53:49.580 +05:30 [INF] No migrations were applied. The database is already up to date.
2026-03-29 20:53:49.609 +05:30 [INF] Executed DbCommand (4ms) [Parameters=[], CommandType='"Text"', CommandTimeout='30']
DECLARE @result int;
EXEC @result = sp_releaseapplock @Resource = '__EFMigrationsLock', @LockOwner = 'Session';
SELECT @result
2026-03-29 20:53:49.962 +05:30 [INF] User profile is available. Using 'C:\Users\Srikrishna\AppData\Local\ASP.NET\DataProtection-Keys' as key repository and Windows DPAPI to encrypt keys at rest.
2026-03-29 20:53:50.415 +05:30 [INF] Unable to bind to http://localhost:5040 on the IPv4 loopback interface: 'An attempt was made to access a socket in a way forbidden by its access permissions.'.
2026-03-29 20:53:50.424 +05:30 [INF] Now listening on: https://localhost:5041
2026-03-29 20:53:50.434 +05:30 [INF] Now listening on: http://localhost:5040
2026-03-29 20:53:50.602 +05:30 [INF] Application started. Press Ctrl+C to shut down.
2026-03-29 20:53:50.688 +05:30 [INF] Hosting environment: Development
2026-03-29 20:53:50.856 +05:30 [INF] Content root path: D:\DotNetCorePractise\MicroservicesAssesment\Services\OrderService\OrderService.API
2026-03-29 20:53:52.485 +05:30 [INF] Request starting HTTP/2 GET https://localhost:5041/ - null null
2026-03-29 20:53:55.005 +05:30 [INF] HTTP GET / responded 404 in 2213.8625 ms
2026-03-29 20:53:55.020 +05:30 [INF] Request finished HTTP/2 GET https://localhost:5041/ - 404 null null 2536.5374ms
2026-03-29 20:53:55.028 +05:30 [INF] Request reached the end of the middleware pipeline without being handled by application code. Request path: GET https://localhost:5041/, Response status code: 404
2026-03-29 20:56:26.424 +05:30 [INF] Executed DbCommand (29ms) [Parameters=[], CommandType='"Text"', CommandTimeout='30']
SELECT 1
2026-03-29 20:56:26.509 +05:30 [INF] Acquiring an exclusive lock for migration application. See https://aka.ms/efcore-docs-migrations-lock for more information if this takes too long.
2026-03-29 20:56:26.545 +05:30 [INF] Executed DbCommand (29ms) [Parameters=[], CommandType='"Text"', CommandTimeout='30']
DECLARE @result int;
EXEC @result = sp_getapplock @Resource = '__EFMigrationsLock', @LockOwner = 'Session', @LockMode = 'Exclusive';
SELECT @result
2026-03-29 20:56:26.663 +05:30 [INF] Executed DbCommand (2ms) [Parameters=[], CommandType='"Text"', CommandTimeout='30']
IF OBJECT_ID(N'[__EFMigrationsHistory]') IS NULL
BEGIN
    CREATE TABLE [__EFMigrationsHistory] (
        [MigrationId] nvarchar(150) NOT NULL,
        [ProductVersion] nvarchar(32) NOT NULL,
        CONSTRAINT [PK___EFMigrationsHistory] PRIMARY KEY ([MigrationId])
    );
END;
2026-03-29 20:56:26.680 +05:30 [INF] Executed DbCommand (0ms) [Parameters=[], CommandType='"Text"', CommandTimeout='30']
SELECT 1
2026-03-29 20:56:26.685 +05:30 [INF] Executed DbCommand (1ms) [Parameters=[], CommandType='"Text"', CommandTimeout='30']
SELECT OBJECT_ID(N'[__EFMigrationsHistory]');
2026-03-29 20:56:26.705 +05:30 [INF] Executed DbCommand (14ms) [Parameters=[], CommandType='"Text"', CommandTimeout='30']
SELECT [MigrationId], [ProductVersion]
FROM [__EFMigrationsHistory]
ORDER BY [MigrationId];
2026-03-29 20:56:26.720 +05:30 [INF] No migrations were applied. The database is already up to date.
2026-03-29 20:56:26.725 +05:30 [INF] Executed DbCommand (2ms) [Parameters=[], CommandType='"Text"', CommandTimeout='30']
DECLARE @result int;
EXEC @result = sp_releaseapplock @Resource = '__EFMigrationsLock', @LockOwner = 'Session';
SELECT @result
2026-03-29 20:56:26.911 +05:30 [INF] User profile is available. Using 'C:\Users\Srikrishna\AppData\Local\ASP.NET\DataProtection-Keys' as key repository and Windows DPAPI to encrypt keys at rest.
2026-03-29 20:56:27.331 +05:30 [INF] Unable to bind to http://localhost:5040 on the IPv4 loopback interface: 'An attempt was made to access a socket in a way forbidden by its access permissions.'.
2026-03-29 20:56:27.337 +05:30 [INF] Now listening on: https://localhost:5041
2026-03-29 20:56:27.340 +05:30 [INF] Now listening on: http://localhost:5040
2026-03-29 20:56:27.544 +05:30 [INF] Application started. Press Ctrl+C to shut down.
2026-03-29 20:56:27.545 +05:30 [INF] Hosting environment: Development
2026-03-29 20:56:27.547 +05:30 [INF] Content root path: D:\DotNetCorePractise\MicroservicesAssesment\Services\OrderService\OrderService.API
2026-03-29 20:56:28.358 +05:30 [INF] Request starting HTTP/2 GET https://localhost:5041/ - null null
2026-03-29 20:56:28.736 +05:30 [INF] HTTP GET / responded 404 in 115.6186 ms
2026-03-29 20:56:28.749 +05:30 [INF] Request finished HTTP/2 GET https://localhost:5041/ - 404 null null 394.8882ms
2026-03-29 20:56:28.757 +05:30 [INF] Request reached the end of the middleware pipeline without being handled by application code. Request path: GET https://localhost:5041/, Response status code: 404
2026-03-29 21:19:06.315 +05:30 [INF] Executed DbCommand (26ms) [Parameters=[], CommandType='"Text"', CommandTimeout='30']
SELECT 1
2026-03-29 21:19:06.404 +05:30 [INF] Acquiring an exclusive lock for migration application. See https://aka.ms/efcore-docs-migrations-lock for more information if this takes too long.
2026-03-29 21:19:06.437 +05:30 [INF] Executed DbCommand (26ms) [Parameters=[], CommandType='"Text"', CommandTimeout='30']
DECLARE @result int;
EXEC @result = sp_getapplock @Resource = '__EFMigrationsLock', @LockOwner = 'Session', @LockMode = 'Exclusive';
SELECT @result
2026-03-29 21:19:06.573 +05:30 [INF] Executed DbCommand (14ms) [Parameters=[], CommandType='"Text"', CommandTimeout='30']
IF OBJECT_ID(N'[__EFMigrationsHistory]') IS NULL
BEGIN
    CREATE TABLE [__EFMigrationsHistory] (
        [MigrationId] nvarchar(150) NOT NULL,
        [ProductVersion] nvarchar(32) NOT NULL,
        CONSTRAINT [PK___EFMigrationsHistory] PRIMARY KEY ([MigrationId])
    );
END;
2026-03-29 21:19:06.590 +05:30 [INF] Executed DbCommand (0ms) [Parameters=[], CommandType='"Text"', CommandTimeout='30']
SELECT 1
2026-03-29 21:19:06.594 +05:30 [INF] Executed DbCommand (1ms) [Parameters=[], CommandType='"Text"', CommandTimeout='30']
SELECT OBJECT_ID(N'[__EFMigrationsHistory]');
2026-03-29 21:19:06.627 +05:30 [INF] Executed DbCommand (25ms) [Parameters=[], CommandType='"Text"', CommandTimeout='30']
SELECT [MigrationId], [ProductVersion]
FROM [__EFMigrationsHistory]
ORDER BY [MigrationId];
2026-03-29 21:19:06.645 +05:30 [INF] No migrations were applied. The database is already up to date.
2026-03-29 21:19:06.650 +05:30 [INF] Executed DbCommand (2ms) [Parameters=[], CommandType='"Text"', CommandTimeout='30']
DECLARE @result int;
EXEC @result = sp_releaseapplock @Resource = '__EFMigrationsLock', @LockOwner = 'Session';
SELECT @result
2026-03-29 21:19:06.901 +05:30 [INF] User profile is available. Using 'C:\Users\Srikrishna\AppData\Local\ASP.NET\DataProtection-Keys' as key repository and Windows DPAPI to encrypt keys at rest.
2026-03-29 21:19:07.395 +05:30 [INF] Unable to bind to http://localhost:5040 on the IPv4 loopback interface: 'An attempt was made to access a socket in a way forbidden by its access permissions.'.
2026-03-29 21:19:07.399 +05:30 [INF] Now listening on: https://localhost:5041
2026-03-29 21:19:07.401 +05:30 [INF] Now listening on: http://localhost:5040
2026-03-29 21:19:07.498 +05:30 [INF] Application started. Press Ctrl+C to shut down.
2026-03-29 21:19:07.499 +05:30 [INF] Hosting environment: Development
2026-03-29 21:19:07.501 +05:30 [INF] Content root path: D:\DotNetCorePractise\MicroservicesAssesment\Services\OrderService\OrderService.API
2026-03-29 21:19:08.276 +05:30 [INF] Request starting HTTP/2 GET https://localhost:5041/ - null null
2026-03-29 21:19:08.600 +05:30 [INF] HTTP GET / responded 404 in 120.4795 ms
2026-03-29 21:19:08.615 +05:30 [INF] Request finished HTTP/2 GET https://localhost:5041/ - 404 null null 340.9231ms
2026-03-29 21:19:08.623 +05:30 [INF] Request reached the end of the middleware pipeline without being handled by application code. Request path: GET https://localhost:5041/, Response status code: 404
