2026-03-30 11:18:21.366 +05:30 [INF] Executed DbCommand (38ms) [Parameters=[], CommandType='"Text"', CommandTimeout='30']
SELECT 1
2026-03-30 11:18:21.486 +05:30 [INF] Acquiring an exclusive lock for migration application. See https://aka.ms/efcore-docs-migrations-lock for more information if this takes too long.
2026-03-30 11:18:21.533 +05:30 [INF] Executed DbCommand (37ms) [Parameters=[], CommandType='"Text"', CommandTimeout='30']
DECLARE @result int;
EXEC @result = sp_getapplock @Resource = '__EFMigrationsLock', @LockOwner = 'Session', @LockMode = 'Exclusive';
SELECT @result
2026-03-30 11:18:21.713 +05:30 [INF] Executed DbCommand (3ms) [Parameters=[], CommandType='"Text"', CommandTimeout='30']
IF OBJECT_ID(N'[__EFMigrationsHistory]') IS NULL
BEGIN
    CREATE TABLE [__EFMigrationsHistory] (
        [MigrationId] nvarchar(150) NOT NULL,
        [ProductVersion] nvarchar(32) NOT NULL,
        CONSTRAINT [PK___EFMigrationsHistory] PRIMARY KEY ([MigrationId])
    );
END;
2026-03-30 11:18:21.740 +05:30 [INF] Executed DbCommand (1ms) [Parameters=[], CommandType='"Text"', CommandTimeout='30']
SELECT 1
2026-03-30 11:18:21.748 +05:30 [INF] Executed DbCommand (1ms) [Parameters=[], CommandType='"Text"', CommandTimeout='30']
SELECT OBJECT_ID(N'[__EFMigrationsHistory]');
2026-03-30 11:18:21.782 +05:30 [INF] Executed DbCommand (23ms) [Parameters=[], CommandType='"Text"', CommandTimeout='30']
SELECT [MigrationId], [ProductVersion]
FROM [__EFMigrationsHistory]
ORDER BY [MigrationId];
2026-03-30 11:18:21.804 +05:30 [INF] No migrations were applied. The database is already up to date.
2026-03-30 11:18:21.810 +05:30 [INF] Executed DbCommand (2ms) [Parameters=[], CommandType='"Text"', CommandTimeout='30']
DECLARE @result int;
EXEC @result = sp_releaseapplock @Resource = '__EFMigrationsLock', @LockOwner = 'Session';
SELECT @result
2026-03-30 11:18:22.146 +05:30 [INF] User profile is available. Using 'C:\Users\Srikrishna\AppData\Local\ASP.NET\DataProtection-Keys' as key repository and Windows DPAPI to encrypt keys at rest.
2026-03-30 11:18:22.683 +05:30 [INF] Unable to bind to http://localhost:5040 on the IPv4 loopback interface: 'An attempt was made to access a socket in a way forbidden by its access permissions.'.
2026-03-30 11:18:22.695 +05:30 [INF] Now listening on: https://localhost:5041
2026-03-30 11:18:22.699 +05:30 [INF] Now listening on: http://localhost:5040
2026-03-30 11:18:22.902 +05:30 [INF] Application started. Press Ctrl+C to shut down.
2026-03-30 11:18:22.904 +05:30 [INF] Hosting environment: Development
2026-03-30 11:18:22.907 +05:30 [INF] Content root path: D:\DotNetCorePractise\MicroservicesAssesment\Services\OrderService\OrderService.API
2026-03-30 11:18:26.624 +05:30 [INF] Request starting HTTP/2 GET https://localhost:5041/ - null null
2026-03-30 11:18:29.692 +05:30 [INF] HTTP GET / responded 404 in 2762.7056 ms
2026-03-30 11:18:29.706 +05:30 [INF] Request finished HTTP/2 GET https://localhost:5041/ - 404 null null 3087.5823ms
2026-03-30 11:18:29.715 +05:30 [INF] Request reached the end of the middleware pipeline without being handled by application code. Request path: GET https://localhost:5041/, Response status code: 404
2026-03-30 11:21:00.440 +05:30 [INF] Request starting HTTP/1.1 GET http://localhost:5040/swagger - null null
2026-03-30 11:21:00.471 +05:30 [INF] HTTP GET /swagger responded 301 in 2.3133 ms
2026-03-30 11:21:00.493 +05:30 [INF] Request finished HTTP/1.1 GET http://localhost:5040/swagger - 301 null null 52.9244ms
2026-03-30 11:21:00.499 +05:30 [INF] Request starting HTTP/1.1 GET http://localhost:5040/swagger/index.html - null null
2026-03-30 11:21:00.618 +05:30 [INF] HTTP GET /swagger/index.html responded 200 in 112.3303 ms
2026-03-30 11:21:00.622 +05:30 [INF] Request finished HTTP/1.1 GET http://localhost:5040/swagger/index.html - 200 null text/html;charset=utf-8 122.6334ms
2026-03-30 11:21:00.680 +05:30 [INF] Request starting HTTP/1.1 GET http://localhost:5040/swagger/index.css - null null
2026-03-30 11:21:00.682 +05:30 [INF] Request starting HTTP/1.1 GET http://localhost:5040/swagger/swagger-ui-bundle.js - null null
2026-03-30 11:21:00.682 +05:30 [INF] Request starting HTTP/1.1 GET http://localhost:5040/swagger/swagger-ui-standalone-preset.js - null null
2026-03-30 11:21:00.680 +05:30 [INF] Request starting HTTP/1.1 GET http://localhost:5040/swagger/swagger-ui.css - null null
2026-03-30 11:21:00.731 +05:30 [INF] Request starting HTTP/1.1 GET http://localhost:5040/_framework/aspnetcore-browser-refresh.js - null null
2026-03-30 11:21:00.731 +05:30 [INF] Request starting HTTP/1.1 GET http://localhost:5040/swagger/index.js - null null
2026-03-30 11:21:00.778 +05:30 [INF] HTTP GET /swagger/index.js responded 200 in 2.1308 ms
2026-03-30 11:21:00.778 +05:30 [INF] Request finished HTTP/1.1 GET http://localhost:5040/_framework/aspnetcore-browser-refresh.js - 200 14937 application/javascript; charset=utf-8 47.1063ms
2026-03-30 11:21:00.786 +05:30 [INF] HTTP GET /swagger/index.css responded 200 in 27.9604 ms
2026-03-30 11:21:00.786 +05:30 [INF] HTTP GET /swagger/swagger-ui.css responded 200 in 19.1686 ms
2026-03-30 11:21:00.786 +05:30 [INF] Request finished HTTP/1.1 GET http://localhost:5040/swagger/index.js - 200 null application/javascript;charset=utf-8 55.0481ms
2026-03-30 11:21:00.806 +05:30 [INF] HTTP GET /swagger/swagger-ui-standalone-preset.js responded 200 in 42.4779 ms
2026-03-30 11:21:00.808 +05:30 [INF] Request finished HTTP/1.1 GET http://localhost:5040/swagger/index.css - 200 152 text/css 127.7641ms
2026-03-30 11:21:00.811 +05:30 [INF] Request finished HTTP/1.1 GET http://localhost:5040/swagger/swagger-ui.css - 200 26479 text/css 130.0336ms
2026-03-30 11:21:00.818 +05:30 [INF] Request finished HTTP/1.1 GET http://localhost:5040/swagger/swagger-ui-standalone-preset.js - 200 76613 text/javascript 135.4684ms
2026-03-30 11:21:00.824 +05:30 [INF] HTTP GET /swagger/swagger-ui-bundle.js responded 200 in 63.4255 ms
2026-03-30 11:21:00.827 +05:30 [INF] Request starting HTTP/1.1 GET http://localhost:5040/_vs/browserLink - null null
2026-03-30 11:21:00.835 +05:30 [INF] Request finished HTTP/1.1 GET http://localhost:5040/swagger/swagger-ui-bundle.js - 200 418181 text/javascript 152.7412ms
2026-03-30 11:21:00.959 +05:30 [INF] Request finished HTTP/1.1 GET http://localhost:5040/_vs/browserLink - 200 null text/javascript; charset=UTF-8 132.3269ms
2026-03-30 11:21:01.056 +05:30 [INF] Request starting HTTP/1.1 GET http://localhost:5040/swagger/v1/swagger.json - null null
2026-03-30 11:21:01.076 +05:30 [INF] Request starting HTTP/1.1 GET http://localhost:5040/swagger/favicon-32x32.png - null null
2026-03-30 11:21:01.078 +05:30 [INF] HTTP GET /swagger/v1/swagger.json responded 200 in 18.4389 ms
2026-03-30 11:21:01.081 +05:30 [INF] Request finished HTTP/1.1 GET http://localhost:5040/swagger/v1/swagger.json - 200 null application/json;charset=utf-8 25.451ms
2026-03-30 11:21:01.085 +05:30 [INF] HTTP GET /swagger/favicon-32x32.png responded 200 in 4.7166 ms
2026-03-30 11:21:01.090 +05:30 [INF] Request finished HTTP/1.1 GET http://localhost:5040/swagger/favicon-32x32.png - 200 628 image/png 13.6603ms
2026-03-30 11:31:08.103 +05:30 [INF] Executed DbCommand (32ms) [Parameters=[], CommandType='"Text"', CommandTimeout='30']
SELECT 1
2026-03-30 11:31:08.202 +05:30 [INF] Acquiring an exclusive lock for migration application. See https://aka.ms/efcore-docs-migrations-lock for more information if this takes too long.
2026-03-30 11:31:08.238 +05:30 [INF] Executed DbCommand (28ms) [Parameters=[], CommandType='"Text"', CommandTimeout='30']
DECLARE @result int;
EXEC @result = sp_getapplock @Resource = '__EFMigrationsLock', @LockOwner = 'Session', @LockMode = 'Exclusive';
SELECT @result
2026-03-30 11:31:08.383 +05:30 [INF] Executed DbCommand (3ms) [Parameters=[], CommandType='"Text"', CommandTimeout='30']
IF OBJECT_ID(N'[__EFMigrationsHistory]') IS NULL
BEGIN
    CREATE TABLE [__EFMigrationsHistory] (
        [MigrationId] nvarchar(150) NOT NULL,
        [ProductVersion] nvarchar(32) NOT NULL,
        CONSTRAINT [PK___EFMigrationsHistory] PRIMARY KEY ([MigrationId])
    );
END;
2026-03-30 11:31:08.404 +05:30 [INF] Executed DbCommand (1ms) [Parameters=[], CommandType='"Text"', CommandTimeout='30']
SELECT 1
2026-03-30 11:31:08.410 +05:30 [INF] Executed DbCommand (1ms) [Parameters=[], CommandType='"Text"', CommandTimeout='30']
SELECT OBJECT_ID(N'[__EFMigrationsHistory]');
2026-03-30 11:31:08.444 +05:30 [INF] Executed DbCommand (24ms) [Parameters=[], CommandType='"Text"', CommandTimeout='30']
SELECT [MigrationId], [ProductVersion]
FROM [__EFMigrationsHistory]
ORDER BY [MigrationId];
2026-03-30 11:31:08.473 +05:30 [INF] No migrations were applied. The database is already up to date.
2026-03-30 11:31:08.483 +05:30 [INF] Executed DbCommand (3ms) [Parameters=[], CommandType='"Text"', CommandTimeout='30']
DECLARE @result int;
EXEC @result = sp_releaseapplock @Resource = '__EFMigrationsLock', @LockOwner = 'Session';
SELECT @result
2026-03-30 11:31:08.872 +05:30 [INF] User profile is available. Using 'C:\Users\Srikrishna\AppData\Local\ASP.NET\DataProtection-Keys' as key repository and Windows DPAPI to encrypt keys at rest.
2026-03-30 11:31:09.320 +05:30 [INF] Unable to bind to http://localhost:5040 on the IPv4 loopback interface: 'An attempt was made to access a socket in a way forbidden by its access permissions.'.
2026-03-30 11:31:09.326 +05:30 [INF] Now listening on: https://localhost:5041
2026-03-30 11:31:09.329 +05:30 [INF] Now listening on: http://localhost:5040
2026-03-30 11:31:09.803 +05:30 [INF] Application started. Press Ctrl+C to shut down.
2026-03-30 11:31:09.831 +05:30 [INF] Hosting environment: Development
2026-03-30 11:31:09.836 +05:30 [INF] Content root path: D:\DotNetCorePractise\MicroservicesAssesment\Services\OrderService\OrderService.API
2026-03-30 11:31:10.304 +05:30 [INF] Request starting HTTP/2 GET https://localhost:5041/ - null null
2026-03-30 11:31:10.596 +05:30 [INF] HTTP GET / responded 404 in 95.2946 ms
2026-03-30 11:31:10.613 +05:30 [INF] Request finished HTTP/2 GET https://localhost:5041/ - 404 null null 312.2771ms
2026-03-30 11:31:10.623 +05:30 [INF] Request reached the end of the middleware pipeline without being handled by application code. Request path: GET https://localhost:5041/, Response status code: 404
2026-03-30 11:43:12.098 +05:30 [INF] Request starting HTTP/1.1 GET http://localhost:5040/api/v1/orders - null null
2026-03-30 11:43:12.267 +05:30 [INF] Executing endpoint 'OrderService.API.Controllers.OrderController.GetAll (OrderService.API)'
2026-03-30 11:43:12.290 +05:30 [INF] Route matched with {action = "GetAll", controller = "Order"}. Executing controller action with signature System.Threading.Tasks.Task`1[Microsoft.AspNetCore.Mvc.IActionResult] GetAll() on controller OrderService.API.Controllers.OrderController (OrderService.API).
2026-03-30 11:43:12.431 +05:30 [WRN] You do not have a valid license key for the Lucky Penny software AutoMapper. This is allowed for development and testing scenarios. If you are running in production you are required to have a licensed version. Please visit https://luckypennysoftware.com to obtain a valid license.
2026-03-30 11:43:13.093 +05:30 [INF] Executed DbCommand (51ms) [Parameters=[], CommandType='"Text"', CommandTimeout='30']
SELECT [o].[Id], [o].[BillingAddress], [o].[BillingCity], [o].[BillingPinCode], [o].[BillingState], [o].[CreatedAt], [o].[CreatedBy], [o].[CustomerEmail], [o].[CustomerName], [o].[CustomerPhone], [o].[InvoiceUrl], [o].[PaymentId], [o].[Status], [o].[TotalAmount], [o].[TrackingId], [o].[UpdatedAt], [o].[UpdatedBy], [o].[UserId], [o0].[Id], [o0].[OrderId], [o0].[ProductId], [o0].[ProductName], [o0].[Quantity], [o0].[UnitPrice]
FROM [Orders] AS [o]
LEFT JOIN [OrderItems] AS [o0] ON [o].[Id] = [o0].[OrderId]
ORDER BY [o].[CreatedAt] DESC, [o].[Id]
2026-03-30 11:43:13.286 +05:30 [INF] Executing OkObjectResult, writing value of type '<>f__AnonymousType0`2[[System.Boolean, System.Private.CoreLib, Version=10.0.0.0, Culture=neutral, PublicKeyToken=7cec85d7bea7798e],[System.Collections.Generic.IEnumerable`1[[OrderService.Application.DTOs.OrderDto, OrderService.Application, Version=1.0.0.0, Culture=neutral, PublicKeyToken=null]], System.Private.CoreLib, Version=10.0.0.0, Culture=neutral, PublicKeyToken=7cec85d7bea7798e]]'.
2026-03-30 11:43:13.333 +05:30 [INF] Executed action OrderService.API.Controllers.OrderController.GetAll (OrderService.API) in 1036.6074ms
2026-03-30 11:43:13.335 +05:30 [INF] Executed endpoint 'OrderService.API.Controllers.OrderController.GetAll (OrderService.API)'
2026-03-30 11:43:13.339 +05:30 [INF] HTTP GET /api/v1/orders responded 200 in 1234.9339 ms
2026-03-30 11:43:13.346 +05:30 [INF] Request finished HTTP/1.1 GET http://localhost:5040/api/v1/orders - 200 null application/json; charset=utf-8 1248.4932ms
2026-03-30 14:39:08.668 +05:30 [INF] Executed DbCommand (1,047ms) [Parameters=[], CommandType='"Text"', CommandTimeout='60']
CREATE DATABASE [ECommerceMSOrderDb];
2026-03-30 14:39:09.265 +05:30 [INF] Executed DbCommand (545ms) [Parameters=[], CommandType='"Text"', CommandTimeout='60']
IF SERVERPROPERTY('EngineEdition') <> 5
BEGIN
    ALTER DATABASE [ECommerceMSOrderDb] SET READ_COMMITTED_SNAPSHOT ON;
END;
2026-03-30 14:39:09.319 +05:30 [INF] Executed DbCommand (7ms) [Parameters=[], CommandType='"Text"', CommandTimeout='30']
SELECT 1
2026-03-30 14:39:09.326 +05:30 [INF] Acquiring an exclusive lock for migration application. See https://aka.ms/efcore-docs-migrations-lock for more information if this takes too long.
2026-03-30 14:39:09.379 +05:30 [INF] Executed DbCommand (48ms) [Parameters=[], CommandType='"Text"', CommandTimeout='30']
DECLARE @result int;
EXEC @result = sp_getapplock @Resource = '__EFMigrationsLock', @LockOwner = 'Session', @LockMode = 'Exclusive';
SELECT @result
2026-03-30 14:39:09.476 +05:30 [INF] Executed DbCommand (17ms) [Parameters=[], CommandType='"Text"', CommandTimeout='30']
IF OBJECT_ID(N'[__EFMigrationsHistory]') IS NULL
BEGIN
    CREATE TABLE [__EFMigrationsHistory] (
        [MigrationId] nvarchar(150) NOT NULL,
        [ProductVersion] nvarchar(32) NOT NULL,
        CONSTRAINT [PK___EFMigrationsHistory] PRIMARY KEY ([MigrationId])
    );
END;
2026-03-30 14:39:09.492 +05:30 [INF] Executed DbCommand (1ms) [Parameters=[], CommandType='"Text"', CommandTimeout='30']
SELECT 1
2026-03-30 14:39:09.495 +05:30 [INF] Executed DbCommand (1ms) [Parameters=[], CommandType='"Text"', CommandTimeout='30']
SELECT OBJECT_ID(N'[__EFMigrationsHistory]');
2026-03-30 14:39:09.560 +05:30 [INF] Executed DbCommand (59ms) [Parameters=[], CommandType='"Text"', CommandTimeout='30']
SELECT [MigrationId], [ProductVersion]
FROM [__EFMigrationsHistory]
ORDER BY [MigrationId];
2026-03-30 14:39:09.596 +05:30 [INF] Applying migration '20260330090837_inialCreate'.
2026-03-30 14:39:09.702 +05:30 [INF] Executed DbCommand (22ms) [Parameters=[], CommandType='"Text"', CommandTimeout='30']
CREATE TABLE [Orders] (
    [Id] uniqueidentifier NOT NULL,
    [UserId] nvarchar(max) NOT NULL,
    [CustomerName] nvarchar(max) NOT NULL,
    [CustomerEmail] nvarchar(max) NOT NULL,
    [CustomerPhone] nvarchar(max) NOT NULL,
    [BillingAddress] nvarchar(max) NOT NULL,
    [BillingCity] nvarchar(max) NOT NULL,
    [BillingState] nvarchar(max) NOT NULL,
    [BillingPinCode] nvarchar(max) NOT NULL,
    [TrackingId] nvarchar(50) NOT NULL,
    [Status] int NOT NULL,
    [TotalAmount] decimal(18,2) NOT NULL,
    [InvoiceUrl] nvarchar(max) NULL,
    [PaymentId] nvarchar(max) NULL,
    [CreatedAt] datetime2 NOT NULL,
    [UpdatedAt] datetime2 NULL,
    [CreatedBy] nvarchar(max) NULL,
    [UpdatedBy] nvarchar(max) NULL,
    CONSTRAINT [PK_Orders] PRIMARY KEY ([Id])
);
2026-03-30 14:39:09.707 +05:30 [INF] Executed DbCommand (5ms) [Parameters=[], CommandType='"Text"', CommandTimeout='30']
CREATE TABLE [OrderItems] (
    [Id] uniqueidentifier NOT NULL,
    [OrderId] uniqueidentifier NOT NULL,
    [ProductId] uniqueidentifier NOT NULL,
    [ProductName] nvarchar(max) NOT NULL,
    [UnitPrice] decimal(18,2) NOT NULL,
    [Quantity] int NOT NULL,
    CONSTRAINT [PK_OrderItems] PRIMARY KEY ([Id]),
    CONSTRAINT [FK_OrderItems_Orders_OrderId] FOREIGN KEY ([OrderId]) REFERENCES [Orders] ([Id]) ON DELETE CASCADE
);
2026-03-30 14:39:09.711 +05:30 [INF] Executed DbCommand (3ms) [Parameters=[], CommandType='"Text"', CommandTimeout='30']
CREATE INDEX [IX_OrderItems_OrderId] ON [OrderItems] ([OrderId]);
2026-03-30 14:39:09.713 +05:30 [INF] Executed DbCommand (2ms) [Parameters=[], CommandType='"Text"', CommandTimeout='30']
CREATE UNIQUE INDEX [IX_Orders_TrackingId] ON [Orders] ([TrackingId]);
2026-03-30 14:39:09.740 +05:30 [INF] Executed DbCommand (26ms) [Parameters=[], CommandType='"Text"', CommandTimeout='30']
INSERT INTO [__EFMigrationsHistory] ([MigrationId], [ProductVersion])
VALUES (N'20260330090837_inialCreate', N'10.0.5');
2026-03-30 14:39:09.794 +05:30 [INF] Executed DbCommand (50ms) [Parameters=[], CommandType='"Text"', CommandTimeout='30']
DECLARE @result int;
EXEC @result = sp_releaseapplock @Resource = '__EFMigrationsLock', @LockOwner = 'Session';
SELECT @result
2026-03-30 14:44:07.884 +05:30 [INF] Executed DbCommand (51ms) [Parameters=[], CommandType='"Text"', CommandTimeout='30']
SELECT 1
2026-03-30 14:44:08.037 +05:30 [INF] Acquiring an exclusive lock for migration application. See https://aka.ms/efcore-docs-migrations-lock for more information if this takes too long.
2026-03-30 14:44:08.295 +05:30 [INF] Executed DbCommand (240ms) [Parameters=[], CommandType='"Text"', CommandTimeout='30']
DECLARE @result int;
EXEC @result = sp_getapplock @Resource = '__EFMigrationsLock', @LockOwner = 'Session', @LockMode = 'Exclusive';
SELECT @result
2026-03-30 14:44:08.524 +05:30 [INF] Executed DbCommand (45ms) [Parameters=[], CommandType='"Text"', CommandTimeout='30']
IF OBJECT_ID(N'[__EFMigrationsHistory]') IS NULL
BEGIN
    CREATE TABLE [__EFMigrationsHistory] (
        [MigrationId] nvarchar(150) NOT NULL,
        [ProductVersion] nvarchar(32) NOT NULL,
        CONSTRAINT [PK___EFMigrationsHistory] PRIMARY KEY ([MigrationId])
    );
END;
2026-03-30 14:44:08.605 +05:30 [INF] Executed DbCommand (13ms) [Parameters=[], CommandType='"Text"', CommandTimeout='30']
SELECT 1
2026-03-30 14:44:08.695 +05:30 [INF] Executed DbCommand (6ms) [Parameters=[], CommandType='"Text"', CommandTimeout='30']
SELECT OBJECT_ID(N'[__EFMigrationsHistory]');
2026-03-30 14:44:09.155 +05:30 [INF] Executed DbCommand (363ms) [Parameters=[], CommandType='"Text"', CommandTimeout='30']
SELECT [MigrationId], [ProductVersion]
FROM [__EFMigrationsHistory]
ORDER BY [MigrationId];
2026-03-30 14:44:09.216 +05:30 [INF] No migrations were applied. The database is already up to date.
2026-03-30 14:44:09.321 +05:30 [INF] Executed DbCommand (34ms) [Parameters=[], CommandType='"Text"', CommandTimeout='30']
DECLARE @result int;
EXEC @result = sp_releaseapplock @Resource = '__EFMigrationsLock', @LockOwner = 'Session';
SELECT @result
2026-03-30 14:44:09.705 +05:30 [INF] User profile is available. Using 'C:\Users\Satvik\AppData\Local\ASP.NET\DataProtection-Keys' as key repository and Windows DPAPI to encrypt keys at rest.
2026-03-30 14:44:11.852 +05:30 [INF] Unable to bind to http://localhost:5040 on the IPv4 loopback interface: 'An attempt was made to access a socket in a way forbidden by its access permissions.'.
2026-03-30 14:44:12.501 +05:30 [INF] Now listening on: https://localhost:5041
2026-03-30 14:44:12.595 +05:30 [INF] Now listening on: http://localhost:5040
2026-03-30 14:44:12.751 +05:30 [INF] Request starting HTTP/2 GET https://localhost:5041/ - null null
2026-03-30 14:44:13.068 +05:30 [INF] Application started. Press Ctrl+C to shut down.
2026-03-30 14:44:13.603 +05:30 [INF] Hosting environment: Development
2026-03-30 14:44:13.880 +05:30 [INF] Content root path: C:\Users\Satvik\Downloads\MicroservicesAssesment\MicroservicesAssesment\Services\OrderService\OrderService.API
2026-03-30 14:44:19.440 +05:30 [INF] HTTP GET / responded 404 in 5032.6743 ms
2026-03-30 14:44:21.566 +05:30 [INF] Request finished HTTP/2 GET https://localhost:5041/ - 404 null null 8823.0359ms
2026-03-30 14:44:22.282 +05:30 [INF] Request reached the end of the middleware pipeline without being handled by application code. Request path: GET https://localhost:5041/, Response status code: 404
2026-03-30 14:50:17.213 +05:30 [INF] Executed DbCommand (109ms) [Parameters=[], CommandType='"Text"', CommandTimeout='30']
SELECT 1
2026-03-30 14:50:17.596 +05:30 [INF] Acquiring an exclusive lock for migration application. See https://aka.ms/efcore-docs-migrations-lock for more information if this takes too long.
2026-03-30 14:50:17.683 +05:30 [INF] Executed DbCommand (63ms) [Parameters=[], CommandType='"Text"', CommandTimeout='30']
DECLARE @result int;
EXEC @result = sp_getapplock @Resource = '__EFMigrationsLock', @LockOwner = 'Session', @LockMode = 'Exclusive';
SELECT @result
2026-03-30 14:50:18.171 +05:30 [INF] Executed DbCommand (14ms) [Parameters=[], CommandType='"Text"', CommandTimeout='30']
IF OBJECT_ID(N'[__EFMigrationsHistory]') IS NULL
BEGIN
    CREATE TABLE [__EFMigrationsHistory] (
        [MigrationId] nvarchar(150) NOT NULL,
        [ProductVersion] nvarchar(32) NOT NULL,
        CONSTRAINT [PK___EFMigrationsHistory] PRIMARY KEY ([MigrationId])
    );
END;
2026-03-30 14:50:18.667 +05:30 [INF] Executed DbCommand (8ms) [Parameters=[], CommandType='"Text"', CommandTimeout='30']
SELECT 1
2026-03-30 14:50:18.912 +05:30 [INF] Executed DbCommand (159ms) [Parameters=[], CommandType='"Text"', CommandTimeout='30']
SELECT OBJECT_ID(N'[__EFMigrationsHistory]');
2026-03-30 14:50:19.136 +05:30 [INF] Executed DbCommand (65ms) [Parameters=[], CommandType='"Text"', CommandTimeout='30']
SELECT [MigrationId], [ProductVersion]
FROM [__EFMigrationsHistory]
ORDER BY [MigrationId];
2026-03-30 14:50:19.373 +05:30 [INF] No migrations were applied. The database is already up to date.
2026-03-30 14:50:19.517 +05:30 [INF] Executed DbCommand (12ms) [Parameters=[], CommandType='"Text"', CommandTimeout='30']
DECLARE @result int;
EXEC @result = sp_releaseapplock @Resource = '__EFMigrationsLock', @LockOwner = 'Session';
SELECT @result
2026-03-30 14:50:20.357 +05:30 [INF] User profile is available. Using 'C:\Users\Satvik\AppData\Local\ASP.NET\DataProtection-Keys' as key repository and Windows DPAPI to encrypt keys at rest.
2026-03-30 14:50:22.326 +05:30 [INF] Unable to bind to http://localhost:5040 on the IPv4 loopback interface: 'An attempt was made to access a socket in a way forbidden by its access permissions.'.
2026-03-30 14:50:22.680 +05:30 [INF] Now listening on: https://localhost:5041
2026-03-30 14:50:22.935 +05:30 [INF] Now listening on: http://localhost:5040
2026-03-30 14:50:23.278 +05:30 [INF] Request starting HTTP/2 GET https://localhost:5041/ - null null
2026-03-30 14:50:23.430 +05:30 [INF] Application started. Press Ctrl+C to shut down.
2026-03-30 14:50:23.678 +05:30 [INF] Hosting environment: Development
2026-03-30 14:50:23.740 +05:30 [INF] Content root path: C:\Users\Satvik\Downloads\MicroservicesAssesment\MicroservicesAssesment\Services\OrderService\OrderService.API
2026-03-30 14:50:24.753 +05:30 [INF] HTTP GET / responded 404 in 335.6126 ms
2026-03-30 14:50:24.809 +05:30 [INF] Request finished HTTP/2 GET https://localhost:5041/ - 404 null null 1542.5339ms
2026-03-30 14:50:24.848 +05:30 [INF] Request reached the end of the middleware pipeline without being handled by application code. Request path: GET https://localhost:5041/, Response status code: 404
2026-03-30 15:11:31.472 +05:30 [INF] Request starting HTTP/1.1 GET http://localhost:5040/swagger - null null
2026-03-30 15:11:31.578 +05:30 [INF] HTTP GET /swagger responded 301 in 12.2783 ms
2026-03-30 15:11:31.611 +05:30 [INF] Request finished HTTP/1.1 GET http://localhost:5040/swagger - 301 null null 141.3376ms
2026-03-30 15:11:31.642 +05:30 [INF] Request starting HTTP/1.1 GET http://localhost:5040/swagger/index.html - null null
2026-03-30 15:11:31.929 +05:30 [INF] HTTP GET /swagger/index.html responded 200 in 259.1736 ms
2026-03-30 15:11:31.943 +05:30 [INF] Request finished HTTP/1.1 GET http://localhost:5040/swagger/index.html - 200 null text/html;charset=utf-8 300.523ms
2026-03-30 15:11:32.003 +05:30 [INF] Request starting HTTP/1.1 GET http://localhost:5040/swagger/swagger-ui.css - null null
2026-03-30 15:11:32.019 +05:30 [INF] Request starting HTTP/1.1 GET http://localhost:5040/swagger/swagger-ui-bundle.js - null null
2026-03-30 15:11:32.020 +05:30 [INF] Request starting HTTP/1.1 GET http://localhost:5040/swagger/index.js - null null
2026-03-30 15:11:32.005 +05:30 [INF] Request starting HTTP/1.1 GET http://localhost:5040/swagger/index.css - null null
2026-03-30 15:11:32.073 +05:30 [INF] HTTP GET /swagger/index.js responded 200 in 5.2008 ms
2026-03-30 15:11:32.024 +05:30 [INF] Request starting HTTP/1.1 GET http://localhost:5040/swagger/swagger-ui-standalone-preset.js - null null
2026-03-30 15:11:32.122 +05:30 [INF] Request finished HTTP/1.1 GET http://localhost:5040/swagger/index.js - 200 null application/javascript;charset=utf-8 101.4518ms
2026-03-30 15:11:32.121 +05:30 [INF] HTTP GET /swagger/swagger-ui.css responded 200 in 83.6031 ms
2026-03-30 15:11:32.120 +05:30 [INF] HTTP GET /swagger/index.css responded 200 in 5.2150 ms
2026-03-30 15:11:32.030 +05:30 [INF] Request starting HTTP/1.1 GET http://localhost:5040/_framework/aspnetcore-browser-refresh.js - null null
2026-03-30 15:11:32.274 +05:30 [INF] Request finished HTTP/1.1 GET http://localhost:5040/swagger/swagger-ui.css - 200 26479 text/css 270.1795ms
2026-03-30 15:11:32.278 +05:30 [INF] HTTP GET /swagger/swagger-ui-standalone-preset.js responded 200 in 109.2660 ms
2026-03-30 15:11:32.278 +05:30 [INF] HTTP GET /swagger/swagger-ui-bundle.js responded 200 in 230.1145 ms
2026-03-30 15:11:32.280 +05:30 [INF] Request finished HTTP/1.1 GET http://localhost:5040/swagger/index.css - 200 152 text/css 275.0765ms
2026-03-30 15:11:32.327 +05:30 [INF] Request finished HTTP/1.1 GET http://localhost:5040/_framework/aspnetcore-browser-refresh.js - 200 14937 application/javascript; charset=utf-8 296.8737ms
2026-03-30 15:11:32.329 +05:30 [INF] Request finished HTTP/1.1 GET http://localhost:5040/swagger/swagger-ui-standalone-preset.js - 200 76613 text/javascript 307.3488ms
2026-03-30 15:11:32.330 +05:30 [INF] Request finished HTTP/1.1 GET http://localhost:5040/swagger/swagger-ui-bundle.js - 200 418181 text/javascript 311.2641ms
2026-03-30 15:11:32.343 +05:30 [INF] Request starting HTTP/1.1 GET http://localhost:5040/_vs/browserLink - null null
2026-03-30 15:11:32.482 +05:30 [INF] Request finished HTTP/1.1 GET http://localhost:5040/_vs/browserLink - 200 null text/javascript; charset=UTF-8 138.7607ms
2026-03-30 15:11:32.625 +05:30 [INF] Request starting HTTP/1.1 GET http://localhost:5040/swagger/v1/swagger.json - null null
2026-03-30 15:11:32.670 +05:30 [INF] Request starting HTTP/1.1 GET http://localhost:5040/swagger/favicon-32x32.png - null null
2026-03-30 15:11:32.695 +05:30 [INF] HTTP GET /swagger/favicon-32x32.png responded 200 in 10.5581 ms
2026-03-30 15:11:32.725 +05:30 [INF] Request finished HTTP/1.1 GET http://localhost:5040/swagger/favicon-32x32.png - 200 628 image/png 54.8586ms
2026-03-30 15:11:32.729 +05:30 [INF] HTTP GET /swagger/v1/swagger.json responded 200 in 92.5480 ms
2026-03-30 15:11:32.743 +05:30 [INF] Request finished HTTP/1.1 GET http://localhost:5040/swagger/v1/swagger.json - 200 null application/json;charset=utf-8 118.2065ms
2026-03-30 15:11:41.483 +05:30 [INF] Request starting HTTP/1.1 GET http://localhost:5040/api/v1/orders/my - null null
2026-03-30 15:11:41.544 +05:30 [INF] Authorization failed. These requirements were not met:
DenyAnonymousAuthorizationRequirement: Requires an authenticated user.
2026-03-30 15:11:41.567 +05:30 [INF] AuthenticationScheme: Bearer was challenged.
2026-03-30 15:11:41.579 +05:30 [INF] HTTP GET /api/v1/orders/my responded 401 in 63.6422 ms
2026-03-30 15:11:41.587 +05:30 [INF] Request finished HTTP/1.1 GET http://localhost:5040/api/v1/orders/my - 401 0 null 103.7746ms
2026-03-30 15:12:03.358 +05:30 [INF] Request starting HTTP/1.1 GET http://localhost:5040/api/v1/orders/my - null null
2026-03-30 15:12:03.839 +05:30 [INF] Failed to validate the token.
Microsoft.IdentityModel.Tokens.SecurityTokenSignatureKeyNotFoundException: IDX10517: Signature validation failed. The token's kid is missing. Keys tried: 'Microsoft.IdentityModel.Tokens.SymmetricSecurityKey, KeyId: '', InternalId: '_8baCqeTu3OmEX6RE-NqGW6_LGya5Htjzz-S9sKCJWU'. , KeyId: 
'.
Number of keys in TokenValidationParameters: '1'. 
Number of keys in Configuration: '0'.
Exceptions caught:
 '[PII of type 'System.Text.StringBuilder' is hidden. For more details, see https://aka.ms/IdentityModel/PII.]'.
token: '[PII of type 'Microsoft.IdentityModel.JsonWebTokens.JsonWebToken' is hidden. For more details, see https://aka.ms/IdentityModel/PII.]'. See https://aka.ms/IDX10503 for details.
   at Microsoft.IdentityModel.JsonWebTokens.JsonWebTokenHandler.ValidateSignature(JsonWebToken jwtToken, TokenValidationParameters validationParameters, BaseConfiguration configuration)
   at Microsoft.IdentityModel.JsonWebTokens.JsonWebTokenHandler.ValidateSignatureAndIssuerSecurityKey(JsonWebToken jsonWebToken, TokenValidationParameters validationParameters, BaseConfiguration configuration)
   at Microsoft.IdentityModel.JsonWebTokens.JsonWebTokenHandler.ValidateJWSAsync(JsonWebToken jsonWebToken, TokenValidationParameters validationParameters, BaseConfiguration configuration)
2026-03-30 15:12:03.859 +05:30 [INF] Bearer was not authenticated. Failure message: IDX10517: Signature validation failed. The token's kid is missing. Keys tried: 'Microsoft.IdentityModel.Tokens.SymmetricSecurityKey, KeyId: '', InternalId: '_8baCqeTu3OmEX6RE-NqGW6_LGya5Htjzz-S9sKCJWU'. , KeyId: 
'.
Number of keys in TokenValidationParameters: '1'. 
Number of keys in Configuration: '0'.
Exceptions caught:
 '[PII of type 'System.Text.StringBuilder' is hidden. For more details, see https://aka.ms/IdentityModel/PII.]'.
token: '[PII of type 'Microsoft.IdentityModel.JsonWebTokens.JsonWebToken' is hidden. For more details, see https://aka.ms/IdentityModel/PII.]'. See https://aka.ms/IDX10503 for details.
2026-03-30 15:12:03.863 +05:30 [INF] Authorization failed. These requirements were not met:
DenyAnonymousAuthorizationRequirement: Requires an authenticated user.
2026-03-30 15:12:03.870 +05:30 [INF] AuthenticationScheme: Bearer was challenged.
2026-03-30 15:12:03.872 +05:30 [INF] HTTP GET /api/v1/orders/my responded 401 in 504.4699 ms
2026-03-30 15:12:03.876 +05:30 [INF] Request finished HTTP/1.1 GET http://localhost:5040/api/v1/orders/my - 401 0 null 518.4333ms
2026-03-30 15:14:21.813 +05:30 [INF] Request starting HTTP/1.1 GET http://localhost:5040/api/v1/orders - null null
2026-03-30 15:14:21.837 +05:30 [INF] Failed to validate the token.
Microsoft.IdentityModel.Tokens.SecurityTokenSignatureKeyNotFoundException: IDX10517: Signature validation failed. The token's kid is missing. Keys tried: 'Microsoft.IdentityModel.Tokens.SymmetricSecurityKey, KeyId: '', InternalId: '_8baCqeTu3OmEX6RE-NqGW6_LGya5Htjzz-S9sKCJWU'. , KeyId: 
'.
Number of keys in TokenValidationParameters: '1'. 
Number of keys in Configuration: '0'.
Exceptions caught:
 '[PII of type 'System.Text.StringBuilder' is hidden. For more details, see https://aka.ms/IdentityModel/PII.]'.
token: '[PII of type 'Microsoft.IdentityModel.JsonWebTokens.JsonWebToken' is hidden. For more details, see https://aka.ms/IdentityModel/PII.]'. See https://aka.ms/IDX10503 for details.
   at Microsoft.IdentityModel.JsonWebTokens.JsonWebTokenHandler.ValidateSignature(JsonWebToken jwtToken, TokenValidationParameters validationParameters, BaseConfiguration configuration)
   at Microsoft.IdentityModel.JsonWebTokens.JsonWebTokenHandler.ValidateSignatureAndIssuerSecurityKey(JsonWebToken jsonWebToken, TokenValidationParameters validationParameters, BaseConfiguration configuration)
   at Microsoft.IdentityModel.JsonWebTokens.JsonWebTokenHandler.ValidateJWSAsync(JsonWebToken jsonWebToken, TokenValidationParameters validationParameters, BaseConfiguration configuration)
2026-03-30 15:14:21.862 +05:30 [INF] Bearer was not authenticated. Failure message: IDX10517: Signature validation failed. The token's kid is missing. Keys tried: 'Microsoft.IdentityModel.Tokens.SymmetricSecurityKey, KeyId: '', InternalId: '_8baCqeTu3OmEX6RE-NqGW6_LGya5Htjzz-S9sKCJWU'. , KeyId: 
'.
Number of keys in TokenValidationParameters: '1'. 
Number of keys in Configuration: '0'.
Exceptions caught:
 '[PII of type 'System.Text.StringBuilder' is hidden. For more details, see https://aka.ms/IdentityModel/PII.]'.
token: '[PII of type 'Microsoft.IdentityModel.JsonWebTokens.JsonWebToken' is hidden. For more details, see https://aka.ms/IdentityModel/PII.]'. See https://aka.ms/IDX10503 for details.
2026-03-30 15:14:21.879 +05:30 [INF] Authorization failed. These requirements were not met:
DenyAnonymousAuthorizationRequirement: Requires an authenticated user.
RolesAuthorizationRequirement:User.IsInRole must be true for one of the following roles: (Admin|StoreManager)
2026-03-30 15:14:21.888 +05:30 [INF] AuthenticationScheme: Bearer was challenged.
2026-03-30 15:14:21.893 +05:30 [INF] HTTP GET /api/v1/orders responded 401 in 62.6122 ms
2026-03-30 15:14:21.898 +05:30 [INF] Request finished HTTP/1.1 GET http://localhost:5040/api/v1/orders - 401 0 null 85.2135ms
2026-03-30 15:14:25.549 +05:30 [INF] Request starting HTTP/1.1 GET http://localhost:5040/api/v1/orders - null null
2026-03-30 15:14:25.564 +05:30 [INF] Failed to validate the token.
Microsoft.IdentityModel.Tokens.SecurityTokenSignatureKeyNotFoundException: IDX10517: Signature validation failed. The token's kid is missing. Keys tried: 'Microsoft.IdentityModel.Tokens.SymmetricSecurityKey, KeyId: '', InternalId: '_8baCqeTu3OmEX6RE-NqGW6_LGya5Htjzz-S9sKCJWU'. , KeyId: 
'.
Number of keys in TokenValidationParameters: '1'. 
Number of keys in Configuration: '0'.
Exceptions caught:
 '[PII of type 'System.Text.StringBuilder' is hidden. For more details, see https://aka.ms/IdentityModel/PII.]'.
token: '[PII of type 'Microsoft.IdentityModel.JsonWebTokens.JsonWebToken' is hidden. For more details, see https://aka.ms/IdentityModel/PII.]'. See https://aka.ms/IDX10503 for details.
   at Microsoft.IdentityModel.JsonWebTokens.JsonWebTokenHandler.ValidateSignature(JsonWebToken jwtToken, TokenValidationParameters validationParameters, BaseConfiguration configuration)
   at Microsoft.IdentityModel.JsonWebTokens.JsonWebTokenHandler.ValidateSignatureAndIssuerSecurityKey(JsonWebToken jsonWebToken, TokenValidationParameters validationParameters, BaseConfiguration configuration)
   at Microsoft.IdentityModel.JsonWebTokens.JsonWebTokenHandler.ValidateJWSAsync(JsonWebToken jsonWebToken, TokenValidationParameters validationParameters, BaseConfiguration configuration)
2026-03-30 15:14:25.575 +05:30 [INF] Bearer was not authenticated. Failure message: IDX10517: Signature validation failed. The token's kid is missing. Keys tried: 'Microsoft.IdentityModel.Tokens.SymmetricSecurityKey, KeyId: '', InternalId: '_8baCqeTu3OmEX6RE-NqGW6_LGya5Htjzz-S9sKCJWU'. , KeyId: 
'.
Number of keys in TokenValidationParameters: '1'. 
Number of keys in Configuration: '0'.
Exceptions caught:
 '[PII of type 'System.Text.StringBuilder' is hidden. For more details, see https://aka.ms/IdentityModel/PII.]'.
token: '[PII of type 'Microsoft.IdentityModel.JsonWebTokens.JsonWebToken' is hidden. For more details, see https://aka.ms/IdentityModel/PII.]'. See https://aka.ms/IDX10503 for details.
2026-03-30 15:14:25.580 +05:30 [INF] Authorization failed. These requirements were not met:
DenyAnonymousAuthorizationRequirement: Requires an authenticated user.
RolesAuthorizationRequirement:User.IsInRole must be true for one of the following roles: (Admin|StoreManager)
2026-03-30 15:14:25.583 +05:30 [INF] AuthenticationScheme: Bearer was challenged.
2026-03-30 15:14:25.591 +05:30 [INF] HTTP GET /api/v1/orders responded 401 in 29.6980 ms
2026-03-30 15:14:25.598 +05:30 [INF] Request finished HTTP/1.1 GET http://localhost:5040/api/v1/orders - 401 0 null 49.9028ms
2026-03-30 16:01:45.646 +05:30 [INF] Request starting HTTP/1.1 GET http://localhost:5040/swagger/index.html - null null
2026-03-30 16:01:45.751 +05:30 [INF] HTTP GET /swagger/index.html responded 304 in 15.6844 ms
2026-03-30 16:01:45.758 +05:30 [INF] Request finished HTTP/1.1 GET http://localhost:5040/swagger/index.html - 304 null null 113.2709ms
2026-03-30 16:01:46.333 +05:30 [INF] Request starting HTTP/1.1 GET http://localhost:5040/swagger/swagger-ui.css - null null
2026-03-30 16:01:46.344 +05:30 [INF] HTTP GET /swagger/swagger-ui.css responded 304 in 1.9526 ms
2026-03-30 16:01:46.352 +05:30 [INF] Request finished HTTP/1.1 GET http://localhost:5040/swagger/swagger-ui.css - 304 null null 18.9076ms
2026-03-30 16:01:46.415 +05:30 [INF] Request starting HTTP/1.1 GET http://localhost:5040/swagger/index.css - null null
2026-03-30 16:01:46.424 +05:30 [INF] HTTP GET /swagger/index.css responded 304 in 0.2017 ms
2026-03-30 16:01:46.431 +05:30 [INF] Request finished HTTP/1.1 GET http://localhost:5040/swagger/index.css - 304 null null 15.6257ms
2026-03-30 16:01:46.475 +05:30 [INF] Request starting HTTP/1.1 GET http://localhost:5040/swagger/swagger-ui-bundle.js - null null
2026-03-30 16:01:46.484 +05:30 [INF] HTTP GET /swagger/swagger-ui-bundle.js responded 304 in 0.1312 ms
2026-03-30 16:01:46.489 +05:30 [INF] Request finished HTTP/1.1 GET http://localhost:5040/swagger/swagger-ui-bundle.js - 304 null null 14.356ms
2026-03-30 16:01:46.556 +05:30 [INF] Request starting HTTP/1.1 GET http://localhost:5040/swagger/swagger-ui-standalone-preset.js - null null
2026-03-30 16:01:46.567 +05:30 [INF] HTTP GET /swagger/swagger-ui-standalone-preset.js responded 304 in 0.1251 ms
2026-03-30 16:01:46.575 +05:30 [INF] Request finished HTTP/1.1 GET http://localhost:5040/swagger/swagger-ui-standalone-preset.js - 304 null null 19.3058ms
2026-03-30 16:01:46.592 +05:30 [INF] Request starting HTTP/1.1 GET http://localhost:5040/swagger/index.js - null null
2026-03-30 16:01:46.605 +05:30 [INF] HTTP GET /swagger/index.js responded 304 in 1.0493 ms
2026-03-30 16:01:46.615 +05:30 [INF] Request finished HTTP/1.1 GET http://localhost:5040/swagger/index.js - 304 null null 22.9711ms
2026-03-30 16:01:46.654 +05:30 [INF] Request starting HTTP/1.1 GET http://localhost:5040/_framework/aspnetcore-browser-refresh.js - null null
2026-03-30 16:01:46.669 +05:30 [INF] Request finished HTTP/1.1 GET http://localhost:5040/_framework/aspnetcore-browser-refresh.js - 200 14937 application/javascript; charset=utf-8 14.6996ms
2026-03-30 16:01:47.120 +05:30 [INF] Request starting HTTP/1.1 GET http://localhost:5040/_vs/browserLink - null null
2026-03-30 16:01:47.193 +05:30 [INF] Request finished HTTP/1.1 GET http://localhost:5040/_vs/browserLink - 200 null text/javascript; charset=UTF-8 72.3781ms
2026-03-30 16:01:48.873 +05:30 [INF] Request starting HTTP/1.1 GET http://localhost:5040/swagger/v1/swagger.json - null null
2026-03-30 16:01:48.953 +05:30 [INF] HTTP GET /swagger/v1/swagger.json responded 200 in 66.2553 ms
2026-03-30 16:01:48.958 +05:30 [INF] Request finished HTTP/1.1 GET http://localhost:5040/swagger/v1/swagger.json - 200 null application/json;charset=utf-8 84.5651ms
2026-03-30 16:01:49.670 +05:30 [INF] Request starting HTTP/1.1 GET http://localhost:5040/swagger/favicon-32x32.png - null null
2026-03-30 16:01:49.677 +05:30 [INF] HTTP GET /swagger/favicon-32x32.png responded 304 in 0.1469 ms
2026-03-30 16:01:49.685 +05:30 [INF] Request finished HTTP/1.1 GET http://localhost:5040/swagger/favicon-32x32.png - 304 null null 14.8755ms
