2026-03-30 11:18:21.259 +05:30 [INF] Executed DbCommand (44ms) [Parameters=[], CommandType='"Text"', CommandTimeout='30']
SELECT 1
2026-03-30 11:18:21.388 +05:30 [INF] Acquiring an exclusive lock for migration application. See https://aka.ms/efcore-docs-migrations-lock for more information if this takes too long.
2026-03-30 11:18:21.456 +05:30 [INF] Executed DbCommand (53ms) [Parameters=[], CommandType='"Text"', CommandTimeout='30']
DECLARE @result int;
EXEC @result = sp_getapplock @Resource = '__EFMigrationsLock', @LockOwner = 'Session', @LockMode = 'Exclusive';
SELECT @result
2026-03-30 11:18:21.631 +05:30 [INF] Executed DbCommand (4ms) [Parameters=[], CommandType='"Text"', CommandTimeout='30']
IF OBJECT_ID(N'[__EFMigrationsHistory]') IS NULL
BEGIN
    CREATE TABLE [__EFMigrationsHistory] (
        [MigrationId] nvarchar(150) NOT NULL,
        [ProductVersion] nvarchar(32) NOT NULL,
        CONSTRAINT [PK___EFMigrationsHistory] PRIMARY KEY ([MigrationId])
    );
END;
2026-03-30 11:18:21.657 +05:30 [INF] Executed DbCommand (1ms) [Parameters=[], CommandType='"Text"', CommandTimeout='30']
SELECT 1
2026-03-30 11:18:21.669 +05:30 [INF] Executed DbCommand (7ms) [Parameters=[], CommandType='"Text"', CommandTimeout='30']
SELECT OBJECT_ID(N'[__EFMigrationsHistory]');
2026-03-30 11:18:21.718 +05:30 [INF] Executed DbCommand (39ms) [Parameters=[], CommandType='"Text"', CommandTimeout='30']
SELECT [MigrationId], [ProductVersion]
FROM [__EFMigrationsHistory]
ORDER BY [MigrationId];
2026-03-30 11:18:21.738 +05:30 [INF] No migrations were applied. The database is already up to date.
2026-03-30 11:18:21.750 +05:30 [INF] Executed DbCommand (8ms) [Parameters=[], CommandType='"Text"', CommandTimeout='30']
DECLARE @result int;
EXEC @result = sp_releaseapplock @Resource = '__EFMigrationsLock', @LockOwner = 'Session';
SELECT @result
2026-03-30 11:18:22.090 +05:30 [INF] User profile is available. Using 'C:\Users\Srikrishna\AppData\Local\ASP.NET\DataProtection-Keys' as key repository and Windows DPAPI to encrypt keys at rest.
2026-03-30 11:18:22.665 +05:30 [INF] Now listening on: https://localhost:5051
2026-03-30 11:18:22.749 +05:30 [INF] Now listening on: http://localhost:5050
2026-03-30 11:18:22.942 +05:30 [INF] Application started. Press Ctrl+C to shut down.
2026-03-30 11:18:22.945 +05:30 [INF] Hosting environment: Development
2026-03-30 11:18:22.950 +05:30 [INF] Content root path: D:\DotNetCorePractise\MicroservicesAssesment\Services\PaymentService\PaymentService.API
2026-03-30 11:18:26.471 +05:30 [INF] Request starting HTTP/2 GET https://localhost:5051/ - null null
2026-03-30 11:18:29.503 +05:30 [INF] HTTP GET / responded 404 in 2761.2900 ms
2026-03-30 11:18:29.519 +05:30 [INF] Request finished HTTP/2 GET https://localhost:5051/ - 404 null null 3053.3985ms
2026-03-30 11:18:29.534 +05:30 [INF] Request reached the end of the middleware pipeline without being handled by application code. Request path: GET https://localhost:5051/, Response status code: 404
2026-03-30 11:31:07.734 +05:30 [INF] Executed DbCommand (31ms) [Parameters=[], CommandType='"Text"', CommandTimeout='30']
SELECT 1
2026-03-30 11:31:07.833 +05:30 [INF] Acquiring an exclusive lock for migration application. See https://aka.ms/efcore-docs-migrations-lock for more information if this takes too long.
2026-03-30 11:31:07.865 +05:30 [INF] Executed DbCommand (25ms) [Parameters=[], CommandType='"Text"', CommandTimeout='30']
DECLARE @result int;
EXEC @result = sp_getapplock @Resource = '__EFMigrationsLock', @LockOwner = 'Session', @LockMode = 'Exclusive';
SELECT @result
2026-03-30 11:31:08.001 +05:30 [INF] Executed DbCommand (2ms) [Parameters=[], CommandType='"Text"', CommandTimeout='30']
IF OBJECT_ID(N'[__EFMigrationsHistory]') IS NULL
BEGIN
    CREATE TABLE [__EFMigrationsHistory] (
        [MigrationId] nvarchar(150) NOT NULL,
        [ProductVersion] nvarchar(32) NOT NULL,
        CONSTRAINT [PK___EFMigrationsHistory] PRIMARY KEY ([MigrationId])
    );
END;
2026-03-30 11:31:08.020 +05:30 [INF] Executed DbCommand (1ms) [Parameters=[], CommandType='"Text"', CommandTimeout='30']
SELECT 1
2026-03-30 11:31:08.026 +05:30 [INF] Executed DbCommand (1ms) [Parameters=[], CommandType='"Text"', CommandTimeout='30']
SELECT OBJECT_ID(N'[__EFMigrationsHistory]');
2026-03-30 11:31:08.045 +05:30 [INF] Executed DbCommand (13ms) [Parameters=[], CommandType='"Text"', CommandTimeout='30']
SELECT [MigrationId], [ProductVersion]
FROM [__EFMigrationsHistory]
ORDER BY [MigrationId];
2026-03-30 11:31:08.062 +05:30 [INF] No migrations were applied. The database is already up to date.
2026-03-30 11:31:08.067 +05:30 [INF] Executed DbCommand (2ms) [Parameters=[], CommandType='"Text"', CommandTimeout='30']
DECLARE @result int;
EXEC @result = sp_releaseapplock @Resource = '__EFMigrationsLock', @LockOwner = 'Session';
SELECT @result
2026-03-30 11:31:08.300 +05:30 [INF] User profile is available. Using 'C:\Users\Srikrishna\AppData\Local\ASP.NET\DataProtection-Keys' as key repository and Windows DPAPI to encrypt keys at rest.
2026-03-30 11:31:08.855 +05:30 [INF] Now listening on: https://localhost:5051
2026-03-30 11:31:08.860 +05:30 [INF] Now listening on: http://localhost:5050
2026-03-30 11:31:09.007 +05:30 [INF] Application started. Press Ctrl+C to shut down.
2026-03-30 11:31:09.013 +05:30 [INF] Hosting environment: Development
2026-03-30 11:31:09.015 +05:30 [INF] Content root path: D:\DotNetCorePractise\MicroservicesAssesment\Services\PaymentService\PaymentService.API
2026-03-30 11:31:09.379 +05:30 [INF] Request starting HTTP/2 GET https://localhost:5051/ - null null
2026-03-30 11:31:09.731 +05:30 [INF] HTTP GET / responded 404 in 119.2356 ms
2026-03-30 11:31:09.806 +05:30 [INF] Request finished HTTP/2 GET https://localhost:5051/ - 404 null null 431.4029ms
2026-03-30 11:31:09.865 +05:30 [INF] Request reached the end of the middleware pipeline without being handled by application code. Request path: GET https://localhost:5051/, Response status code: 404
2026-03-30 14:37:21.588 +05:30 [INF] Executed DbCommand (526ms) [Parameters=[], CommandType='"Text"', CommandTimeout='60']
CREATE DATABASE [ECommerceMSPaymentDb];
2026-03-30 14:37:22.129 +05:30 [INF] Executed DbCommand (491ms) [Parameters=[], CommandType='"Text"', CommandTimeout='60']
IF SERVERPROPERTY('EngineEdition') <> 5
BEGIN
    ALTER DATABASE [ECommerceMSPaymentDb] SET READ_COMMITTED_SNAPSHOT ON;
END;
2026-03-30 14:37:22.215 +05:30 [INF] Executed DbCommand (20ms) [Parameters=[], CommandType='"Text"', CommandTimeout='30']
SELECT 1
2026-03-30 14:37:22.219 +05:30 [INF] Acquiring an exclusive lock for migration application. See https://aka.ms/efcore-docs-migrations-lock for more information if this takes too long.
2026-03-30 14:37:22.265 +05:30 [INF] Executed DbCommand (41ms) [Parameters=[], CommandType='"Text"', CommandTimeout='30']
DECLARE @result int;
EXEC @result = sp_getapplock @Resource = '__EFMigrationsLock', @LockOwner = 'Session', @LockMode = 'Exclusive';
SELECT @result
2026-03-30 14:37:22.363 +05:30 [INF] Executed DbCommand (17ms) [Parameters=[], CommandType='"Text"', CommandTimeout='30']
IF OBJECT_ID(N'[__EFMigrationsHistory]') IS NULL
BEGIN
    CREATE TABLE [__EFMigrationsHistory] (
        [MigrationId] nvarchar(150) NOT NULL,
        [ProductVersion] nvarchar(32) NOT NULL,
        CONSTRAINT [PK___EFMigrationsHistory] PRIMARY KEY ([MigrationId])
    );
END;
2026-03-30 14:37:22.379 +05:30 [INF] Executed DbCommand (1ms) [Parameters=[], CommandType='"Text"', CommandTimeout='30']
SELECT 1
2026-03-30 14:37:22.383 +05:30 [INF] Executed DbCommand (2ms) [Parameters=[], CommandType='"Text"', CommandTimeout='30']
SELECT OBJECT_ID(N'[__EFMigrationsHistory]');
2026-03-30 14:37:22.438 +05:30 [INF] Executed DbCommand (49ms) [Parameters=[], CommandType='"Text"', CommandTimeout='30']
SELECT [MigrationId], [ProductVersion]
FROM [__EFMigrationsHistory]
ORDER BY [MigrationId];
2026-03-30 14:37:22.476 +05:30 [INF] Applying migration '20260330090700_inialCreate'.
2026-03-30 14:37:22.532 +05:30 [INF] Executed DbCommand (9ms) [Parameters=[], CommandType='"Text"', CommandTimeout='30']
CREATE TABLE [Payments] (
    [Id] uniqueidentifier NOT NULL,
    [OrderId] uniqueidentifier NOT NULL,
    [UserId] nvarchar(max) NOT NULL,
    [Amount] decimal(18,2) NOT NULL,
    [Currency] nvarchar(5) NOT NULL,
    [Method] nvarchar(20) NOT NULL,
    [Status] int NOT NULL,
    [RazorpayOrderId] nvarchar(max) NULL,
    [RazorpayPaymentId] nvarchar(max) NULL,
    [RazorpaySignature] nvarchar(max) NULL,
    [FailureReason] nvarchar(max) NULL,
    [PaidAt] datetime2 NULL,
    [CreatedAt] datetime2 NOT NULL,
    [UpdatedAt] datetime2 NULL,
    [CreatedBy] nvarchar(max) NULL,
    [UpdatedBy] nvarchar(max) NULL,
    CONSTRAINT [PK_Payments] PRIMARY KEY ([Id])
);
2026-03-30 14:37:22.539 +05:30 [INF] Executed DbCommand (6ms) [Parameters=[], CommandType='"Text"', CommandTimeout='30']
CREATE INDEX [IX_Payments_OrderId] ON [Payments] ([OrderId]);
2026-03-30 14:37:22.563 +05:30 [INF] Executed DbCommand (23ms) [Parameters=[], CommandType='"Text"', CommandTimeout='30']
INSERT INTO [__EFMigrationsHistory] ([MigrationId], [ProductVersion])
VALUES (N'20260330090700_inialCreate', N'10.0.5');
2026-03-30 14:37:22.575 +05:30 [INF] Executed DbCommand (9ms) [Parameters=[], CommandType='"Text"', CommandTimeout='30']
DECLARE @result int;
EXEC @result = sp_releaseapplock @Resource = '__EFMigrationsLock', @LockOwner = 'Session';
SELECT @result
2026-03-30 14:44:07.886 +05:30 [INF] Executed DbCommand (56ms) [Parameters=[], CommandType='"Text"', CommandTimeout='30']
SELECT 1
2026-03-30 14:44:08.032 +05:30 [INF] Acquiring an exclusive lock for migration application. See https://aka.ms/efcore-docs-migrations-lock for more information if this takes too long.
2026-03-30 14:44:08.321 +05:30 [INF] Executed DbCommand (266ms) [Parameters=[], CommandType='"Text"', CommandTimeout='30']
DECLARE @result int;
EXEC @result = sp_getapplock @Resource = '__EFMigrationsLock', @LockOwner = 'Session', @LockMode = 'Exclusive';
SELECT @result
2026-03-30 14:44:08.655 +05:30 [INF] Executed DbCommand (85ms) [Parameters=[], CommandType='"Text"', CommandTimeout='30']
IF OBJECT_ID(N'[__EFMigrationsHistory]') IS NULL
BEGIN
    CREATE TABLE [__EFMigrationsHistory] (
        [MigrationId] nvarchar(150) NOT NULL,
        [ProductVersion] nvarchar(32) NOT NULL,
        CONSTRAINT [PK___EFMigrationsHistory] PRIMARY KEY ([MigrationId])
    );
END;
2026-03-30 14:44:08.747 +05:30 [INF] Executed DbCommand (2ms) [Parameters=[], CommandType='"Text"', CommandTimeout='30']
SELECT 1
2026-03-30 14:44:08.832 +05:30 [INF] Executed DbCommand (5ms) [Parameters=[], CommandType='"Text"', CommandTimeout='30']
SELECT OBJECT_ID(N'[__EFMigrationsHistory]');
2026-03-30 14:44:09.336 +05:30 [INF] Executed DbCommand (366ms) [Parameters=[], CommandType='"Text"', CommandTimeout='30']
SELECT [MigrationId], [ProductVersion]
FROM [__EFMigrationsHistory]
ORDER BY [MigrationId];
2026-03-30 14:44:09.414 +05:30 [INF] No migrations were applied. The database is already up to date.
2026-03-30 14:44:09.463 +05:30 [INF] Executed DbCommand (17ms) [Parameters=[], CommandType='"Text"', CommandTimeout='30']
DECLARE @result int;
EXEC @result = sp_releaseapplock @Resource = '__EFMigrationsLock', @LockOwner = 'Session';
SELECT @result
2026-03-30 14:44:10.574 +05:30 [INF] User profile is available. Using 'C:\Users\Satvik\AppData\Local\ASP.NET\DataProtection-Keys' as key repository and Windows DPAPI to encrypt keys at rest.
2026-03-30 14:44:13.243 +05:30 [INF] Now listening on: https://localhost:5051
2026-03-30 14:44:13.587 +05:30 [INF] Now listening on: http://localhost:5050
2026-03-30 14:44:14.195 +05:30 [INF] Request starting HTTP/2 GET https://localhost:5051/ - null null
2026-03-30 14:44:14.323 +05:30 [INF] Application started. Press Ctrl+C to shut down.
2026-03-30 14:44:14.629 +05:30 [INF] Hosting environment: Development
2026-03-30 14:44:15.032 +05:30 [INF] Content root path: C:\Users\Satvik\Downloads\MicroservicesAssesment\MicroservicesAssesment\Services\PaymentService\PaymentService.API
2026-03-30 14:44:22.571 +05:30 [INF] HTTP GET / responded 404 in 3715.8203 ms
2026-03-30 14:44:22.733 +05:30 [INF] Request finished HTTP/2 GET https://localhost:5051/ - 404 null null 8553.2983ms
2026-03-30 14:44:23.028 +05:30 [INF] Request reached the end of the middleware pipeline without being handled by application code. Request path: GET https://localhost:5051/, Response status code: 404
2026-03-30 14:50:14.150 +05:30 [INF] Executed DbCommand (109ms) [Parameters=[], CommandType='"Text"', CommandTimeout='30']
SELECT 1
2026-03-30 14:50:14.794 +05:30 [INF] Acquiring an exclusive lock for migration application. See https://aka.ms/efcore-docs-migrations-lock for more information if this takes too long.
2026-03-30 14:50:15.206 +05:30 [INF] Executed DbCommand (256ms) [Parameters=[], CommandType='"Text"', CommandTimeout='30']
DECLARE @result int;
EXEC @result = sp_getapplock @Resource = '__EFMigrationsLock', @LockOwner = 'Session', @LockMode = 'Exclusive';
SELECT @result
2026-03-30 14:50:15.579 +05:30 [INF] Executed DbCommand (14ms) [Parameters=[], CommandType='"Text"', CommandTimeout='30']
IF OBJECT_ID(N'[__EFMigrationsHistory]') IS NULL
BEGIN
    CREATE TABLE [__EFMigrationsHistory] (
        [MigrationId] nvarchar(150) NOT NULL,
        [ProductVersion] nvarchar(32) NOT NULL,
        CONSTRAINT [PK___EFMigrationsHistory] PRIMARY KEY ([MigrationId])
    );
END;
2026-03-30 14:50:15.625 +05:30 [INF] Executed DbCommand (2ms) [Parameters=[], CommandType='"Text"', CommandTimeout='30']
SELECT 1
2026-03-30 14:50:15.667 +05:30 [INF] Executed DbCommand (5ms) [Parameters=[], CommandType='"Text"', CommandTimeout='30']
SELECT OBJECT_ID(N'[__EFMigrationsHistory]');
2026-03-30 14:50:15.759 +05:30 [INF] Executed DbCommand (40ms) [Parameters=[], CommandType='"Text"', CommandTimeout='30']
SELECT [MigrationId], [ProductVersion]
FROM [__EFMigrationsHistory]
ORDER BY [MigrationId];
2026-03-30 14:50:15.822 +05:30 [INF] No migrations were applied. The database is already up to date.
2026-03-30 14:50:15.852 +05:30 [INF] Executed DbCommand (9ms) [Parameters=[], CommandType='"Text"', CommandTimeout='30']
DECLARE @result int;
EXEC @result = sp_releaseapplock @Resource = '__EFMigrationsLock', @LockOwner = 'Session';
SELECT @result
2026-03-30 14:50:16.438 +05:30 [INF] User profile is available. Using 'C:\Users\Satvik\AppData\Local\ASP.NET\DataProtection-Keys' as key repository and Windows DPAPI to encrypt keys at rest.
2026-03-30 14:50:17.978 +05:30 [INF] Now listening on: https://localhost:5051
2026-03-30 14:50:18.068 +05:30 [INF] Now listening on: http://localhost:5050
2026-03-30 14:50:18.479 +05:30 [INF] Application started. Press Ctrl+C to shut down.
2026-03-30 14:50:18.620 +05:30 [INF] Hosting environment: Development
2026-03-30 14:50:18.779 +05:30 [INF] Content root path: C:\Users\Satvik\Downloads\MicroservicesAssesment\MicroservicesAssesment\Services\PaymentService\PaymentService.API
2026-03-30 14:50:19.453 +05:30 [INF] Request starting HTTP/2 GET https://localhost:5051/ - null null
2026-03-30 14:50:21.147 +05:30 [INF] HTTP GET / responded 404 in 573.2718 ms
2026-03-30 14:50:21.517 +05:30 [INF] Request finished HTTP/2 GET https://localhost:5051/ - 404 null null 2073.0244ms
2026-03-30 14:50:22.354 +05:30 [INF] Request reached the end of the middleware pipeline without being handled by application code. Request path: GET https://localhost:5051/, Response status code: 404
2026-03-30 15:34:37.204 +05:30 [INF] Request starting HTTP/1.1 GET http://localhost:5050/swagger - null null
2026-03-30 15:34:37.365 +05:30 [INF] HTTP GET /swagger responded 301 in 28.7572 ms
2026-03-30 15:34:37.407 +05:30 [INF] Request finished HTTP/1.1 GET http://localhost:5050/swagger - 301 null null 207.3408ms
2026-03-30 15:34:37.419 +05:30 [INF] Request starting HTTP/1.1 GET http://localhost:5050/swagger/index.html - null null
2026-03-30 15:34:37.817 +05:30 [INF] HTTP GET /swagger/index.html responded 200 in 379.7713 ms
2026-03-30 15:34:37.837 +05:30 [INF] Request finished HTTP/1.1 GET http://localhost:5050/swagger/index.html - 200 null text/html;charset=utf-8 416.9543ms
2026-03-30 15:34:37.868 +05:30 [INF] Request starting HTTP/1.1 GET http://localhost:5050/swagger/swagger-ui.css - null null
2026-03-30 15:34:37.881 +05:30 [INF] Request starting HTTP/1.1 GET http://localhost:5050/swagger/index.css - null null
2026-03-30 15:34:37.890 +05:30 [INF] Request starting HTTP/1.1 GET http://localhost:5050/swagger/swagger-ui-standalone-preset.js - null null
2026-03-30 15:34:37.916 +05:30 [INF] Request starting HTTP/1.1 GET http://localhost:5050/swagger/swagger-ui-bundle.js - null null
2026-03-30 15:34:37.925 +05:30 [INF] Request starting HTTP/1.1 GET http://localhost:5050/swagger/index.js - null null
2026-03-30 15:34:37.998 +05:30 [INF] Request starting HTTP/1.1 GET http://localhost:5050/_vs/browserLink - null null
2026-03-30 15:34:38.048 +05:30 [INF] HTTP GET /swagger/index.css responded 200 in 45.7508 ms
2026-03-30 15:34:38.048 +05:30 [INF] HTTP GET /swagger/swagger-ui.css responded 200 in 164.7436 ms
2026-03-30 15:34:38.066 +05:30 [INF] HTTP GET /swagger/index.js responded 200 in 6.0749 ms
2026-03-30 15:34:38.099 +05:30 [INF] HTTP GET /swagger/swagger-ui-bundle.js responded 200 in 58.1024 ms
2026-03-30 15:34:38.129 +05:30 [INF] Request finished HTTP/1.1 GET http://localhost:5050/swagger/index.css - 200 152 text/css 248.3823ms
2026-03-30 15:34:38.132 +05:30 [INF] Request finished HTTP/1.1 GET http://localhost:5050/swagger/swagger-ui.css - 200 26479 text/css 264.2868ms
2026-03-30 15:34:38.136 +05:30 [INF] Request finished HTTP/1.1 GET http://localhost:5050/swagger/index.js - 200 null application/javascript;charset=utf-8 210.5043ms
2026-03-30 15:34:38.099 +05:30 [INF] HTTP GET /swagger/swagger-ui-standalone-preset.js responded 200 in 80.8866 ms
2026-03-30 15:34:38.160 +05:30 [INF] Request finished HTTP/1.1 GET http://localhost:5050/swagger/swagger-ui-bundle.js - 200 418181 text/javascript 244.3943ms
2026-03-30 15:34:38.175 +05:30 [INF] Request starting HTTP/1.1 GET http://localhost:5050/_framework/aspnetcore-browser-refresh.js - null null
2026-03-30 15:34:38.199 +05:30 [INF] Request finished HTTP/1.1 GET http://localhost:5050/swagger/swagger-ui-standalone-preset.js - 200 76613 text/javascript 309.4146ms
2026-03-30 15:34:38.234 +05:30 [INF] Request finished HTTP/1.1 GET http://localhost:5050/_framework/aspnetcore-browser-refresh.js - 200 14941 application/javascript; charset=utf-8 58.7801ms
2026-03-30 15:34:38.251 +05:30 [INF] Request finished HTTP/1.1 GET http://localhost:5050/_vs/browserLink - 200 null text/javascript; charset=UTF-8 252.7563ms
2026-03-30 15:34:38.381 +05:30 [INF] Request starting HTTP/1.1 GET http://localhost:5050/swagger/v1/swagger.json - null null
2026-03-30 15:34:38.421 +05:30 [INF] Request starting HTTP/1.1 GET http://localhost:5050/swagger/favicon-32x32.png - null null
2026-03-30 15:34:38.446 +05:30 [INF] HTTP GET /swagger/favicon-32x32.png responded 200 in 8.6511 ms
2026-03-30 15:34:38.456 +05:30 [INF] Request finished HTTP/1.1 GET http://localhost:5050/swagger/favicon-32x32.png - 200 628 image/png 35.0023ms
2026-03-30 15:34:38.519 +05:30 [INF] HTTP GET /swagger/v1/swagger.json responded 200 in 127.6965 ms
2026-03-30 15:34:38.527 +05:30 [INF] Request finished HTTP/1.1 GET http://localhost:5050/swagger/v1/swagger.json - 200 null application/json;charset=utf-8 146.1376ms
2026-03-30 16:01:46.856 +05:30 [INF] Request starting HTTP/1.1 GET http://localhost:5050/swagger/index.html - null null
2026-03-30 16:01:46.979 +05:30 [INF] HTTP GET /swagger/index.html responded 304 in 17.9424 ms
2026-03-30 16:01:46.998 +05:30 [INF] Request finished HTTP/1.1 GET http://localhost:5050/swagger/index.html - 304 null null 143.2449ms
2026-03-30 16:01:47.373 +05:30 [INF] Request starting HTTP/1.1 GET http://localhost:5050/swagger/swagger-ui.css - null null
2026-03-30 16:01:47.374 +05:30 [INF] Request starting HTTP/1.1 GET http://localhost:5050/swagger/index.css - null null
2026-03-30 16:01:47.382 +05:30 [INF] HTTP GET /swagger/swagger-ui.css responded 304 in 1.5373 ms
2026-03-30 16:01:47.387 +05:30 [INF] HTTP GET /swagger/index.css responded 304 in 0.1538 ms
2026-03-30 16:01:47.390 +05:30 [INF] Request finished HTTP/1.1 GET http://localhost:5050/swagger/swagger-ui.css - 304 null null 16.6809ms
2026-03-30 16:01:47.399 +05:30 [INF] Request finished HTTP/1.1 GET http://localhost:5050/swagger/index.css - 304 null null 23.9529ms
2026-03-30 16:01:47.452 +05:30 [INF] Request starting HTTP/1.1 GET http://localhost:5050/swagger/swagger-ui-bundle.js - null null
2026-03-30 16:01:47.463 +05:30 [INF] HTTP GET /swagger/swagger-ui-bundle.js responded 304 in 0.5200 ms
2026-03-30 16:01:47.468 +05:30 [INF] Request finished HTTP/1.1 GET http://localhost:5050/swagger/swagger-ui-bundle.js - 304 null null 15.5061ms
2026-03-30 16:01:48.147 +05:30 [INF] Request starting HTTP/1.1 GET http://localhost:5050/_framework/aspnetcore-browser-refresh.js - null null
2026-03-30 16:01:48.160 +05:30 [INF] Request finished HTTP/1.1 GET http://localhost:5050/_framework/aspnetcore-browser-refresh.js - 200 14941 application/javascript; charset=utf-8 13.1346ms
2026-03-30 16:01:48.228 +05:30 [INF] Request starting HTTP/1.1 GET http://localhost:5050/swagger/swagger-ui-standalone-preset.js - null null
2026-03-30 16:01:48.249 +05:30 [INF] HTTP GET /swagger/swagger-ui-standalone-preset.js responded 304 in 0.1391 ms
2026-03-30 16:01:48.264 +05:30 [INF] Request finished HTTP/1.1 GET http://localhost:5050/swagger/swagger-ui-standalone-preset.js - 304 null null 35.2856ms
2026-03-30 16:01:48.321 +05:30 [INF] Request starting HTTP/1.1 GET http://localhost:5050/swagger/index.js - null null
2026-03-30 16:01:48.331 +05:30 [INF] HTTP GET /swagger/index.js responded 304 in 1.1216 ms
2026-03-30 16:01:48.337 +05:30 [INF] Request finished HTTP/1.1 GET http://localhost:5050/swagger/index.js - 304 null null 16.1412ms
2026-03-30 16:01:48.668 +05:30 [INF] Request starting HTTP/1.1 GET http://localhost:5050/_vs/browserLink - null null
2026-03-30 16:01:48.689 +05:30 [INF] Request finished HTTP/1.1 GET http://localhost:5050/_vs/browserLink - 200 null text/javascript; charset=UTF-8 20.8883ms
2026-03-30 16:01:49.888 +05:30 [INF] Request starting HTTP/1.1 GET http://localhost:5050/swagger/v1/swagger.json - null null
2026-03-30 16:01:49.907 +05:30 [INF] Request starting HTTP/1.1 GET http://localhost:5050/swagger/favicon-32x32.png - null null
2026-03-30 16:01:49.933 +05:30 [INF] HTTP GET /swagger/v1/swagger.json responded 200 in 38.1788 ms
2026-03-30 16:01:49.935 +05:30 [INF] HTTP GET /swagger/favicon-32x32.png responded 304 in 0.1591 ms
2026-03-30 16:01:49.940 +05:30 [INF] Request finished HTTP/1.1 GET http://localhost:5050/swagger/v1/swagger.json - 200 null application/json;charset=utf-8 51.33ms
2026-03-30 16:01:49.945 +05:30 [INF] Request finished HTTP/1.1 GET http://localhost:5050/swagger/favicon-32x32.png - 304 null null 37.8149ms
