2026-03-29 20:09:44.031 +05:30 [INF] Executed DbCommand (156ms) [Parameters=[], CommandType='"Text"', CommandTimeout='60']
CREATE DATABASE [ECommerceMSPaymentDb];
2026-03-29 20:09:44.109 +05:30 [INF] Executed DbCommand (41ms) [Parameters=[], CommandType='"Text"', CommandTimeout='60']
IF SERVERPROPERTY('EngineEdition') <> 5
BEGIN
    ALTER DATABASE [ECommerceMSPaymentDb] SET READ_COMMITTED_SNAPSHOT ON;
END;
2026-03-29 20:09:44.173 +05:30 [INF] Executed DbCommand (6ms) [Parameters=[], CommandType='"Text"', CommandTimeout='30']
SELECT 1
2026-03-29 20:09:44.179 +05:30 [INF] Acquiring an exclusive lock for migration application. See https://aka.ms/efcore-docs-migrations-lock for more information if this takes too long.
2026-03-29 20:09:44.197 +05:30 [INF] Executed DbCommand (14ms) [Parameters=[], CommandType='"Text"', CommandTimeout='30']
DECLARE @result int;
EXEC @result = sp_getapplock @Resource = '__EFMigrationsLock', @LockOwner = 'Session', @LockMode = 'Exclusive';
SELECT @result
2026-03-29 20:09:44.256 +05:30 [INF] Executed DbCommand (5ms) [Parameters=[], CommandType='"Text"', CommandTimeout='30']
IF OBJECT_ID(N'[__EFMigrationsHistory]') IS NULL
BEGIN
    CREATE TABLE [__EFMigrationsHistory] (
        [MigrationId] nvarchar(150) NOT NULL,
        [ProductVersion] nvarchar(32) NOT NULL,
        CONSTRAINT [PK___EFMigrationsHistory] PRIMARY KEY ([MigrationId])
    );
END;
2026-03-29 20:09:44.267 +05:30 [INF] Executed DbCommand (0ms) [Parameters=[], CommandType='"Text"', CommandTimeout='30']
SELECT 1
2026-03-29 20:09:44.270 +05:30 [INF] Executed DbCommand (0ms) [Parameters=[], CommandType='"Text"', CommandTimeout='30']
SELECT OBJECT_ID(N'[__EFMigrationsHistory]');
2026-03-29 20:09:44.281 +05:30 [INF] Executed DbCommand (7ms) [Parameters=[], CommandType='"Text"', CommandTimeout='30']
SELECT [MigrationId], [ProductVersion]
FROM [__EFMigrationsHistory]
ORDER BY [MigrationId];
2026-03-29 20:09:44.292 +05:30 [INF] Applying migration '20260329143829_InitialCreate002'.
2026-03-29 20:09:44.306 +05:30 [INF] Executed DbCommand (2ms) [Parameters=[], CommandType='"Text"', CommandTimeout='30']
CREATE TABLE [Payments] (
    [Id] uniqueidentifier NOT NULL,
    [OrderId] uniqueidentifier NOT NULL,
    [UserId] nvarchar(max) NOT NULL,
    [Amount] decimal(18,2) NOT NULL,
    [Currency] nvarchar(5) NOT NULL,
    [Method] nvarchar(20) NOT NULL,
    [Status] int NOT NULL,
    [RazorpayOrderId] nvarchar(max) NULL,
    [RazorpayPaymentId] nvarchar(max) NULL,
    [RazorpaySignature] nvarchar(max) NULL,
    [FailureReason] nvarchar(max) NULL,
    [PaidAt] datetime2 NULL,
    [CreatedAt] datetime2 NOT NULL,
    [UpdatedAt] datetime2 NULL,
    [CreatedBy] nvarchar(max) NULL,
    [UpdatedBy] nvarchar(max) NULL,
    CONSTRAINT [PK_Payments] PRIMARY KEY ([Id])
);
2026-03-29 20:09:44.310 +05:30 [INF] Executed DbCommand (1ms) [Parameters=[], CommandType='"Text"', CommandTimeout='30']
CREATE INDEX [IX_Payments_OrderId] ON [Payments] ([OrderId]);
2026-03-29 20:09:44.316 +05:30 [INF] Executed DbCommand (2ms) [Parameters=[], CommandType='"Text"', CommandTimeout='30']
INSERT INTO [__EFMigrationsHistory] ([MigrationId], [ProductVersion])
VALUES (N'20260329143829_InitialCreate002', N'10.0.5');
2026-03-29 20:09:44.321 +05:30 [INF] Executed DbCommand (2ms) [Parameters=[], CommandType='"Text"', CommandTimeout='30']
DECLARE @result int;
EXEC @result = sp_releaseapplock @Resource = '__EFMigrationsLock', @LockOwner = 'Session';
SELECT @result
2026-03-29 20:15:50.875 +05:30 [INF] Executed DbCommand (15ms) [Parameters=[], CommandType='"Text"', CommandTimeout='30']
SELECT 1
2026-03-29 20:15:50.912 +05:30 [INF] Acquiring an exclusive lock for migration application. See https://aka.ms/efcore-docs-migrations-lock for more information if this takes too long.
2026-03-29 20:15:50.935 +05:30 [INF] Executed DbCommand (21ms) [Parameters=[], CommandType='"Text"', CommandTimeout='30']
DECLARE @result int;
EXEC @result = sp_getapplock @Resource = '__EFMigrationsLock', @LockOwner = 'Session', @LockMode = 'Exclusive';
SELECT @result
2026-03-29 20:15:50.998 +05:30 [INF] Executed DbCommand (2ms) [Parameters=[], CommandType='"Text"', CommandTimeout='30']
IF OBJECT_ID(N'[__EFMigrationsHistory]') IS NULL
BEGIN
    CREATE TABLE [__EFMigrationsHistory] (
        [MigrationId] nvarchar(150) NOT NULL,
        [ProductVersion] nvarchar(32) NOT NULL,
        CONSTRAINT [PK___EFMigrationsHistory] PRIMARY KEY ([MigrationId])
    );
END;
2026-03-29 20:15:51.007 +05:30 [INF] Executed DbCommand (0ms) [Parameters=[], CommandType='"Text"', CommandTimeout='30']
SELECT 1
2026-03-29 20:15:51.008 +05:30 [INF] Executed DbCommand (0ms) [Parameters=[], CommandType='"Text"', CommandTimeout='30']
SELECT OBJECT_ID(N'[__EFMigrationsHistory]');
2026-03-29 20:15:51.016 +05:30 [INF] Executed DbCommand (7ms) [Parameters=[], CommandType='"Text"', CommandTimeout='30']
SELECT [MigrationId], [ProductVersion]
FROM [__EFMigrationsHistory]
ORDER BY [MigrationId];
2026-03-29 20:15:51.026 +05:30 [INF] Applying migration '20260329144149_InitialCreate03'.
2026-03-29 20:15:51.031 +05:30 [INF] Executed DbCommand (2ms) [Parameters=[], CommandType='"Text"', CommandTimeout='30']
INSERT INTO [__EFMigrationsHistory] ([MigrationId], [ProductVersion])
VALUES (N'20260329144149_InitialCreate03', N'10.0.5');
2026-03-29 20:15:51.034 +05:30 [INF] Executed DbCommand (2ms) [Parameters=[], CommandType='"Text"', CommandTimeout='30']
DECLARE @result int;
EXEC @result = sp_releaseapplock @Resource = '__EFMigrationsLock', @LockOwner = 'Session';
SELECT @result
2026-03-29 20:19:51.783 +05:30 [INF] Executed DbCommand (171ms) [Parameters=[], CommandType='"Text"', CommandTimeout='60']
CREATE DATABASE [ECommerceMSPaymentDb];
2026-03-29 20:19:51.863 +05:30 [INF] Executed DbCommand (52ms) [Parameters=[], CommandType='"Text"', CommandTimeout='60']
IF SERVERPROPERTY('EngineEdition') <> 5
BEGIN
    ALTER DATABASE [ECommerceMSPaymentDb] SET READ_COMMITTED_SNAPSHOT ON;
END;
2026-03-29 20:19:51.878 +05:30 [INF] Executed DbCommand (5ms) [Parameters=[], CommandType='"Text"', CommandTimeout='30']
SELECT 1
2026-03-29 20:19:51.881 +05:30 [INF] Acquiring an exclusive lock for migration application. See https://aka.ms/efcore-docs-migrations-lock for more information if this takes too long.
2026-03-29 20:19:51.902 +05:30 [INF] Executed DbCommand (19ms) [Parameters=[], CommandType='"Text"', CommandTimeout='30']
DECLARE @result int;
EXEC @result = sp_getapplock @Resource = '__EFMigrationsLock', @LockOwner = 'Session', @LockMode = 'Exclusive';
SELECT @result
2026-03-29 20:19:51.956 +05:30 [INF] Executed DbCommand (8ms) [Parameters=[], CommandType='"Text"', CommandTimeout='30']
IF OBJECT_ID(N'[__EFMigrationsHistory]') IS NULL
BEGIN
    CREATE TABLE [__EFMigrationsHistory] (
        [MigrationId] nvarchar(150) NOT NULL,
        [ProductVersion] nvarchar(32) NOT NULL,
        CONSTRAINT [PK___EFMigrationsHistory] PRIMARY KEY ([MigrationId])
    );
END;
2026-03-29 20:19:51.963 +05:30 [INF] Executed DbCommand (0ms) [Parameters=[], CommandType='"Text"', CommandTimeout='30']
SELECT 1
2026-03-29 20:19:51.963 +05:30 [INF] Executed DbCommand (0ms) [Parameters=[], CommandType='"Text"', CommandTimeout='30']
SELECT OBJECT_ID(N'[__EFMigrationsHistory]');
2026-03-29 20:19:51.972 +05:30 [INF] Executed DbCommand (7ms) [Parameters=[], CommandType='"Text"', CommandTimeout='30']
SELECT [MigrationId], [ProductVersion]
FROM [__EFMigrationsHistory]
ORDER BY [MigrationId];
2026-03-29 20:19:51.980 +05:30 [INF] Applying migration '20260329143829_InitialCreate002'.
2026-03-29 20:19:51.992 +05:30 [INF] Executed DbCommand (3ms) [Parameters=[], CommandType='"Text"', CommandTimeout='30']
CREATE TABLE [Payments] (
    [Id] uniqueidentifier NOT NULL,
    [OrderId] uniqueidentifier NOT NULL,
    [UserId] nvarchar(max) NOT NULL,
    [Amount] decimal(18,2) NOT NULL,
    [Currency] nvarchar(5) NOT NULL,
    [Method] nvarchar(20) NOT NULL,
    [Status] int NOT NULL,
    [RazorpayOrderId] nvarchar(max) NULL,
    [RazorpayPaymentId] nvarchar(max) NULL,
    [RazorpaySignature] nvarchar(max) NULL,
    [FailureReason] nvarchar(max) NULL,
    [PaidAt] datetime2 NULL,
    [CreatedAt] datetime2 NOT NULL,
    [UpdatedAt] datetime2 NULL,
    [CreatedBy] nvarchar(max) NULL,
    [UpdatedBy] nvarchar(max) NULL,
    CONSTRAINT [PK_Payments] PRIMARY KEY ([Id])
);
2026-03-29 20:19:51.996 +05:30 [INF] Executed DbCommand (3ms) [Parameters=[], CommandType='"Text"', CommandTimeout='30']
CREATE INDEX [IX_Payments_OrderId] ON [Payments] ([OrderId]);
2026-03-29 20:19:51.997 +05:30 [INF] Executed DbCommand (2ms) [Parameters=[], CommandType='"Text"', CommandTimeout='30']
INSERT INTO [__EFMigrationsHistory] ([MigrationId], [ProductVersion])
VALUES (N'20260329143829_InitialCreate002', N'10.0.5');
2026-03-29 20:19:51.998 +05:30 [INF] Applying migration '20260329144938_InitialCreate04'.
2026-03-29 20:19:52.000 +05:30 [INF] Executed DbCommand (1ms) [Parameters=[], CommandType='"Text"', CommandTimeout='30']
INSERT INTO [__EFMigrationsHistory] ([MigrationId], [ProductVersion])
VALUES (N'20260329144938_InitialCreate04', N'10.0.5');
2026-03-29 20:19:52.003 +05:30 [INF] Executed DbCommand (3ms) [Parameters=[], CommandType='"Text"', CommandTimeout='30']
DECLARE @result int;
EXEC @result = sp_releaseapplock @Resource = '__EFMigrationsLock', @LockOwner = 'Session';
SELECT @result
2026-03-29 20:53:48.482 +05:30 [INF] Executed DbCommand (35ms) [Parameters=[], CommandType='"Text"', CommandTimeout='30']
SELECT 1
2026-03-29 20:53:48.577 +05:30 [INF] Acquiring an exclusive lock for migration application. See https://aka.ms/efcore-docs-migrations-lock for more information if this takes too long.
2026-03-29 20:53:48.613 +05:30 [INF] Executed DbCommand (29ms) [Parameters=[], CommandType='"Text"', CommandTimeout='30']
DECLARE @result int;
EXEC @result = sp_getapplock @Resource = '__EFMigrationsLock', @LockOwner = 'Session', @LockMode = 'Exclusive';
SELECT @result
2026-03-29 20:53:48.756 +05:30 [INF] Executed DbCommand (4ms) [Parameters=[], CommandType='"Text"', CommandTimeout='30']
IF OBJECT_ID(N'[__EFMigrationsHistory]') IS NULL
BEGIN
    CREATE TABLE [__EFMigrationsHistory] (
        [MigrationId] nvarchar(150) NOT NULL,
        [ProductVersion] nvarchar(32) NOT NULL,
        CONSTRAINT [PK___EFMigrationsHistory] PRIMARY KEY ([MigrationId])
    );
END;
2026-03-29 20:53:48.778 +05:30 [INF] Executed DbCommand (1ms) [Parameters=[], CommandType='"Text"', CommandTimeout='30']
SELECT 1
2026-03-29 20:53:48.783 +05:30 [INF] Executed DbCommand (1ms) [Parameters=[], CommandType='"Text"', CommandTimeout='30']
SELECT OBJECT_ID(N'[__EFMigrationsHistory]');
2026-03-29 20:53:48.822 +05:30 [INF] Executed DbCommand (30ms) [Parameters=[], CommandType='"Text"', CommandTimeout='30']
SELECT [MigrationId], [ProductVersion]
FROM [__EFMigrationsHistory]
ORDER BY [MigrationId];
2026-03-29 20:53:48.842 +05:30 [INF] No migrations were applied. The database is already up to date.
2026-03-29 20:53:48.848 +05:30 [INF] Executed DbCommand (3ms) [Parameters=[], CommandType='"Text"', CommandTimeout='30']
DECLARE @result int;
EXEC @result = sp_releaseapplock @Resource = '__EFMigrationsLock', @LockOwner = 'Session';
SELECT @result
2026-03-29 20:53:49.113 +05:30 [INF] User profile is available. Using 'C:\Users\Srikrishna\AppData\Local\ASP.NET\DataProtection-Keys' as key repository and Windows DPAPI to encrypt keys at rest.
2026-03-29 20:53:49.746 +05:30 [INF] Now listening on: https://localhost:5051
2026-03-29 20:53:49.754 +05:30 [INF] Now listening on: http://localhost:5050
2026-03-29 20:53:49.909 +05:30 [INF] Application started. Press Ctrl+C to shut down.
2026-03-29 20:53:49.912 +05:30 [INF] Hosting environment: Development
2026-03-29 20:53:49.917 +05:30 [INF] Content root path: D:\DotNetCorePractise\MicroservicesAssesment\Services\PaymentService\PaymentService.API
2026-03-29 20:53:51.753 +05:30 [INF] Request starting HTTP/2 GET https://localhost:5051/ - null null
2026-03-29 20:53:54.502 +05:30 [INF] HTTP GET / responded 404 in 2235.2891 ms
2026-03-29 20:53:54.513 +05:30 [INF] Request finished HTTP/2 GET https://localhost:5051/ - 404 null null 2774.7326ms
2026-03-29 20:53:54.522 +05:30 [INF] Request reached the end of the middleware pipeline without being handled by application code. Request path: GET https://localhost:5051/, Response status code: 404
2026-03-29 20:56:26.183 +05:30 [INF] Executed DbCommand (30ms) [Parameters=[], CommandType='"Text"', CommandTimeout='30']
SELECT 1
2026-03-29 20:56:26.336 +05:30 [INF] Acquiring an exclusive lock for migration application. See https://aka.ms/efcore-docs-migrations-lock for more information if this takes too long.
2026-03-29 20:56:26.364 +05:30 [INF] Executed DbCommand (22ms) [Parameters=[], CommandType='"Text"', CommandTimeout='30']
DECLARE @result int;
EXEC @result = sp_getapplock @Resource = '__EFMigrationsLock', @LockOwner = 'Session', @LockMode = 'Exclusive';
SELECT @result
2026-03-29 20:56:26.492 +05:30 [INF] Executed DbCommand (2ms) [Parameters=[], CommandType='"Text"', CommandTimeout='30']
IF OBJECT_ID(N'[__EFMigrationsHistory]') IS NULL
BEGIN
    CREATE TABLE [__EFMigrationsHistory] (
        [MigrationId] nvarchar(150) NOT NULL,
        [ProductVersion] nvarchar(32) NOT NULL,
        CONSTRAINT [PK___EFMigrationsHistory] PRIMARY KEY ([MigrationId])
    );
END;
2026-03-29 20:56:26.509 +05:30 [INF] Executed DbCommand (1ms) [Parameters=[], CommandType='"Text"', CommandTimeout='30']
SELECT 1
2026-03-29 20:56:26.514 +05:30 [INF] Executed DbCommand (1ms) [Parameters=[], CommandType='"Text"', CommandTimeout='30']
SELECT OBJECT_ID(N'[__EFMigrationsHistory]');
2026-03-29 20:56:26.532 +05:30 [INF] Executed DbCommand (12ms) [Parameters=[], CommandType='"Text"', CommandTimeout='30']
SELECT [MigrationId], [ProductVersion]
FROM [__EFMigrationsHistory]
ORDER BY [MigrationId];
2026-03-29 20:56:26.552 +05:30 [INF] No migrations were applied. The database is already up to date.
2026-03-29 20:56:26.557 +05:30 [INF] Executed DbCommand (2ms) [Parameters=[], CommandType='"Text"', CommandTimeout='30']
DECLARE @result int;
EXEC @result = sp_releaseapplock @Resource = '__EFMigrationsLock', @LockOwner = 'Session';
SELECT @result
2026-03-29 20:56:26.748 +05:30 [INF] User profile is available. Using 'C:\Users\Srikrishna\AppData\Local\ASP.NET\DataProtection-Keys' as key repository and Windows DPAPI to encrypt keys at rest.
2026-03-29 20:56:27.108 +05:30 [INF] Now listening on: https://localhost:5051
2026-03-29 20:56:27.117 +05:30 [INF] Now listening on: http://localhost:5050
2026-03-29 20:56:27.245 +05:30 [INF] Application started. Press Ctrl+C to shut down.
2026-03-29 20:56:27.247 +05:30 [INF] Hosting environment: Development
2026-03-29 20:56:27.249 +05:30 [INF] Content root path: D:\DotNetCorePractise\MicroservicesAssesment\Services\PaymentService\PaymentService.API
2026-03-29 20:56:28.403 +05:30 [INF] Request starting HTTP/2 GET https://localhost:5051/ - null null
2026-03-29 20:56:28.733 +05:30 [INF] HTTP GET / responded 404 in 116.5339 ms
2026-03-29 20:56:28.746 +05:30 [INF] Request finished HTTP/2 GET https://localhost:5051/ - 404 null null 344.9107ms
2026-03-29 20:56:28.755 +05:30 [INF] Request reached the end of the middleware pipeline without being handled by application code. Request path: GET https://localhost:5051/, Response status code: 404
2026-03-29 21:19:06.108 +05:30 [INF] Executed DbCommand (26ms) [Parameters=[], CommandType='"Text"', CommandTimeout='30']
SELECT 1
2026-03-29 21:19:06.195 +05:30 [INF] Acquiring an exclusive lock for migration application. See https://aka.ms/efcore-docs-migrations-lock for more information if this takes too long.
2026-03-29 21:19:06.221 +05:30 [INF] Executed DbCommand (20ms) [Parameters=[], CommandType='"Text"', CommandTimeout='30']
DECLARE @result int;
EXEC @result = sp_getapplock @Resource = '__EFMigrationsLock', @LockOwner = 'Session', @LockMode = 'Exclusive';
SELECT @result
2026-03-29 21:19:06.328 +05:30 [INF] Executed DbCommand (6ms) [Parameters=[], CommandType='"Text"', CommandTimeout='30']
IF OBJECT_ID(N'[__EFMigrationsHistory]') IS NULL
BEGIN
    CREATE TABLE [__EFMigrationsHistory] (
        [MigrationId] nvarchar(150) NOT NULL,
        [ProductVersion] nvarchar(32) NOT NULL,
        CONSTRAINT [PK___EFMigrationsHistory] PRIMARY KEY ([MigrationId])
    );
END;
2026-03-29 21:19:06.346 +05:30 [INF] Executed DbCommand (0ms) [Parameters=[], CommandType='"Text"', CommandTimeout='30']
SELECT 1
2026-03-29 21:19:06.350 +05:30 [INF] Executed DbCommand (1ms) [Parameters=[], CommandType='"Text"', CommandTimeout='30']
SELECT OBJECT_ID(N'[__EFMigrationsHistory]');
2026-03-29 21:19:06.363 +05:30 [INF] Executed DbCommand (6ms) [Parameters=[], CommandType='"Text"', CommandTimeout='30']
SELECT [MigrationId], [ProductVersion]
FROM [__EFMigrationsHistory]
ORDER BY [MigrationId];
2026-03-29 21:19:06.383 +05:30 [INF] No migrations were applied. The database is already up to date.
2026-03-29 21:19:06.389 +05:30 [INF] Executed DbCommand (2ms) [Parameters=[], CommandType='"Text"', CommandTimeout='30']
DECLARE @result int;
EXEC @result = sp_releaseapplock @Resource = '__EFMigrationsLock', @LockOwner = 'Session';
SELECT @result
2026-03-29 21:19:06.602 +05:30 [INF] User profile is available. Using 'C:\Users\Srikrishna\AppData\Local\ASP.NET\DataProtection-Keys' as key repository and Windows DPAPI to encrypt keys at rest.
2026-03-29 21:19:07.058 +05:30 [INF] Now listening on: https://localhost:5051
2026-03-29 21:19:07.075 +05:30 [INF] Now listening on: http://localhost:5050
2026-03-29 21:19:07.196 +05:30 [INF] Application started. Press Ctrl+C to shut down.
2026-03-29 21:19:07.206 +05:30 [INF] Hosting environment: Development
2026-03-29 21:19:07.239 +05:30 [INF] Content root path: D:\DotNetCorePractise\MicroservicesAssesment\Services\PaymentService\PaymentService.API
2026-03-29 21:19:07.780 +05:30 [INF] Request starting HTTP/2 GET https://localhost:5051/ - null null
2026-03-29 21:19:08.086 +05:30 [INF] HTTP GET / responded 404 in 133.1814 ms
2026-03-29 21:19:08.103 +05:30 [INF] Request finished HTTP/2 GET https://localhost:5051/ - 404 null null 326.0369ms
2026-03-29 21:19:08.116 +05:30 [INF] Request reached the end of the middleware pipeline without being handled by application code. Request path: GET https://localhost:5051/, Response status code: 404
