2026-03-29 18:24:27.762 +05:30 [INF] Executed DbCommand (211ms) [Parameters=[], CommandType='"Text"', CommandTimeout='60']
CREATE DATABASE [ECommerceMSCartDb];
2026-03-29 18:24:27.877 +05:30 [INF] Executed DbCommand (80ms) [Parameters=[], CommandType='"Text"', CommandTimeout='60']
IF SERVERPROPERTY('EngineEdition') <> 5
BEGIN
    ALTER DATABASE [ECommerceMSCartDb] SET READ_COMMITTED_SNAPSHOT ON;
END;
2026-03-29 18:24:27.897 +05:30 [INF] Executed DbCommand (7ms) [Parameters=[], CommandType='"Text"', CommandTimeout='30']
SELECT 1
2026-03-29 18:24:27.900 +05:30 [INF] Acquiring an exclusive lock for migration application. See https://aka.ms/efcore-docs-migrations-lock for more information if this takes too long.
2026-03-29 18:24:27.932 +05:30 [INF] Executed DbCommand (29ms) [Parameters=[], CommandType='"Text"', CommandTimeout='30']
DECLARE @result int;
EXEC @result = sp_getapplock @Resource = '__EFMigrationsLock', @LockOwner = 'Session', @LockMode = 'Exclusive';
SELECT @result
2026-03-29 18:24:28.005 +05:30 [INF] Executed DbCommand (13ms) [Parameters=[], CommandType='"Text"', CommandTimeout='30']
IF OBJECT_ID(N'[__EFMigrationsHistory]') IS NULL
BEGIN
    CREATE TABLE [__EFMigrationsHistory] (
        [MigrationId] nvarchar(150) NOT NULL,
        [ProductVersion] nvarchar(32) NOT NULL,
        CONSTRAINT [PK___EFMigrationsHistory] PRIMARY KEY ([MigrationId])
    );
END;
2026-03-29 18:24:28.014 +05:30 [INF] Executed DbCommand (0ms) [Parameters=[], CommandType='"Text"', CommandTimeout='30']
SELECT 1
2026-03-29 18:24:28.015 +05:30 [INF] Executed DbCommand (0ms) [Parameters=[], CommandType='"Text"', CommandTimeout='30']
SELECT OBJECT_ID(N'[__EFMigrationsHistory]');
2026-03-29 18:24:28.027 +05:30 [INF] Executed DbCommand (10ms) [Parameters=[], CommandType='"Text"', CommandTimeout='30']
SELECT [MigrationId], [ProductVersion]
FROM [__EFMigrationsHistory]
ORDER BY [MigrationId];
2026-03-29 18:24:28.037 +05:30 [INF] Applying migration '20260329125107_InitialCreate'.
2026-03-29 18:24:28.055 +05:30 [INF] Executed DbCommand (2ms) [Parameters=[], CommandType='"Text"', CommandTimeout='30']
CREATE TABLE [Carts] (
    [Id] uniqueidentifier NOT NULL,
    [UserId] nvarchar(450) NOT NULL,
    [CreatedAt] datetime2 NOT NULL,
    [UpdatedAt] datetime2 NULL,
    [CreatedBy] nvarchar(max) NULL,
    [UpdatedBy] nvarchar(max) NULL,
    CONSTRAINT [PK_Carts] PRIMARY KEY ([Id])
);
2026-03-29 18:24:28.057 +05:30 [INF] Executed DbCommand (2ms) [Parameters=[], CommandType='"Text"', CommandTimeout='30']
CREATE TABLE [CartItems] (
    [Id] uniqueidentifier NOT NULL,
    [CartId] uniqueidentifier NOT NULL,
    [ProductId] uniqueidentifier NOT NULL,
    [ProductName] nvarchar(max) NOT NULL,
    [UnitPrice] decimal(18,2) NOT NULL,
    [Quantity] int NOT NULL,
    [ImageUrl] nvarchar(max) NULL,
    CONSTRAINT [PK_CartItems] PRIMARY KEY ([Id]),
    CONSTRAINT [FK_CartItems_Carts_CartId] FOREIGN KEY ([CartId]) REFERENCES [Carts] ([Id]) ON DELETE CASCADE
);
2026-03-29 18:24:28.058 +05:30 [INF] Executed DbCommand (1ms) [Parameters=[], CommandType='"Text"', CommandTimeout='30']
CREATE INDEX [IX_CartItems_CartId] ON [CartItems] ([CartId]);
2026-03-29 18:24:28.059 +05:30 [INF] Executed DbCommand (1ms) [Parameters=[], CommandType='"Text"', CommandTimeout='30']
CREATE UNIQUE INDEX [IX_Carts_UserId] ON [Carts] ([UserId]);
2026-03-29 18:24:28.062 +05:30 [INF] Executed DbCommand (3ms) [Parameters=[], CommandType='"Text"', CommandTimeout='30']
INSERT INTO [__EFMigrationsHistory] ([MigrationId], [ProductVersion])
VALUES (N'20260329125107_InitialCreate', N'10.0.5');
2026-03-29 18:24:28.067 +05:30 [INF] Executed DbCommand (3ms) [Parameters=[], CommandType='"Text"', CommandTimeout='30']
DECLARE @result int;
EXEC @result = sp_releaseapplock @Resource = '__EFMigrationsLock', @LockOwner = 'Session';
SELECT @result
2026-03-29 20:53:49.061 +05:30 [INF] Executed DbCommand (35ms) [Parameters=[], CommandType='"Text"', CommandTimeout='30']
SELECT 1
2026-03-29 20:53:49.160 +05:30 [INF] Acquiring an exclusive lock for migration application. See https://aka.ms/efcore-docs-migrations-lock for more information if this takes too long.
2026-03-29 20:53:49.196 +05:30 [INF] Executed DbCommand (28ms) [Parameters=[], CommandType='"Text"', CommandTimeout='30']
DECLARE @result int;
EXEC @result = sp_getapplock @Resource = '__EFMigrationsLock', @LockOwner = 'Session', @LockMode = 'Exclusive';
SELECT @result
2026-03-29 20:53:49.372 +05:30 [INF] Executed DbCommand (14ms) [Parameters=[], CommandType='"Text"', CommandTimeout='30']
IF OBJECT_ID(N'[__EFMigrationsHistory]') IS NULL
BEGIN
    CREATE TABLE [__EFMigrationsHistory] (
        [MigrationId] nvarchar(150) NOT NULL,
        [ProductVersion] nvarchar(32) NOT NULL,
        CONSTRAINT [PK___EFMigrationsHistory] PRIMARY KEY ([MigrationId])
    );
END;
2026-03-29 20:53:49.428 +05:30 [INF] Executed DbCommand (1ms) [Parameters=[], CommandType='"Text"', CommandTimeout='30']
SELECT 1
2026-03-29 20:53:49.435 +05:30 [INF] Executed DbCommand (1ms) [Parameters=[], CommandType='"Text"', CommandTimeout='30']
SELECT OBJECT_ID(N'[__EFMigrationsHistory]');
2026-03-29 20:53:49.468 +05:30 [INF] Executed DbCommand (24ms) [Parameters=[], CommandType='"Text"', CommandTimeout='30']
SELECT [MigrationId], [ProductVersion]
FROM [__EFMigrationsHistory]
ORDER BY [MigrationId];
2026-03-29 20:53:49.501 +05:30 [INF] No migrations were applied. The database is already up to date.
2026-03-29 20:53:49.528 +05:30 [INF] Executed DbCommand (3ms) [Parameters=[], CommandType='"Text"', CommandTimeout='30']
DECLARE @result int;
EXEC @result = sp_releaseapplock @Resource = '__EFMigrationsLock', @LockOwner = 'Session';
SELECT @result
2026-03-29 20:53:49.865 +05:30 [INF] User profile is available. Using 'C:\Users\Srikrishna\AppData\Local\ASP.NET\DataProtection-Keys' as key repository and Windows DPAPI to encrypt keys at rest.
2026-03-29 20:53:50.339 +05:30 [INF] Now listening on: https://localhost:5031
2026-03-29 20:53:50.352 +05:30 [INF] Now listening on: http://localhost:5030
2026-03-29 20:53:50.457 +05:30 [INF] Application started. Press Ctrl+C to shut down.
2026-03-29 20:53:50.578 +05:30 [INF] Hosting environment: Development
2026-03-29 20:53:50.586 +05:30 [INF] Content root path: D:\DotNetCorePractise\MicroservicesAssesment\Services\CartService\CartService.API
2026-03-29 20:53:52.481 +05:30 [INF] Request starting HTTP/2 GET https://localhost:5031/ - null null
2026-03-29 20:53:55.100 +05:30 [INF] HTTP GET / responded 404 in 2257.7805 ms
2026-03-29 20:53:55.114 +05:30 [INF] Request finished HTTP/2 GET https://localhost:5031/ - 404 null null 2636.4788ms
2026-03-29 20:53:55.123 +05:30 [INF] Request reached the end of the middleware pipeline without being handled by application code. Request path: GET https://localhost:5031/, Response status code: 404
2026-03-29 20:54:31.136 +05:30 [INF] Request starting HTTP/2 GET https://localhost:5031/swagger - null null
2026-03-29 20:54:31.153 +05:30 [INF] HTTP GET /swagger responded 301 in 3.0861 ms
2026-03-29 20:54:31.156 +05:30 [INF] Request finished HTTP/2 GET https://localhost:5031/swagger - 301 null null 19.6829ms
2026-03-29 20:54:31.159 +05:30 [INF] Request starting HTTP/2 GET https://localhost:5031/swagger/index.html - null null
2026-03-29 20:54:31.254 +05:30 [INF] HTTP GET /swagger/index.html responded 200 in 90.8567 ms
2026-03-29 20:54:31.258 +05:30 [INF] Request finished HTTP/2 GET https://localhost:5031/swagger/index.html - 200 null text/html;charset=utf-8 98.7217ms
2026-03-29 20:54:31.302 +05:30 [INF] Request starting HTTP/2 GET https://localhost:5031/swagger/swagger-ui.css - null null
2026-03-29 20:54:31.303 +05:30 [INF] Request starting HTTP/2 GET https://localhost:5031/swagger/swagger-ui-bundle.js - null null
2026-03-29 20:54:31.302 +05:30 [INF] Request starting HTTP/2 GET https://localhost:5031/swagger/index.css - null null
2026-03-29 20:54:31.303 +05:30 [INF] Request starting HTTP/2 GET https://localhost:5031/swagger/swagger-ui-standalone-preset.js - null null
2026-03-29 20:54:31.310 +05:30 [INF] Request starting HTTP/2 GET https://localhost:5031/swagger/index.js - null null
2026-03-29 20:54:31.315 +05:30 [INF] Request starting HTTP/2 GET https://localhost:5031/_framework/aspnetcore-browser-refresh.js - null null
2026-03-29 20:54:31.365 +05:30 [INF] HTTP GET /swagger/index.js responded 200 in 1.3631 ms
2026-03-29 20:54:31.362 +05:30 [INF] Request starting HTTP/2 GET https://localhost:5031/_vs/browserLink - null null
2026-03-29 20:54:31.394 +05:30 [INF] Request finished HTTP/2 GET https://localhost:5031/swagger/index.js - 200 null application/javascript;charset=utf-8 85.7294ms
2026-03-29 20:54:31.396 +05:30 [INF] HTTP GET /swagger/index.css responded 200 in 73.7067 ms
2026-03-29 20:54:31.403 +05:30 [INF] Request finished HTTP/2 GET https://localhost:5031/swagger/index.css - 200 152 text/css 100.282ms
2026-03-29 20:54:31.415 +05:30 [INF] Request finished HTTP/2 GET https://localhost:5031/_framework/aspnetcore-browser-refresh.js - 200 14935 application/javascript; charset=utf-8 102.115ms
2026-03-29 20:54:31.416 +05:30 [INF] HTTP GET /swagger/swagger-ui.css responded 200 in 97.0367 ms
2026-03-29 20:54:31.416 +05:30 [INF] HTTP GET /swagger/swagger-ui-standalone-preset.js responded 200 in 90.4355 ms
2026-03-29 20:54:31.416 +05:30 [INF] HTTP GET /swagger/swagger-ui-bundle.js responded 200 in 95.6221 ms
2026-03-29 20:54:31.421 +05:30 [INF] Request finished HTTP/2 GET https://localhost:5031/swagger/swagger-ui.css - 200 26479 text/css 118.6198ms
2026-03-29 20:54:31.422 +05:30 [INF] Request finished HTTP/2 GET https://localhost:5031/swagger/swagger-ui-standalone-preset.js - 200 76613 text/javascript 119.5352ms
2026-03-29 20:54:31.424 +05:30 [INF] Request finished HTTP/2 GET https://localhost:5031/swagger/swagger-ui-bundle.js - 200 418181 text/javascript 120.9431ms
2026-03-29 20:54:31.505 +05:30 [INF] Request finished HTTP/2 GET https://localhost:5031/_vs/browserLink - 200 null text/javascript; charset=UTF-8 173.0781ms
2026-03-29 20:54:31.617 +05:30 [INF] Request starting HTTP/2 GET https://localhost:5031/swagger/v1/swagger.json - null null
2026-03-29 20:54:31.631 +05:30 [INF] HTTP GET /swagger/v1/swagger.json responded 200 in 10.3946 ms
2026-03-29 20:54:31.633 +05:30 [INF] Request finished HTTP/2 GET https://localhost:5031/swagger/v1/swagger.json - 200 null application/json;charset=utf-8 15.9452ms
2026-03-29 20:54:31.637 +05:30 [INF] Request starting HTTP/2 GET https://localhost:5031/swagger/favicon-32x32.png - null null
2026-03-29 20:54:31.643 +05:30 [INF] HTTP GET /swagger/favicon-32x32.png responded 200 in 2.4651 ms
2026-03-29 20:54:31.645 +05:30 [INF] Request finished HTTP/2 GET https://localhost:5031/swagger/favicon-32x32.png - 200 628 image/png 7.7437ms
2026-03-29 20:54:40.247 +05:30 [INF] Request starting HTTP/2 GET https://localhost:5031/api/v1/cart - null null
2026-03-29 20:54:40.263 +05:30 [INF] Authorization failed. These requirements were not met:
DenyAnonymousAuthorizationRequirement: Requires an authenticated user.
2026-03-29 20:54:40.269 +05:30 [INF] AuthenticationScheme: Bearer was challenged.
2026-03-29 20:54:40.271 +05:30 [INF] HTTP GET /api/v1/cart responded 401 in 18.7187 ms
2026-03-29 20:54:40.272 +05:30 [INF] Request finished HTTP/2 GET https://localhost:5031/api/v1/cart - 401 0 null 25.34ms
2026-03-29 20:54:53.784 +05:30 [INF] Request starting HTTP/2 GET https://localhost:5031/api/v1/cart - null null
2026-03-29 20:54:53.884 +05:30 [INF] Failed to validate the token.
Microsoft.IdentityModel.Tokens.SecurityTokenSignatureKeyNotFoundException: IDX10517: Signature validation failed. The token's kid is missing. Keys tried: 'Microsoft.IdentityModel.Tokens.SymmetricSecurityKey, KeyId: '', InternalId: '_8baCqeTu3OmEX6RE-NqGW6_LGya5Htjzz-S9sKCJWU'. , KeyId: 
'.
Number of keys in TokenValidationParameters: '1'. 
Number of keys in Configuration: '0'.
Exceptions caught:
 '[PII of type 'System.String' is hidden. For more details, see https://aka.ms/IdentityModel/PII.]'.
token: '[PII of type 'Microsoft.IdentityModel.JsonWebTokens.JsonWebToken' is hidden. For more details, see https://aka.ms/IdentityModel/PII.]'. See https://aka.ms/IDX10503 for details.
   at Microsoft.IdentityModel.JsonWebTokens.JsonWebTokenHandler.ValidateSignature(JsonWebToken jwtToken, TokenValidationParameters validationParameters, BaseConfiguration configuration)
   at Microsoft.IdentityModel.JsonWebTokens.JsonWebTokenHandler.ValidateSignatureAndIssuerSecurityKey(JsonWebToken jsonWebToken, TokenValidationParameters validationParameters, BaseConfiguration configuration)
   at Microsoft.IdentityModel.JsonWebTokens.JsonWebTokenHandler.ValidateJWSAsync(JsonWebToken jsonWebToken, TokenValidationParameters validationParameters, BaseConfiguration configuration)
2026-03-29 20:54:53.903 +05:30 [INF] Bearer was not authenticated. Failure message: IDX10517: Signature validation failed. The token's kid is missing. Keys tried: 'Microsoft.IdentityModel.Tokens.SymmetricSecurityKey, KeyId: '', InternalId: '_8baCqeTu3OmEX6RE-NqGW6_LGya5Htjzz-S9sKCJWU'. , KeyId: 
'.
Number of keys in TokenValidationParameters: '1'. 
Number of keys in Configuration: '0'.
Exceptions caught:
 '[PII of type 'System.String' is hidden. For more details, see https://aka.ms/IdentityModel/PII.]'.
token: '[PII of type 'Microsoft.IdentityModel.JsonWebTokens.JsonWebToken' is hidden. For more details, see https://aka.ms/IdentityModel/PII.]'. See https://aka.ms/IDX10503 for details.
2026-03-29 20:54:53.904 +05:30 [INF] Authorization failed. These requirements were not met:
DenyAnonymousAuthorizationRequirement: Requires an authenticated user.
2026-03-29 20:54:53.906 +05:30 [INF] AuthenticationScheme: Bearer was challenged.
2026-03-29 20:54:53.907 +05:30 [INF] HTTP GET /api/v1/cart responded 401 in 120.8530 ms
2026-03-29 20:54:53.908 +05:30 [INF] Request finished HTTP/2 GET https://localhost:5031/api/v1/cart - 401 0 null 124.6995ms
2026-03-29 20:55:02.138 +05:30 [INF] Request starting HTTP/2 GET https://localhost:5031/api/v1/cart - null null
2026-03-29 20:55:02.142 +05:30 [INF] Failed to validate the token.
Microsoft.IdentityModel.Tokens.SecurityTokenSignatureKeyNotFoundException: IDX10517: Signature validation failed. The token's kid is missing. Keys tried: 'Microsoft.IdentityModel.Tokens.SymmetricSecurityKey, KeyId: '', InternalId: '_8baCqeTu3OmEX6RE-NqGW6_LGya5Htjzz-S9sKCJWU'. , KeyId: 
'.
Number of keys in TokenValidationParameters: '1'. 
Number of keys in Configuration: '0'.
Exceptions caught:
 '[PII of type 'System.String' is hidden. For more details, see https://aka.ms/IdentityModel/PII.]'.
token: '[PII of type 'Microsoft.IdentityModel.JsonWebTokens.JsonWebToken' is hidden. For more details, see https://aka.ms/IdentityModel/PII.]'. See https://aka.ms/IDX10503 for details.
   at Microsoft.IdentityModel.JsonWebTokens.JsonWebTokenHandler.ValidateSignature(JsonWebToken jwtToken, TokenValidationParameters validationParameters, BaseConfiguration configuration)
   at Microsoft.IdentityModel.JsonWebTokens.JsonWebTokenHandler.ValidateSignatureAndIssuerSecurityKey(JsonWebToken jsonWebToken, TokenValidationParameters validationParameters, BaseConfiguration configuration)
   at Microsoft.IdentityModel.JsonWebTokens.JsonWebTokenHandler.ValidateJWSAsync(JsonWebToken jsonWebToken, TokenValidationParameters validationParameters, BaseConfiguration configuration)
2026-03-29 20:55:02.144 +05:30 [INF] Bearer was not authenticated. Failure message: IDX10517: Signature validation failed. The token's kid is missing. Keys tried: 'Microsoft.IdentityModel.Tokens.SymmetricSecurityKey, KeyId: '', InternalId: '_8baCqeTu3OmEX6RE-NqGW6_LGya5Htjzz-S9sKCJWU'. , KeyId: 
'.
Number of keys in TokenValidationParameters: '1'. 
Number of keys in Configuration: '0'.
Exceptions caught:
 '[PII of type 'System.String' is hidden. For more details, see https://aka.ms/IdentityModel/PII.]'.
token: '[PII of type 'Microsoft.IdentityModel.JsonWebTokens.JsonWebToken' is hidden. For more details, see https://aka.ms/IdentityModel/PII.]'. See https://aka.ms/IDX10503 for details.
2026-03-29 20:55:02.157 +05:30 [INF] Authorization failed. These requirements were not met:
DenyAnonymousAuthorizationRequirement: Requires an authenticated user.
2026-03-29 20:55:02.158 +05:30 [INF] AuthenticationScheme: Bearer was challenged.
2026-03-29 20:55:02.159 +05:30 [INF] HTTP GET /api/v1/cart responded 401 in 18.9190 ms
2026-03-29 20:55:02.161 +05:30 [INF] Request finished HTTP/2 GET https://localhost:5031/api/v1/cart - 401 0 null 23.3157ms
2026-03-29 20:56:26.231 +05:30 [INF] Executed DbCommand (35ms) [Parameters=[], CommandType='"Text"', CommandTimeout='30']
SELECT 1
2026-03-29 20:56:26.343 +05:30 [INF] Acquiring an exclusive lock for migration application. See https://aka.ms/efcore-docs-migrations-lock for more information if this takes too long.
2026-03-29 20:56:26.372 +05:30 [INF] Executed DbCommand (24ms) [Parameters=[], CommandType='"Text"', CommandTimeout='30']
DECLARE @result int;
EXEC @result = sp_getapplock @Resource = '__EFMigrationsLock', @LockOwner = 'Session', @LockMode = 'Exclusive';
SELECT @result
2026-03-29 20:56:26.490 +05:30 [INF] Executed DbCommand (2ms) [Parameters=[], CommandType='"Text"', CommandTimeout='30']
IF OBJECT_ID(N'[__EFMigrationsHistory]') IS NULL
BEGIN
    CREATE TABLE [__EFMigrationsHistory] (
        [MigrationId] nvarchar(150) NOT NULL,
        [ProductVersion] nvarchar(32) NOT NULL,
        CONSTRAINT [PK___EFMigrationsHistory] PRIMARY KEY ([MigrationId])
    );
END;
2026-03-29 20:56:26.507 +05:30 [INF] Executed DbCommand (1ms) [Parameters=[], CommandType='"Text"', CommandTimeout='30']
SELECT 1
2026-03-29 20:56:26.512 +05:30 [INF] Executed DbCommand (1ms) [Parameters=[], CommandType='"Text"', CommandTimeout='30']
SELECT OBJECT_ID(N'[__EFMigrationsHistory]');
2026-03-29 20:56:26.531 +05:30 [INF] Executed DbCommand (13ms) [Parameters=[], CommandType='"Text"', CommandTimeout='30']
SELECT [MigrationId], [ProductVersion]
FROM [__EFMigrationsHistory]
ORDER BY [MigrationId];
2026-03-29 20:56:26.552 +05:30 [INF] No migrations were applied. The database is already up to date.
2026-03-29 20:56:26.558 +05:30 [INF] Executed DbCommand (3ms) [Parameters=[], CommandType='"Text"', CommandTimeout='30']
DECLARE @result int;
EXEC @result = sp_releaseapplock @Resource = '__EFMigrationsLock', @LockOwner = 'Session';
SELECT @result
2026-03-29 20:56:26.748 +05:30 [INF] User profile is available. Using 'C:\Users\Srikrishna\AppData\Local\ASP.NET\DataProtection-Keys' as key repository and Windows DPAPI to encrypt keys at rest.
2026-03-29 20:56:27.112 +05:30 [INF] Now listening on: https://localhost:5031
2026-03-29 20:56:27.163 +05:30 [INF] Now listening on: http://localhost:5030
2026-03-29 20:56:27.286 +05:30 [INF] Application started. Press Ctrl+C to shut down.
2026-03-29 20:56:27.288 +05:30 [INF] Hosting environment: Development
2026-03-29 20:56:27.289 +05:30 [INF] Content root path: D:\DotNetCorePractise\MicroservicesAssesment\Services\CartService\CartService.API
2026-03-29 20:56:28.399 +05:30 [INF] Request starting HTTP/2 GET https://localhost:5031/ - null null
2026-03-29 20:56:28.734 +05:30 [INF] HTTP GET / responded 404 in 121.2700 ms
2026-03-29 20:56:28.748 +05:30 [INF] Request finished HTTP/2 GET https://localhost:5031/ - 404 null null 350.7079ms
2026-03-29 20:56:28.757 +05:30 [INF] Request reached the end of the middleware pipeline without being handled by application code. Request path: GET https://localhost:5031/, Response status code: 404
2026-03-29 21:19:06.193 +05:30 [INF] Executed DbCommand (30ms) [Parameters=[], CommandType='"Text"', CommandTimeout='30']
SELECT 1
2026-03-29 21:19:06.270 +05:30 [INF] Acquiring an exclusive lock for migration application. See https://aka.ms/efcore-docs-migrations-lock for more information if this takes too long.
2026-03-29 21:19:06.296 +05:30 [INF] Executed DbCommand (21ms) [Parameters=[], CommandType='"Text"', CommandTimeout='30']
DECLARE @result int;
EXEC @result = sp_getapplock @Resource = '__EFMigrationsLock', @LockOwner = 'Session', @LockMode = 'Exclusive';
SELECT @result
2026-03-29 21:19:06.425 +05:30 [INF] Executed DbCommand (5ms) [Parameters=[], CommandType='"Text"', CommandTimeout='30']
IF OBJECT_ID(N'[__EFMigrationsHistory]') IS NULL
BEGIN
    CREATE TABLE [__EFMigrationsHistory] (
        [MigrationId] nvarchar(150) NOT NULL,
        [ProductVersion] nvarchar(32) NOT NULL,
        CONSTRAINT [PK___EFMigrationsHistory] PRIMARY KEY ([MigrationId])
    );
END;
2026-03-29 21:19:06.445 +05:30 [INF] Executed DbCommand (0ms) [Parameters=[], CommandType='"Text"', CommandTimeout='30']
SELECT 1
2026-03-29 21:19:06.453 +05:30 [INF] Executed DbCommand (1ms) [Parameters=[], CommandType='"Text"', CommandTimeout='30']
SELECT OBJECT_ID(N'[__EFMigrationsHistory]');
2026-03-29 21:19:06.467 +05:30 [INF] Executed DbCommand (5ms) [Parameters=[], CommandType='"Text"', CommandTimeout='30']
SELECT [MigrationId], [ProductVersion]
FROM [__EFMigrationsHistory]
ORDER BY [MigrationId];
2026-03-29 21:19:06.481 +05:30 [INF] No migrations were applied. The database is already up to date.
2026-03-29 21:19:06.487 +05:30 [INF] Executed DbCommand (2ms) [Parameters=[], CommandType='"Text"', CommandTimeout='30']
DECLARE @result int;
EXEC @result = sp_releaseapplock @Resource = '__EFMigrationsLock', @LockOwner = 'Session';
SELECT @result
2026-03-29 21:19:06.732 +05:30 [INF] User profile is available. Using 'C:\Users\Srikrishna\AppData\Local\ASP.NET\DataProtection-Keys' as key repository and Windows DPAPI to encrypt keys at rest.
2026-03-29 21:19:07.169 +05:30 [INF] Now listening on: https://localhost:5031
2026-03-29 21:19:07.198 +05:30 [INF] Now listening on: http://localhost:5030
2026-03-29 21:19:07.336 +05:30 [INF] Application started. Press Ctrl+C to shut down.
2026-03-29 21:19:07.370 +05:30 [INF] Hosting environment: Development
2026-03-29 21:19:07.374 +05:30 [INF] Content root path: D:\DotNetCorePractise\MicroservicesAssesment\Services\CartService\CartService.API
2026-03-29 21:19:07.775 +05:30 [INF] Request starting HTTP/2 GET https://localhost:5031/ - null null
2026-03-29 21:19:08.084 +05:30 [INF] HTTP GET / responded 404 in 129.7571 ms
2026-03-29 21:19:08.103 +05:30 [INF] Request finished HTTP/2 GET https://localhost:5031/ - 404 null null 333.259ms
2026-03-29 21:19:08.116 +05:30 [INF] Request reached the end of the middleware pipeline without being handled by application code. Request path: GET https://localhost:5031/, Response status code: 404
2026-03-29 21:19:35.266 +05:30 [INF] Request starting HTTP/1.1 GET http://localhost:5030/swagger - null null
2026-03-29 21:19:35.278 +05:30 [INF] HTTP GET /swagger responded 301 in 1.3239 ms
2026-03-29 21:19:35.290 +05:30 [INF] Request finished HTTP/1.1 GET http://localhost:5030/swagger - 301 null null 23.6135ms
2026-03-29 21:19:35.294 +05:30 [INF] Request starting HTTP/1.1 GET http://localhost:5030/swagger/index.html - null null
2026-03-29 21:19:35.380 +05:30 [INF] HTTP GET /swagger/index.html responded 200 in 79.6255 ms
2026-03-29 21:19:35.384 +05:30 [INF] Request finished HTTP/1.1 GET http://localhost:5030/swagger/index.html - 200 null text/html;charset=utf-8 89.6093ms
2026-03-29 21:19:35.426 +05:30 [INF] Request starting HTTP/1.1 GET http://localhost:5030/swagger/swagger-ui.css - null null
2026-03-29 21:19:35.429 +05:30 [INF] Request starting HTTP/1.1 GET http://localhost:5030/_framework/aspnetcore-browser-refresh.js - null null
2026-03-29 21:19:35.429 +05:30 [INF] Request starting HTTP/1.1 GET http://localhost:5030/swagger/index.js - null null
2026-03-29 21:19:35.427 +05:30 [INF] Request starting HTTP/1.1 GET http://localhost:5030/swagger/swagger-ui-standalone-preset.js - null null
2026-03-29 21:19:35.461 +05:30 [INF] Request finished HTTP/1.1 GET http://localhost:5030/_framework/aspnetcore-browser-refresh.js - 200 14935 application/javascript; charset=utf-8 31.5404ms
2026-03-29 21:19:35.427 +05:30 [INF] Request starting HTTP/1.1 GET http://localhost:5030/swagger/swagger-ui-bundle.js - null null
2026-03-29 21:19:35.426 +05:30 [INF] Request starting HTTP/1.1 GET http://localhost:5030/swagger/index.css - null null
2026-03-29 21:19:35.462 +05:30 [INF] HTTP GET /swagger/index.js responded 200 in 1.6419 ms
2026-03-29 21:19:35.468 +05:30 [INF] HTTP GET /swagger/swagger-ui.css responded 200 in 12.0666 ms
2026-03-29 21:19:35.468 +05:30 [INF] Request starting HTTP/1.1 GET http://localhost:5030/_vs/browserLink - null null
2026-03-29 21:19:35.470 +05:30 [INF] HTTP GET /swagger/swagger-ui-standalone-preset.js responded 200 in 6.1806 ms
2026-03-29 21:19:35.491 +05:30 [INF] Request finished HTTP/1.1 GET http://localhost:5030/swagger/index.js - 200 null application/javascript;charset=utf-8 61.997ms
2026-03-29 21:19:35.492 +05:30 [INF] HTTP GET /swagger/index.css responded 200 in 18.8517 ms
2026-03-29 21:19:35.498 +05:30 [INF] Request finished HTTP/1.1 GET http://localhost:5030/swagger/swagger-ui-standalone-preset.js - 200 76613 text/javascript 70.7465ms
2026-03-29 21:19:35.504 +05:30 [INF] Request finished HTTP/1.1 GET http://localhost:5030/swagger/index.css - 200 152 text/css 78.4953ms
2026-03-29 21:19:35.493 +05:30 [INF] Request finished HTTP/1.1 GET http://localhost:5030/swagger/swagger-ui.css - 200 26479 text/css 67.4208ms
2026-03-29 21:19:35.502 +05:30 [INF] HTTP GET /swagger/swagger-ui-bundle.js responded 200 in 31.4812 ms
2026-03-29 21:19:35.523 +05:30 [INF] Request finished HTTP/1.1 GET http://localhost:5030/swagger/swagger-ui-bundle.js - 200 418181 text/javascript 96.3448ms
2026-03-29 21:19:35.540 +05:30 [INF] Request finished HTTP/1.1 GET http://localhost:5030/_vs/browserLink - 200 null text/javascript; charset=UTF-8 71.3073ms
2026-03-29 21:19:35.667 +05:30 [INF] Request starting HTTP/1.1 GET http://localhost:5030/swagger/v1/swagger.json - null null
2026-03-29 21:19:35.681 +05:30 [INF] HTTP GET /swagger/v1/swagger.json responded 200 in 11.4589 ms
2026-03-29 21:19:35.683 +05:30 [INF] Request finished HTTP/1.1 GET http://localhost:5030/swagger/v1/swagger.json - 200 null application/json;charset=utf-8 16.319ms
2026-03-29 21:19:35.691 +05:30 [INF] Request starting HTTP/1.1 GET http://localhost:5030/swagger/favicon-32x32.png - null null
2026-03-29 21:19:35.695 +05:30 [INF] HTTP GET /swagger/favicon-32x32.png responded 200 in 1.7056 ms
2026-03-29 21:19:35.697 +05:30 [INF] Request finished HTTP/1.1 GET http://localhost:5030/swagger/favicon-32x32.png - 200 628 image/png 6.5462ms
2026-03-29 21:19:54.977 +05:30 [INF] Request starting HTTP/1.1 GET http://localhost:5030/api/v1/cart - null null
2026-03-29 21:19:55.042 +05:30 [INF] Failed to validate the token.
Microsoft.IdentityModel.Tokens.SecurityTokenSignatureKeyNotFoundException: IDX10517: Signature validation failed. The token's kid is missing. Keys tried: 'Microsoft.IdentityModel.Tokens.SymmetricSecurityKey, KeyId: '', InternalId: '_8baCqeTu3OmEX6RE-NqGW6_LGya5Htjzz-S9sKCJWU'. , KeyId: 
'.
Number of keys in TokenValidationParameters: '1'. 
Number of keys in Configuration: '0'.
Exceptions caught:
 '[PII of type 'System.String' is hidden. For more details, see https://aka.ms/IdentityModel/PII.]'.
token: '[PII of type 'Microsoft.IdentityModel.JsonWebTokens.JsonWebToken' is hidden. For more details, see https://aka.ms/IdentityModel/PII.]'. See https://aka.ms/IDX10503 for details.
   at Microsoft.IdentityModel.JsonWebTokens.JsonWebTokenHandler.ValidateSignature(JsonWebToken jwtToken, TokenValidationParameters validationParameters, BaseConfiguration configuration)
   at Microsoft.IdentityModel.JsonWebTokens.JsonWebTokenHandler.ValidateSignatureAndIssuerSecurityKey(JsonWebToken jsonWebToken, TokenValidationParameters validationParameters, BaseConfiguration configuration)
   at Microsoft.IdentityModel.JsonWebTokens.JsonWebTokenHandler.ValidateJWSAsync(JsonWebToken jsonWebToken, TokenValidationParameters validationParameters, BaseConfiguration configuration)
2026-03-29 21:19:55.059 +05:30 [INF] Bearer was not authenticated. Failure message: IDX10517: Signature validation failed. The token's kid is missing. Keys tried: 'Microsoft.IdentityModel.Tokens.SymmetricSecurityKey, KeyId: '', InternalId: '_8baCqeTu3OmEX6RE-NqGW6_LGya5Htjzz-S9sKCJWU'. , KeyId: 
'.
Number of keys in TokenValidationParameters: '1'. 
Number of keys in Configuration: '0'.
Exceptions caught:
 '[PII of type 'System.String' is hidden. For more details, see https://aka.ms/IdentityModel/PII.]'.
token: '[PII of type 'Microsoft.IdentityModel.JsonWebTokens.JsonWebToken' is hidden. For more details, see https://aka.ms/IdentityModel/PII.]'. See https://aka.ms/IDX10503 for details.
2026-03-29 21:19:55.066 +05:30 [INF] Authorization failed. These requirements were not met:
DenyAnonymousAuthorizationRequirement: Requires an authenticated user.
2026-03-29 21:19:55.071 +05:30 [INF] AuthenticationScheme: Bearer was challenged.
2026-03-29 21:19:55.072 +05:30 [INF] HTTP GET /api/v1/cart responded 401 in 90.9135 ms
2026-03-29 21:19:55.074 +05:30 [INF] Request finished HTTP/1.1 GET http://localhost:5030/api/v1/cart - 401 0 null 96.7334ms
2026-03-29 21:20:21.921 +05:30 [INF] Request starting HTTP/1.1 GET http://localhost:5030/swagger/index.html - null null
2026-03-29 21:20:21.927 +05:30 [INF] HTTP GET /swagger/index.html responded 304 in 0.2841 ms
2026-03-29 21:20:21.928 +05:30 [INF] Request finished HTTP/1.1 GET http://localhost:5030/swagger/index.html - 304 null null 7.3636ms
2026-03-29 21:20:21.963 +05:30 [INF] Request starting HTTP/1.1 GET http://localhost:5030/swagger/swagger-ui.css - null null
2026-03-29 21:20:21.964 +05:30 [INF] Request starting HTTP/1.1 GET http://localhost:5030/swagger/swagger-ui-standalone-preset.js - null null
2026-03-29 21:20:21.965 +05:30 [INF] Request starting HTTP/1.1 GET http://localhost:5030/swagger/swagger-ui-bundle.js - null null
2026-03-29 21:20:21.964 +05:30 [INF] Request starting HTTP/1.1 GET http://localhost:5030/swagger/index.css - null null
2026-03-29 21:20:22.004 +05:30 [INF] Request starting HTTP/1.1 GET http://localhost:5030/swagger/index.js - null null
2026-03-29 21:20:22.004 +05:30 [INF] Request starting HTTP/1.1 GET http://localhost:5030/_framework/aspnetcore-browser-refresh.js - null null
2026-03-29 21:20:22.008 +05:30 [INF] HTTP GET /swagger/swagger-ui.css responded 304 in 0.0855 ms
2026-03-29 21:20:22.010 +05:30 [INF] HTTP GET /swagger/swagger-ui-standalone-preset.js responded 304 in 0.0548 ms
2026-03-29 21:20:22.012 +05:30 [INF] HTTP GET /swagger/swagger-ui-bundle.js responded 304 in 0.0520 ms
2026-03-29 21:20:22.015 +05:30 [INF] HTTP GET /swagger/index.css responded 304 in 0.0534 ms
2026-03-29 21:20:22.017 +05:30 [INF] HTTP GET /swagger/index.js responded 304 in 0.2388 ms
2026-03-29 21:20:22.019 +05:30 [INF] Request finished HTTP/1.1 GET http://localhost:5030/_framework/aspnetcore-browser-refresh.js - 200 14935 application/javascript; charset=utf-8 14.9046ms
2026-03-29 21:20:22.023 +05:30 [INF] Request finished HTTP/1.1 GET http://localhost:5030/swagger/swagger-ui.css - 304 null null 59.7961ms
2026-03-29 21:20:22.025 +05:30 [INF] Request finished HTTP/1.1 GET http://localhost:5030/swagger/swagger-ui-standalone-preset.js - 304 null null 60.2965ms
2026-03-29 21:20:22.026 +05:30 [INF] Request finished HTTP/1.1 GET http://localhost:5030/swagger/swagger-ui-bundle.js - 304 null null 61.5305ms
2026-03-29 21:20:22.028 +05:30 [INF] Request finished HTTP/1.1 GET http://localhost:5030/swagger/index.css - 304 null null 64.6176ms
2026-03-29 21:20:22.030 +05:30 [INF] Request finished HTTP/1.1 GET http://localhost:5030/swagger/index.js - 304 null null 26.7544ms
2026-03-29 21:20:22.050 +05:30 [INF] Request starting HTTP/1.1 GET http://localhost:5030/_vs/browserLink - null null
2026-03-29 21:20:22.066 +05:30 [INF] Request finished HTTP/1.1 GET http://localhost:5030/_vs/browserLink - 200 null text/javascript; charset=UTF-8 15.4113ms
2026-03-29 21:20:22.128 +05:30 [INF] Request starting HTTP/1.1 GET http://localhost:5030/swagger/v1/swagger.json - null null
2026-03-29 21:20:22.132 +05:30 [INF] Request starting HTTP/1.1 GET http://localhost:5030/swagger/favicon-32x32.png - null null
2026-03-29 21:20:22.135 +05:30 [INF] HTTP GET /swagger/favicon-32x32.png responded 304 in 0.0840 ms
2026-03-29 21:20:22.135 +05:30 [INF] HTTP GET /swagger/v1/swagger.json responded 200 in 3.9996 ms
2026-03-29 21:20:22.137 +05:30 [INF] Request finished HTTP/1.1 GET http://localhost:5030/swagger/favicon-32x32.png - 304 null null 5.3702ms
2026-03-29 21:20:22.140 +05:30 [INF] Request finished HTTP/1.1 GET http://localhost:5030/swagger/v1/swagger.json - 200 null application/json;charset=utf-8 11.8121ms
