2026-03-30 11:18:21.258 +05:30 [INF] Executed DbCommand (39ms) [Parameters=[], CommandType='"Text"', CommandTimeout='30']
SELECT 1
2026-03-30 11:18:21.375 +05:30 [INF] Acquiring an exclusive lock for migration application. See https://aka.ms/efcore-docs-migrations-lock for more information if this takes too long.
2026-03-30 11:18:21.451 +05:30 [INF] Executed DbCommand (65ms) [Parameters=[], CommandType='"Text"', CommandTimeout='30']
DECLARE @result int;
EXEC @result = sp_getapplock @Resource = '__EFMigrationsLock', @LockOwner = 'Session', @LockMode = 'Exclusive';
SELECT @result
2026-03-30 11:18:21.630 +05:30 [INF] Executed DbCommand (8ms) [Parameters=[], CommandType='"Text"', CommandTimeout='30']
IF OBJECT_ID(N'[__EFMigrationsHistory]') IS NULL
BEGIN
    CREATE TABLE [__EFMigrationsHistory] (
        [MigrationId] nvarchar(150) NOT NULL,
        [ProductVersion] nvarchar(32) NOT NULL,
        CONSTRAINT [PK___EFMigrationsHistory] PRIMARY KEY ([MigrationId])
    );
END;
2026-03-30 11:18:21.671 +05:30 [INF] Executed DbCommand (2ms) [Parameters=[], CommandType='"Text"', CommandTimeout='30']
SELECT 1
2026-03-30 11:18:21.677 +05:30 [INF] Executed DbCommand (1ms) [Parameters=[], CommandType='"Text"', CommandTimeout='30']
SELECT OBJECT_ID(N'[__EFMigrationsHistory]');
2026-03-30 11:18:21.717 +05:30 [INF] Executed DbCommand (31ms) [Parameters=[], CommandType='"Text"', CommandTimeout='30']
SELECT [MigrationId], [ProductVersion]
FROM [__EFMigrationsHistory]
ORDER BY [MigrationId];
2026-03-30 11:18:21.738 +05:30 [INF] No migrations were applied. The database is already up to date.
2026-03-30 11:18:21.752 +05:30 [INF] Executed DbCommand (8ms) [Parameters=[], CommandType='"Text"', CommandTimeout='30']
DECLARE @result int;
EXEC @result = sp_releaseapplock @Resource = '__EFMigrationsLock', @LockOwner = 'Session';
SELECT @result
2026-03-30 11:18:22.100 +05:30 [INF] User profile is available. Using 'C:\Users\Srikrishna\AppData\Local\ASP.NET\DataProtection-Keys' as key repository and Windows DPAPI to encrypt keys at rest.
2026-03-30 11:18:22.622 +05:30 [INF] Now listening on: https://localhost:5031
2026-03-30 11:18:22.627 +05:30 [INF] Now listening on: http://localhost:5030
2026-03-30 11:18:22.855 +05:30 [INF] Application started. Press Ctrl+C to shut down.
2026-03-30 11:18:22.858 +05:30 [INF] Hosting environment: Development
2026-03-30 11:18:22.859 +05:30 [INF] Content root path: D:\DotNetCorePractise\MicroservicesAssesment\Services\CartService\CartService.API
2026-03-30 11:18:24.888 +05:30 [INF] Request starting HTTP/2 GET https://localhost:5031/ - null null
2026-03-30 11:18:28.234 +05:30 [INF] HTTP GET / responded 404 in 3086.7636 ms
2026-03-30 11:18:28.288 +05:30 [INF] Request finished HTTP/2 GET https://localhost:5031/ - 404 null null 3403.4445ms
2026-03-30 11:18:28.324 +05:30 [INF] Request reached the end of the middleware pipeline without being handled by application code. Request path: GET https://localhost:5031/, Response status code: 404
2026-03-30 11:21:13.392 +05:30 [INF] Request starting HTTP/1.1 GET http://localhost:5030/swagger - null null
2026-03-30 11:21:13.417 +05:30 [INF] HTTP GET /swagger responded 301 in 1.8552 ms
2026-03-30 11:21:13.432 +05:30 [INF] Request finished HTTP/1.1 GET http://localhost:5030/swagger - 301 null null 40.4631ms
2026-03-30 11:21:13.438 +05:30 [INF] Request starting HTTP/1.1 GET http://localhost:5030/swagger/index.html - null null
2026-03-30 11:21:13.555 +05:30 [INF] HTTP GET /swagger/index.html responded 200 in 108.0643 ms
2026-03-30 11:21:13.559 +05:30 [INF] Request finished HTTP/1.1 GET http://localhost:5030/swagger/index.html - 200 null text/html;charset=utf-8 121.3172ms
2026-03-30 11:21:13.604 +05:30 [INF] Request starting HTTP/1.1 GET http://localhost:5030/swagger/swagger-ui.css - null null
2026-03-30 11:21:13.641 +05:30 [INF] Request starting HTTP/1.1 GET http://localhost:5030/swagger/index.css - null null
2026-03-30 11:21:13.712 +05:30 [INF] Request starting HTTP/1.1 GET http://localhost:5030/_framework/aspnetcore-browser-refresh.js - null null
2026-03-30 11:21:13.673 +05:30 [INF] Request starting HTTP/1.1 GET http://localhost:5030/swagger/swagger-ui-bundle.js - null null
2026-03-30 11:21:13.674 +05:30 [INF] Request starting HTTP/1.1 GET http://localhost:5030/swagger/swagger-ui-standalone-preset.js - null null
2026-03-30 11:21:13.679 +05:30 [INF] Request starting HTTP/1.1 GET http://localhost:5030/swagger/index.js - null null
2026-03-30 11:21:13.720 +05:30 [INF] Request finished HTTP/1.1 GET http://localhost:5030/_framework/aspnetcore-browser-refresh.js - 200 14935 application/javascript; charset=utf-8 7.9188ms
2026-03-30 11:21:13.731 +05:30 [INF] HTTP GET /swagger/index.css responded 200 in 17.5440 ms
2026-03-30 11:21:13.731 +05:30 [INF] HTTP GET /swagger/swagger-ui.css responded 200 in 57.6251 ms
2026-03-30 11:21:13.738 +05:30 [INF] HTTP GET /swagger/index.js responded 200 in 7.9855 ms
2026-03-30 11:21:13.739 +05:30 [INF] HTTP GET /swagger/swagger-ui-standalone-preset.js responded 200 in 12.1161 ms
2026-03-30 11:21:13.742 +05:30 [INF] Request finished HTTP/1.1 GET http://localhost:5030/swagger/index.css - 200 152 text/css 101.1253ms
2026-03-30 11:21:13.744 +05:30 [INF] Request finished HTTP/1.1 GET http://localhost:5030/swagger/swagger-ui.css - 200 26479 text/css 140.1987ms
2026-03-30 11:21:13.746 +05:30 [INF] Request finished HTTP/1.1 GET http://localhost:5030/swagger/index.js - 200 null application/javascript;charset=utf-8 67.2343ms
2026-03-30 11:21:13.748 +05:30 [INF] Request finished HTTP/1.1 GET http://localhost:5030/swagger/swagger-ui-standalone-preset.js - 200 76613 text/javascript 74.1375ms
2026-03-30 11:21:13.751 +05:30 [INF] HTTP GET /swagger/swagger-ui-bundle.js responded 200 in 32.0607 ms
2026-03-30 11:21:13.768 +05:30 [INF] Request finished HTTP/1.1 GET http://localhost:5030/swagger/swagger-ui-bundle.js - 200 418181 text/javascript 94.7252ms
2026-03-30 11:21:13.797 +05:30 [INF] Request starting HTTP/1.1 GET http://localhost:5030/_vs/browserLink - null null
2026-03-30 11:21:13.847 +05:30 [INF] Request finished HTTP/1.1 GET http://localhost:5030/_vs/browserLink - 200 null text/javascript; charset=UTF-8 50.228ms
2026-03-30 11:21:14.020 +05:30 [INF] Request starting HTTP/1.1 GET http://localhost:5030/swagger/v1/swagger.json - null null
2026-03-30 11:21:14.037 +05:30 [INF] HTTP GET /swagger/v1/swagger.json responded 200 in 13.3241 ms
2026-03-30 11:21:14.040 +05:30 [INF] Request finished HTTP/1.1 GET http://localhost:5030/swagger/v1/swagger.json - 200 null application/json;charset=utf-8 19.4533ms
2026-03-30 11:21:24.218 +05:30 [INF] Request starting HTTP/1.1 GET http://localhost:5030/api/v1/cart - null null
2026-03-30 11:21:24.250 +05:30 [INF] Authorization failed. These requirements were not met:
DenyAnonymousAuthorizationRequirement: Requires an authenticated user.
2026-03-30 11:21:24.259 +05:30 [INF] AuthenticationScheme: Bearer was challenged.
2026-03-30 11:21:24.261 +05:30 [INF] HTTP GET /api/v1/cart responded 401 in 34.6673 ms
2026-03-30 11:21:24.263 +05:30 [INF] Request finished HTTP/1.1 GET http://localhost:5030/api/v1/cart - 401 0 null 44.621ms
2026-03-30 11:31:07.826 +05:30 [INF] Executed DbCommand (34ms) [Parameters=[], CommandType='"Text"', CommandTimeout='30']
SELECT 1
2026-03-30 11:31:07.917 +05:30 [INF] Acquiring an exclusive lock for migration application. See https://aka.ms/efcore-docs-migrations-lock for more information if this takes too long.
2026-03-30 11:31:07.953 +05:30 [INF] Executed DbCommand (28ms) [Parameters=[], CommandType='"Text"', CommandTimeout='30']
DECLARE @result int;
EXEC @result = sp_getapplock @Resource = '__EFMigrationsLock', @LockOwner = 'Session', @LockMode = 'Exclusive';
SELECT @result
2026-03-30 11:31:08.088 +05:30 [INF] Executed DbCommand (2ms) [Parameters=[], CommandType='"Text"', CommandTimeout='30']
IF OBJECT_ID(N'[__EFMigrationsHistory]') IS NULL
BEGIN
    CREATE TABLE [__EFMigrationsHistory] (
        [MigrationId] nvarchar(150) NOT NULL,
        [ProductVersion] nvarchar(32) NOT NULL,
        CONSTRAINT [PK___EFMigrationsHistory] PRIMARY KEY ([MigrationId])
    );
END;
2026-03-30 11:31:08.107 +05:30 [INF] Executed DbCommand (0ms) [Parameters=[], CommandType='"Text"', CommandTimeout='30']
SELECT 1
2026-03-30 11:31:08.112 +05:30 [INF] Executed DbCommand (1ms) [Parameters=[], CommandType='"Text"', CommandTimeout='30']
SELECT OBJECT_ID(N'[__EFMigrationsHistory]');
2026-03-30 11:31:08.131 +05:30 [INF] Executed DbCommand (12ms) [Parameters=[], CommandType='"Text"', CommandTimeout='30']
SELECT [MigrationId], [ProductVersion]
FROM [__EFMigrationsHistory]
ORDER BY [MigrationId];
2026-03-30 11:31:08.150 +05:30 [INF] No migrations were applied. The database is already up to date.
2026-03-30 11:31:08.155 +05:30 [INF] Executed DbCommand (2ms) [Parameters=[], CommandType='"Text"', CommandTimeout='30']
DECLARE @result int;
EXEC @result = sp_releaseapplock @Resource = '__EFMigrationsLock', @LockOwner = 'Session';
SELECT @result
2026-03-30 11:31:08.399 +05:30 [INF] User profile is available. Using 'C:\Users\Srikrishna\AppData\Local\ASP.NET\DataProtection-Keys' as key repository and Windows DPAPI to encrypt keys at rest.
2026-03-30 11:31:08.968 +05:30 [INF] Now listening on: https://localhost:5031
2026-03-30 11:31:08.971 +05:30 [INF] Now listening on: http://localhost:5030
2026-03-30 11:31:09.093 +05:30 [INF] Application started. Press Ctrl+C to shut down.
2026-03-30 11:31:09.096 +05:30 [INF] Hosting environment: Development
2026-03-30 11:31:09.097 +05:30 [INF] Content root path: D:\DotNetCorePractise\MicroservicesAssesment\Services\CartService\CartService.API
2026-03-30 11:31:10.235 +05:30 [INF] Request starting HTTP/2 GET https://localhost:5031/ - null null
2026-03-30 11:31:10.546 +05:30 [INF] HTTP GET / responded 404 in 86.8223 ms
2026-03-30 11:31:10.561 +05:30 [INF] Request finished HTTP/2 GET https://localhost:5031/ - 404 null null 329.5726ms
2026-03-30 11:31:10.570 +05:30 [INF] Request reached the end of the middleware pipeline without being handled by application code. Request path: GET https://localhost:5031/, Response status code: 404
2026-03-30 11:43:43.069 +05:30 [INF] Request starting HTTP/1.1 GET http://localhost:5030/swagger/index.html - null null
2026-03-30 11:43:43.173 +05:30 [INF] HTTP GET /swagger/index.html responded 304 in 86.0975 ms
2026-03-30 11:43:43.189 +05:30 [INF] Request finished HTTP/1.1 GET http://localhost:5030/swagger/index.html - 304 null null 119.7937ms
2026-03-30 11:43:43.244 +05:30 [INF] Request starting HTTP/1.1 GET http://localhost:5030/swagger/swagger-ui.css - null null
2026-03-30 11:43:43.252 +05:30 [INF] Request starting HTTP/1.1 GET http://localhost:5030/swagger/index.css - null null
2026-03-30 11:43:43.285 +05:30 [INF] Request starting HTTP/1.1 GET http://localhost:5030/swagger/swagger-ui-standalone-preset.js - null null
2026-03-30 11:43:43.285 +05:30 [INF] Request starting HTTP/1.1 GET http://localhost:5030/swagger/swagger-ui-bundle.js - null null
2026-03-30 11:43:43.290 +05:30 [INF] Request starting HTTP/1.1 GET http://localhost:5030/swagger/index.js - null null
2026-03-30 11:43:43.290 +05:30 [INF] Request starting HTTP/1.1 GET http://localhost:5030/_framework/aspnetcore-browser-refresh.js - null null
2026-03-30 11:43:43.296 +05:30 [INF] HTTP GET /swagger/index.css responded 304 in 4.3852 ms
2026-03-30 11:43:43.296 +05:30 [INF] HTTP GET /swagger/swagger-ui-standalone-preset.js responded 304 in 1.3340 ms
2026-03-30 11:43:43.303 +05:30 [INF] HTTP GET /swagger/swagger-ui-bundle.js responded 304 in 5.4927 ms
2026-03-30 11:43:43.312 +05:30 [INF] Request finished HTTP/1.1 GET http://localhost:5030/swagger/swagger-ui-standalone-preset.js - 304 null null 57.6363ms
2026-03-30 11:43:43.296 +05:30 [INF] HTTP GET /swagger/swagger-ui.css responded 304 in 46.7873 ms
2026-03-30 11:43:43.301 +05:30 [INF] HTTP GET /swagger/index.js responded 304 in 0.8196 ms
2026-03-30 11:43:43.306 +05:30 [INF] Request finished HTTP/1.1 GET http://localhost:5030/swagger/index.css - 304 null null 54.0084ms
2026-03-30 11:43:43.312 +05:30 [INF] Request finished HTTP/1.1 GET http://localhost:5030/_framework/aspnetcore-browser-refresh.js - 200 14935 application/javascript; charset=utf-8 24.9968ms
2026-03-30 11:43:43.319 +05:30 [INF] Request finished HTTP/1.1 GET http://localhost:5030/swagger/swagger-ui-bundle.js - 304 null null 64.8075ms
2026-03-30 11:43:43.325 +05:30 [INF] Request finished HTTP/1.1 GET http://localhost:5030/swagger/swagger-ui.css - 304 null null 81.1323ms
2026-03-30 11:43:43.327 +05:30 [INF] Request finished HTTP/1.1 GET http://localhost:5030/swagger/index.js - 304 null null 39.1042ms
2026-03-30 11:43:43.372 +05:30 [INF] Request starting HTTP/1.1 GET http://localhost:5030/_vs/browserLink - null null
2026-03-30 11:43:43.421 +05:30 [INF] Request finished HTTP/1.1 GET http://localhost:5030/_vs/browserLink - 200 null text/javascript; charset=UTF-8 48.6964ms
2026-03-30 11:43:43.600 +05:30 [INF] Request starting HTTP/1.1 GET http://localhost:5030/swagger/v1/swagger.json - null null
2026-03-30 11:43:43.616 +05:30 [INF] HTTP GET /swagger/v1/swagger.json responded 200 in 12.0605 ms
2026-03-30 11:43:43.620 +05:30 [INF] Request finished HTTP/1.1 GET http://localhost:5030/swagger/v1/swagger.json - 200 null application/json;charset=utf-8 19.5334ms
2026-03-30 11:43:49.946 +05:30 [INF] Request starting HTTP/1.1 GET http://localhost:5030/api/v1/cart - null null
2026-03-30 11:43:49.958 +05:30 [INF] Authorization failed. These requirements were not met:
DenyAnonymousAuthorizationRequirement: Requires an authenticated user.
2026-03-30 11:43:49.964 +05:30 [INF] AuthenticationScheme: Bearer was challenged.
2026-03-30 11:43:49.965 +05:30 [INF] HTTP GET /api/v1/cart responded 401 in 15.3017 ms
2026-03-30 11:43:49.968 +05:30 [INF] Request finished HTTP/1.1 GET http://localhost:5030/api/v1/cart - 401 0 null 22.611ms
2026-03-30 11:44:23.355 +05:30 [INF] Request starting HTTP/1.1 GET http://localhost:5030/api/v1/cart - null null
2026-03-30 11:44:23.441 +05:30 [INF] Failed to validate the token.
Microsoft.IdentityModel.Tokens.SecurityTokenMalformedException: IDX14100: JWT is not well formed, there are no dots (.).
The token needs to be in JWS or JWE Compact Serialization Format. (JWS): 'EncodedHeader.EncodedPayload.EncodedSignature'. (JWE): 'EncodedProtectedHeader.EncodedEncryptedKey.EncodedInitializationVector.EncodedCiphertext.EncodedAuthenticationTag'.
   at Microsoft.IdentityModel.JsonWebTokens.JsonWebToken.ReadToken(ReadOnlyMemory`1 encodedTokenMemory)
   at Microsoft.IdentityModel.JsonWebTokens.JsonWebToken..ctor(String jwtEncodedString, TryReadJwtClaim tryReadJwtClaim)
   at Microsoft.IdentityModel.JsonWebTokens.JsonWebTokenHandler.ReadToken(String token, TokenValidationParameters validationParameters)
2026-03-30 11:44:23.471 +05:30 [INF] Bearer was not authenticated. Failure message: IDX14100: JWT is not well formed, there are no dots (.).
The token needs to be in JWS or JWE Compact Serialization Format. (JWS): 'EncodedHeader.EncodedPayload.EncodedSignature'. (JWE): 'EncodedProtectedHeader.EncodedEncryptedKey.EncodedInitializationVector.EncodedCiphertext.EncodedAuthenticationTag'.
2026-03-30 11:44:23.473 +05:30 [INF] Authorization failed. These requirements were not met:
DenyAnonymousAuthorizationRequirement: Requires an authenticated user.
2026-03-30 11:44:23.477 +05:30 [INF] AuthenticationScheme: Bearer was challenged.
2026-03-30 11:44:23.478 +05:30 [INF] HTTP GET /api/v1/cart responded 401 in 118.5499 ms
2026-03-30 11:44:23.480 +05:30 [INF] Request finished HTTP/1.1 GET http://localhost:5030/api/v1/cart - 401 0 null 125.5615ms
2026-03-30 11:44:39.867 +05:30 [INF] Request starting HTTP/1.1 GET http://localhost:5030/api/v1/cart - null null
2026-03-30 11:44:39.875 +05:30 [INF] Failed to validate the token.
Microsoft.IdentityModel.Tokens.SecurityTokenMalformedException: IDX14100: JWT is not well formed, there are no dots (.).
The token needs to be in JWS or JWE Compact Serialization Format. (JWS): 'EncodedHeader.EncodedPayload.EncodedSignature'. (JWE): 'EncodedProtectedHeader.EncodedEncryptedKey.EncodedInitializationVector.EncodedCiphertext.EncodedAuthenticationTag'.
   at Microsoft.IdentityModel.JsonWebTokens.JsonWebToken.ReadToken(ReadOnlyMemory`1 encodedTokenMemory)
   at Microsoft.IdentityModel.JsonWebTokens.JsonWebToken..ctor(String jwtEncodedString, TryReadJwtClaim tryReadJwtClaim)
   at Microsoft.IdentityModel.JsonWebTokens.JsonWebTokenHandler.ReadToken(String token, TokenValidationParameters validationParameters)
2026-03-30 11:44:39.878 +05:30 [INF] Bearer was not authenticated. Failure message: IDX14100: JWT is not well formed, there are no dots (.).
The token needs to be in JWS or JWE Compact Serialization Format. (JWS): 'EncodedHeader.EncodedPayload.EncodedSignature'. (JWE): 'EncodedProtectedHeader.EncodedEncryptedKey.EncodedInitializationVector.EncodedCiphertext.EncodedAuthenticationTag'.
2026-03-30 11:44:39.895 +05:30 [INF] Authorization failed. These requirements were not met:
DenyAnonymousAuthorizationRequirement: Requires an authenticated user.
2026-03-30 11:44:39.897 +05:30 [INF] AuthenticationScheme: Bearer was challenged.
2026-03-30 11:44:39.899 +05:30 [INF] HTTP GET /api/v1/cart responded 401 in 24.6015 ms
2026-03-30 11:44:39.901 +05:30 [INF] Request finished HTTP/1.1 GET http://localhost:5030/api/v1/cart - 401 0 null 33.6651ms
2026-03-30 11:46:46.036 +05:30 [INF] Request starting HTTP/1.1 GET http://localhost:5030/swagger/ - null null
2026-03-30 11:46:46.051 +05:30 [INF] HTTP GET /swagger/ responded 301 in 0.5425 ms
2026-03-30 11:46:46.054 +05:30 [INF] Request finished HTTP/1.1 GET http://localhost:5030/swagger/ - 301 null null 18.1317ms
2026-03-30 11:46:46.058 +05:30 [INF] Request starting HTTP/1.1 GET http://localhost:5030/swagger/index.html - null null
2026-03-30 11:46:46.066 +05:30 [INF] HTTP GET /swagger/index.html responded 304 in 0.4619 ms
2026-03-30 11:46:46.068 +05:30 [INF] Request finished HTTP/1.1 GET http://localhost:5030/swagger/index.html - 304 null null 9.6534ms
2026-03-30 11:46:46.117 +05:30 [INF] Request starting HTTP/1.1 GET http://localhost:5030/swagger/swagger-ui.css - null null
2026-03-30 11:46:46.120 +05:30 [INF] Request starting HTTP/1.1 GET http://localhost:5030/swagger/swagger-ui-bundle.js - null null
2026-03-30 11:46:46.127 +05:30 [INF] HTTP GET /swagger/swagger-ui.css responded 304 in 0.3710 ms
2026-03-30 11:46:46.120 +05:30 [INF] Request starting HTTP/1.1 GET http://localhost:5030/swagger/index.css - null null
2026-03-30 11:46:46.203 +05:30 [INF] Request finished HTTP/1.1 GET http://localhost:5030/swagger/swagger-ui.css - 304 null null 85.672ms
2026-03-30 11:46:46.201 +05:30 [INF] HTTP GET /swagger/swagger-ui-bundle.js responded 304 in 32.8241 ms
2026-03-30 11:46:46.159 +05:30 [INF] Request starting HTTP/1.1 GET http://localhost:5030/swagger/swagger-ui-standalone-preset.js - null null
2026-03-30 11:46:46.160 +05:30 [INF] Request starting HTTP/1.1 GET http://localhost:5030/swagger/index.js - null null
2026-03-30 11:46:46.200 +05:30 [INF] Request starting HTTP/1.1 GET http://localhost:5030/_framework/aspnetcore-browser-refresh.js - null null
2026-03-30 11:46:46.211 +05:30 [INF] HTTP GET /swagger/index.css responded 304 in 0.1972 ms
2026-03-30 11:46:46.217 +05:30 [INF] Request finished HTTP/1.1 GET http://localhost:5030/swagger/swagger-ui-bundle.js - 304 null null 97.0181ms
2026-03-30 11:46:46.220 +05:30 [INF] HTTP GET /swagger/swagger-ui-standalone-preset.js responded 304 in 0.2358 ms
2026-03-30 11:46:46.223 +05:30 [INF] HTTP GET /swagger/index.js responded 304 in 0.5074 ms
2026-03-30 11:46:46.226 +05:30 [INF] Request finished HTTP/1.1 GET http://localhost:5030/_framework/aspnetcore-browser-refresh.js - 200 14935 application/javascript; charset=utf-8 57.7721ms
2026-03-30 11:46:46.227 +05:30 [INF] Request finished HTTP/1.1 GET http://localhost:5030/swagger/index.css - 304 null null 106.8811ms
2026-03-30 11:46:46.233 +05:30 [INF] Request finished HTTP/1.1 GET http://localhost:5030/swagger/swagger-ui-standalone-preset.js - 304 null null 73.887ms
2026-03-30 11:46:46.235 +05:30 [INF] Request finished HTTP/1.1 GET http://localhost:5030/swagger/index.js - 304 null null 74.8109ms
2026-03-30 11:46:46.271 +05:30 [INF] Request starting HTTP/1.1 GET http://localhost:5030/_vs/browserLink - null null
2026-03-30 11:46:46.299 +05:30 [INF] Request finished HTTP/1.1 GET http://localhost:5030/_vs/browserLink - 200 null text/javascript; charset=UTF-8 27.9961ms
2026-03-30 11:46:46.439 +05:30 [INF] Request starting HTTP/1.1 GET http://localhost:5030/swagger/v1/swagger.json - null null
2026-03-30 11:46:46.474 +05:30 [INF] HTTP GET /swagger/v1/swagger.json responded 200 in 32.2165 ms
2026-03-30 11:46:46.477 +05:30 [INF] Request finished HTTP/1.1 GET http://localhost:5030/swagger/v1/swagger.json - 200 null application/json;charset=utf-8 37.9952ms
2026-03-30 11:46:58.618 +05:30 [INF] Request starting HTTP/1.1 GET http://localhost:5030/api/v1/cart - null null
2026-03-30 11:46:58.700 +05:30 [INF] Executing endpoint 'CartService.API.Controllers.CartController.GetCart (CartService.API)'
2026-03-30 11:46:58.732 +05:30 [INF] Route matched with {action = "GetCart", controller = "Cart"}. Executing controller action with signature System.Threading.Tasks.Task`1[Microsoft.AspNetCore.Mvc.IActionResult] GetCart() on controller CartService.API.Controllers.CartController (CartService.API).
2026-03-30 11:46:58.849 +05:30 [WRN] You do not have a valid license key for the Lucky Penny software AutoMapper. This is allowed for development and testing scenarios. If you are running in production you are required to have a licensed version. Please visit https://luckypennysoftware.com to obtain a valid license.
2026-03-30 11:46:59.665 +05:30 [INF] Executed DbCommand (142ms) [Parameters=[@userId='?' (Size = 450)], CommandType='"Text"', CommandTimeout='30']
SELECT [c1].[Id], [c1].[CreatedAt], [c1].[CreatedBy], [c1].[UpdatedAt], [c1].[UpdatedBy], [c1].[UserId], [c0].[Id], [c0].[CartId], [c0].[ImageUrl], [c0].[ProductId], [c0].[ProductName], [c0].[Quantity], [c0].[UnitPrice]
FROM (
    SELECT TOP(1) [c].[Id], [c].[CreatedAt], [c].[CreatedBy], [c].[UpdatedAt], [c].[UpdatedBy], [c].[UserId]
    FROM [Carts] AS [c]
    WHERE [c].[UserId] = @userId
) AS [c1]
LEFT JOIN [CartItems] AS [c0] ON [c1].[Id] = [c0].[CartId]
ORDER BY [c1].[Id]
2026-03-30 11:46:59.696 +05:30 [INF] Executing OkObjectResult, writing value of type '<>f__AnonymousType0`2[[System.Boolean, System.Private.CoreLib, Version=10.0.0.0, Culture=neutral, PublicKeyToken=7cec85d7bea7798e],[CartService.Application.DTOs.CartDto, CartService.Application, Version=1.0.0.0, Culture=neutral, PublicKeyToken=null]]'.
2026-03-30 11:46:59.721 +05:30 [INF] Executed action CartService.API.Controllers.CartController.GetCart (CartService.API) in 982.4156ms
2026-03-30 11:46:59.724 +05:30 [INF] Executed endpoint 'CartService.API.Controllers.CartController.GetCart (CartService.API)'
2026-03-30 11:46:59.728 +05:30 [INF] HTTP GET /api/v1/cart responded 200 in 1105.5039 ms
2026-03-30 11:46:59.735 +05:30 [INF] Request finished HTTP/1.1 GET http://localhost:5030/api/v1/cart - 200 null application/json; charset=utf-8 1116.9768ms
2026-03-30 14:42:59.821 +05:30 [INF] Executed DbCommand (1,102ms) [Parameters=[], CommandType='"Text"', CommandTimeout='60']
CREATE DATABASE [ECommerceMSCartDb];
2026-03-30 14:43:00.109 +05:30 [INF] Executed DbCommand (234ms) [Parameters=[], CommandType='"Text"', CommandTimeout='60']
IF SERVERPROPERTY('EngineEdition') <> 5
BEGIN
    ALTER DATABASE [ECommerceMSCartDb] SET READ_COMMITTED_SNAPSHOT ON;
END;
2026-03-30 14:43:00.140 +05:30 [INF] Executed DbCommand (6ms) [Parameters=[], CommandType='"Text"', CommandTimeout='30']
SELECT 1
2026-03-30 14:43:00.147 +05:30 [INF] Acquiring an exclusive lock for migration application. See https://aka.ms/efcore-docs-migrations-lock for more information if this takes too long.
2026-03-30 14:43:00.179 +05:30 [INF] Executed DbCommand (29ms) [Parameters=[], CommandType='"Text"', CommandTimeout='30']
DECLARE @result int;
EXEC @result = sp_getapplock @Resource = '__EFMigrationsLock', @LockOwner = 'Session', @LockMode = 'Exclusive';
SELECT @result
2026-03-30 14:43:00.253 +05:30 [INF] Executed DbCommand (13ms) [Parameters=[], CommandType='"Text"', CommandTimeout='30']
IF OBJECT_ID(N'[__EFMigrationsHistory]') IS NULL
BEGIN
    CREATE TABLE [__EFMigrationsHistory] (
        [MigrationId] nvarchar(150) NOT NULL,
        [ProductVersion] nvarchar(32) NOT NULL,
        CONSTRAINT [PK___EFMigrationsHistory] PRIMARY KEY ([MigrationId])
    );
END;
2026-03-30 14:43:00.262 +05:30 [INF] Executed DbCommand (1ms) [Parameters=[], CommandType='"Text"', CommandTimeout='30']
SELECT 1
2026-03-30 14:43:00.263 +05:30 [INF] Executed DbCommand (1ms) [Parameters=[], CommandType='"Text"', CommandTimeout='30']
SELECT OBJECT_ID(N'[__EFMigrationsHistory]');
2026-03-30 14:43:00.279 +05:30 [INF] Executed DbCommand (14ms) [Parameters=[], CommandType='"Text"', CommandTimeout='30']
SELECT [MigrationId], [ProductVersion]
FROM [__EFMigrationsHistory]
ORDER BY [MigrationId];
2026-03-30 14:43:00.296 +05:30 [INF] Applying migration '20260330091237_inialCreate'.
2026-03-30 14:43:00.325 +05:30 [INF] Executed DbCommand (3ms) [Parameters=[], CommandType='"Text"', CommandTimeout='30']
CREATE TABLE [Carts] (
    [Id] uniqueidentifier NOT NULL,
    [UserId] nvarchar(450) NOT NULL,
    [CreatedAt] datetime2 NOT NULL,
    [UpdatedAt] datetime2 NULL,
    [CreatedBy] nvarchar(max) NULL,
    [UpdatedBy] nvarchar(max) NULL,
    CONSTRAINT [PK_Carts] PRIMARY KEY ([Id])
);
2026-03-30 14:43:00.328 +05:30 [INF] Executed DbCommand (3ms) [Parameters=[], CommandType='"Text"', CommandTimeout='30']
CREATE TABLE [CartItems] (
    [Id] uniqueidentifier NOT NULL,
    [CartId] uniqueidentifier NOT NULL,
    [ProductId] uniqueidentifier NOT NULL,
    [ProductName] nvarchar(max) NOT NULL,
    [UnitPrice] decimal(18,2) NOT NULL,
    [Quantity] int NOT NULL,
    [ImageUrl] nvarchar(max) NULL,
    CONSTRAINT [PK_CartItems] PRIMARY KEY ([Id]),
    CONSTRAINT [FK_CartItems_Carts_CartId] FOREIGN KEY ([CartId]) REFERENCES [Carts] ([Id]) ON DELETE CASCADE
);
2026-03-30 14:43:00.330 +05:30 [INF] Executed DbCommand (2ms) [Parameters=[], CommandType='"Text"', CommandTimeout='30']
CREATE INDEX [IX_CartItems_CartId] ON [CartItems] ([CartId]);
2026-03-30 14:43:00.333 +05:30 [INF] Executed DbCommand (3ms) [Parameters=[], CommandType='"Text"', CommandTimeout='30']
CREATE UNIQUE INDEX [IX_Carts_UserId] ON [Carts] ([UserId]);
2026-03-30 14:43:00.341 +05:30 [INF] Executed DbCommand (7ms) [Parameters=[], CommandType='"Text"', CommandTimeout='30']
INSERT INTO [__EFMigrationsHistory] ([MigrationId], [ProductVersion])
VALUES (N'20260330091237_inialCreate', N'10.0.5');
2026-03-30 14:43:00.347 +05:30 [INF] Executed DbCommand (5ms) [Parameters=[], CommandType='"Text"', CommandTimeout='30']
DECLARE @result int;
EXEC @result = sp_releaseapplock @Resource = '__EFMigrationsLock', @LockOwner = 'Session';
SELECT @result
2026-03-30 14:44:07.895 +05:30 [INF] Executed DbCommand (40ms) [Parameters=[], CommandType='"Text"', CommandTimeout='30']
SELECT 1
2026-03-30 14:44:08.049 +05:30 [INF] Acquiring an exclusive lock for migration application. See https://aka.ms/efcore-docs-migrations-lock for more information if this takes too long.
2026-03-30 14:44:08.295 +05:30 [INF] Executed DbCommand (234ms) [Parameters=[], CommandType='"Text"', CommandTimeout='30']
DECLARE @result int;
EXEC @result = sp_getapplock @Resource = '__EFMigrationsLock', @LockOwner = 'Session', @LockMode = 'Exclusive';
SELECT @result
2026-03-30 14:44:08.553 +05:30 [INF] Executed DbCommand (77ms) [Parameters=[], CommandType='"Text"', CommandTimeout='30']
IF OBJECT_ID(N'[__EFMigrationsHistory]') IS NULL
BEGIN
    CREATE TABLE [__EFMigrationsHistory] (
        [MigrationId] nvarchar(150) NOT NULL,
        [ProductVersion] nvarchar(32) NOT NULL,
        CONSTRAINT [PK___EFMigrationsHistory] PRIMARY KEY ([MigrationId])
    );
END;
2026-03-30 14:44:08.695 +05:30 [INF] Executed DbCommand (5ms) [Parameters=[], CommandType='"Text"', CommandTimeout='30']
SELECT 1
2026-03-30 14:44:08.763 +05:30 [INF] Executed DbCommand (3ms) [Parameters=[], CommandType='"Text"', CommandTimeout='30']
SELECT OBJECT_ID(N'[__EFMigrationsHistory]');
2026-03-30 14:44:09.156 +05:30 [INF] Executed DbCommand (305ms) [Parameters=[], CommandType='"Text"', CommandTimeout='30']
SELECT [MigrationId], [ProductVersion]
FROM [__EFMigrationsHistory]
ORDER BY [MigrationId];
2026-03-30 14:44:09.217 +05:30 [INF] No migrations were applied. The database is already up to date.
2026-03-30 14:44:09.323 +05:30 [INF] Executed DbCommand (53ms) [Parameters=[], CommandType='"Text"', CommandTimeout='30']
DECLARE @result int;
EXEC @result = sp_releaseapplock @Resource = '__EFMigrationsLock', @LockOwner = 'Session';
SELECT @result
2026-03-30 14:44:09.674 +05:30 [INF] User profile is available. Using 'C:\Users\Satvik\AppData\Local\ASP.NET\DataProtection-Keys' as key repository and Windows DPAPI to encrypt keys at rest.
2026-03-30 14:44:11.656 +05:30 [INF] Now listening on: https://localhost:5031
2026-03-30 14:44:12.315 +05:30 [INF] Now listening on: http://localhost:5030
2026-03-30 14:44:12.779 +05:30 [INF] Request starting HTTP/2 GET https://localhost:5031/ - null null
2026-03-30 14:44:14.069 +05:30 [INF] Application started. Press Ctrl+C to shut down.
2026-03-30 14:44:14.254 +05:30 [INF] Hosting environment: Development
2026-03-30 14:44:14.386 +05:30 [INF] Content root path: C:\Users\Satvik\Downloads\MicroservicesAssesment\MicroservicesAssesment\Services\CartService\CartService.API
2026-03-30 14:44:19.451 +05:30 [INF] HTTP GET / responded 404 in 4973.0110 ms
2026-03-30 14:44:21.256 +05:30 [INF] Request finished HTTP/2 GET https://localhost:5031/ - 404 null null 8484.1704ms
2026-03-30 14:44:22.285 +05:30 [INF] Request reached the end of the middleware pipeline without being handled by application code. Request path: GET https://localhost:5031/, Response status code: 404
2026-03-30 14:50:17.122 +05:30 [INF] Executed DbCommand (118ms) [Parameters=[], CommandType='"Text"', CommandTimeout='30']
SELECT 1
2026-03-30 14:50:17.549 +05:30 [INF] Acquiring an exclusive lock for migration application. See https://aka.ms/efcore-docs-migrations-lock for more information if this takes too long.
2026-03-30 14:50:17.630 +05:30 [INF] Executed DbCommand (55ms) [Parameters=[], CommandType='"Text"', CommandTimeout='30']
DECLARE @result int;
EXEC @result = sp_getapplock @Resource = '__EFMigrationsLock', @LockOwner = 'Session', @LockMode = 'Exclusive';
SELECT @result
2026-03-30 14:50:18.102 +05:30 [INF] Executed DbCommand (10ms) [Parameters=[], CommandType='"Text"', CommandTimeout='30']
IF OBJECT_ID(N'[__EFMigrationsHistory]') IS NULL
BEGIN
    CREATE TABLE [__EFMigrationsHistory] (
        [MigrationId] nvarchar(150) NOT NULL,
        [ProductVersion] nvarchar(32) NOT NULL,
        CONSTRAINT [PK___EFMigrationsHistory] PRIMARY KEY ([MigrationId])
    );
END;
2026-03-30 14:50:18.348 +05:30 [INF] Executed DbCommand (8ms) [Parameters=[], CommandType='"Text"', CommandTimeout='30']
SELECT 1
2026-03-30 14:50:18.577 +05:30 [INF] Executed DbCommand (11ms) [Parameters=[], CommandType='"Text"', CommandTimeout='30']
SELECT OBJECT_ID(N'[__EFMigrationsHistory]');
2026-03-30 14:50:19.058 +05:30 [INF] Executed DbCommand (106ms) [Parameters=[], CommandType='"Text"', CommandTimeout='30']
SELECT [MigrationId], [ProductVersion]
FROM [__EFMigrationsHistory]
ORDER BY [MigrationId];
2026-03-30 14:50:19.148 +05:30 [INF] No migrations were applied. The database is already up to date.
2026-03-30 14:50:19.371 +05:30 [INF] Executed DbCommand (21ms) [Parameters=[], CommandType='"Text"', CommandTimeout='30']
DECLARE @result int;
EXEC @result = sp_releaseapplock @Resource = '__EFMigrationsLock', @LockOwner = 'Session';
SELECT @result
2026-03-30 14:50:20.100 +05:30 [INF] User profile is available. Using 'C:\Users\Satvik\AppData\Local\ASP.NET\DataProtection-Keys' as key repository and Windows DPAPI to encrypt keys at rest.
2026-03-30 14:50:21.789 +05:30 [INF] Now listening on: https://localhost:5031
2026-03-30 14:50:21.910 +05:30 [INF] Now listening on: http://localhost:5030
2026-03-30 14:50:22.636 +05:30 [INF] Application started. Press Ctrl+C to shut down.
2026-03-30 14:50:22.725 +05:30 [INF] Hosting environment: Development
2026-03-30 14:50:22.768 +05:30 [INF] Request starting HTTP/2 GET https://localhost:5031/ - null null
2026-03-30 14:50:22.925 +05:30 [INF] Content root path: C:\Users\Satvik\Downloads\MicroservicesAssesment\MicroservicesAssesment\Services\CartService\CartService.API
2026-03-30 14:50:24.448 +05:30 [INF] HTTP GET / responded 404 in 388.3227 ms
2026-03-30 14:50:24.492 +05:30 [INF] Request finished HTTP/2 GET https://localhost:5031/ - 404 null null 1736.351ms
2026-03-30 14:50:24.771 +05:30 [INF] Request reached the end of the middleware pipeline without being handled by application code. Request path: GET https://localhost:5031/, Response status code: 404
