2026-03-31 14:23:12.630 +05:30 [INF] Executed DbCommand (128ms) [Parameters=[], CommandType='"Text"', CommandTimeout='30']
SELECT 1
2026-03-31 14:23:13.222 +05:30 [INF] Acquiring an exclusive lock for migration application. See https://aka.ms/efcore-docs-migrations-lock for more information if this takes too long.
2026-03-31 14:23:13.710 +05:30 [INF] Executed DbCommand (424ms) [Parameters=[], CommandType='"Text"', CommandTimeout='30']
DECLARE @result int;
EXEC @result = sp_getapplock @Resource = '__EFMigrationsLock', @LockOwner = 'Session', @LockMode = 'Exclusive';
SELECT @result
2026-03-31 14:23:14.351 +05:30 [INF] Executed DbCommand (75ms) [Parameters=[], CommandType='"Text"', CommandTimeout='30']
IF OBJECT_ID(N'[__EFMigrationsHistory]') IS NULL
BEGIN
    CREATE TABLE [__EFMigrationsHistory] (
        [MigrationId] nvarchar(150) NOT NULL,
        [ProductVersion] nvarchar(32) NOT NULL,
        CONSTRAINT [PK___EFMigrationsHistory] PRIMARY KEY ([MigrationId])
    );
END;
2026-03-31 14:23:14.458 +05:30 [INF] Executed DbCommand (3ms) [Parameters=[], CommandType='"Text"', CommandTimeout='30']
SELECT 1
2026-03-31 14:23:14.588 +05:30 [INF] Executed DbCommand (13ms) [Parameters=[], CommandType='"Text"', CommandTimeout='30']
SELECT OBJECT_ID(N'[__EFMigrationsHistory]');
2026-03-31 14:23:15.522 +05:30 [INF] Executed DbCommand (407ms) [Parameters=[], CommandType='"Text"', CommandTimeout='30']
SELECT [MigrationId], [ProductVersion]
FROM [__EFMigrationsHistory]
ORDER BY [MigrationId];
2026-03-31 14:23:15.941 +05:30 [INF] No migrations were applied. The database is already up to date.
2026-03-31 14:23:16.163 +05:30 [INF] Executed DbCommand (51ms) [Parameters=[], CommandType='"Text"', CommandTimeout='30']
DECLARE @result int;
EXEC @result = sp_releaseapplock @Resource = '__EFMigrationsLock', @LockOwner = 'Session';
SELECT @result
2026-03-31 14:23:17.529 +05:30 [INF] User profile is available. Using 'C:\Users\Satvik\AppData\Local\ASP.NET\DataProtection-Keys' as key repository and Windows DPAPI to encrypt keys at rest.
2026-03-31 14:23:18.768 +05:30 [WRN] The WebRootPath was not found: C:\Users\Satvik\Desktop\capg\MicroservicesAssesment\Services\ProductService\ProductService.API\wwwroot. Static files may be unavailable.
2026-03-31 14:23:20.276 +05:30 [INF] Now listening on: https://localhost:5021
2026-03-31 14:23:20.618 +05:30 [INF] Now listening on: http://localhost:5020
2026-03-31 14:23:22.189 +05:30 [INF] Request starting HTTP/2 GET https://localhost:5021/ - null null
2026-03-31 14:23:22.469 +05:30 [INF] Application started. Press Ctrl+C to shut down.
2026-03-31 14:23:23.658 +05:30 [INF] Hosting environment: Development
2026-03-31 14:23:23.761 +05:30 [INF] Content root path: C:\Users\Satvik\Desktop\capg\MicroservicesAssesment\Services\ProductService\ProductService.API
2026-03-31 14:23:31.273 +05:30 [INF] HTTP GET / responded 404 in 5537.9897 ms
2026-03-31 14:23:31.861 +05:30 [INF] Request finished HTTP/2 GET https://localhost:5021/ - 404 null null 9704.0609ms
2026-03-31 14:23:32.495 +05:30 [INF] Request reached the end of the middleware pipeline without being handled by application code. Request path: GET https://localhost:5021/, Response status code: 404
2026-03-31 14:24:35.338 +05:30 [INF] Request starting HTTP/2 GET https://localhost:5021/swagger - null null
2026-03-31 14:24:35.409 +05:30 [INF] HTTP GET /swagger responded 301 in 16.4789 ms
2026-03-31 14:24:35.459 +05:30 [INF] Request finished HTTP/2 GET https://localhost:5021/swagger - 301 null null 122.4385ms
2026-03-31 14:24:35.470 +05:30 [INF] Request starting HTTP/2 GET https://localhost:5021/swagger/index.html - null null
2026-03-31 14:24:35.838 +05:30 [INF] HTTP GET /swagger/index.html responded 200 in 338.8920 ms
2026-03-31 14:24:35.856 +05:30 [INF] Request finished HTTP/2 GET https://localhost:5021/swagger/index.html - 200 null text/html;charset=utf-8 386.1321ms
2026-03-31 14:24:35.899 +05:30 [INF] Request starting HTTP/2 GET https://localhost:5021/swagger/swagger-ui.css - null null
2026-03-31 14:24:35.957 +05:30 [INF] Request starting HTTP/2 GET https://localhost:5021/swagger/swagger-ui-standalone-preset.js - null null
2026-03-31 14:24:35.957 +05:30 [INF] Request starting HTTP/2 GET https://localhost:5021/swagger/index.css - null null
2026-03-31 14:24:35.904 +05:30 [INF] Request starting HTTP/2 GET https://localhost:5021/swagger/swagger-ui-bundle.js - null null
2026-03-31 14:24:36.028 +05:30 [INF] Request starting HTTP/2 GET https://localhost:5021/_framework/aspnetcore-browser-refresh.js - null null
2026-03-31 14:24:36.027 +05:30 [INF] Request starting HTTP/2 GET https://localhost:5021/swagger/index.js - null null
2026-03-31 14:24:36.028 +05:30 [INF] Request starting HTTP/2 GET https://localhost:5021/_vs/browserLink - null null
2026-03-31 14:24:36.073 +05:30 [INF] HTTP GET /swagger/index.css responded 200 in 13.1268 ms
2026-03-31 14:24:36.112 +05:30 [INF] HTTP GET /swagger/index.js responded 200 in 2.2513 ms
2026-03-31 14:24:36.114 +05:30 [INF] HTTP GET /swagger/swagger-ui.css responded 200 in 79.9100 ms
2026-03-31 14:24:36.115 +05:30 [INF] HTTP GET /swagger/swagger-ui-standalone-preset.js responded 200 in 71.9398 ms
2026-03-31 14:24:36.121 +05:30 [INF] Request finished HTTP/2 GET https://localhost:5021/_framework/aspnetcore-browser-refresh.js - 200 14941 application/javascript; charset=utf-8 92.796ms
2026-03-31 14:24:36.142 +05:30 [INF] Request finished HTTP/2 GET https://localhost:5021/swagger/swagger-ui-standalone-preset.js - 200 76613 text/javascript 184.7237ms
2026-03-31 14:24:36.125 +05:30 [INF] Request finished HTTP/2 GET https://localhost:5021/swagger/index.css - 200 152 text/css 168.6903ms
2026-03-31 14:24:36.139 +05:30 [INF] Request finished HTTP/2 GET https://localhost:5021/swagger/swagger-ui.css - 200 26479 text/css 239.8183ms
2026-03-31 14:24:36.129 +05:30 [INF] Request finished HTTP/2 GET https://localhost:5021/swagger/index.js - 200 null application/javascript;charset=utf-8 103.1771ms
2026-03-31 14:24:36.124 +05:30 [INF] HTTP GET /swagger/swagger-ui-bundle.js responded 200 in 44.3883 ms
2026-03-31 14:24:36.210 +05:30 [INF] Request finished HTTP/2 GET https://localhost:5021/swagger/swagger-ui-bundle.js - 200 418181 text/javascript 306.352ms
2026-03-31 14:24:36.259 +05:30 [INF] Request finished HTTP/2 GET https://localhost:5021/_vs/browserLink - 200 null text/javascript; charset=UTF-8 230.7117ms
2026-03-31 14:24:36.446 +05:30 [INF] Request starting HTTP/2 GET https://localhost:5021/swagger/v1/swagger.json - null null
2026-03-31 14:24:36.502 +05:30 [INF] Request starting HTTP/2 GET https://localhost:5021/swagger/favicon-32x32.png - null null
2026-03-31 14:24:36.572 +05:30 [INF] HTTP GET /swagger/favicon-32x32.png responded 200 in 6.7235 ms
2026-03-31 14:24:36.589 +05:30 [INF] Request finished HTTP/2 GET https://localhost:5021/swagger/favicon-32x32.png - 200 628 image/png 87.0001ms
2026-03-31 14:24:36.609 +05:30 [INF] HTTP GET /swagger/v1/swagger.json responded 200 in 152.8485 ms
2026-03-31 14:24:36.625 +05:30 [INF] Request finished HTTP/2 GET https://localhost:5021/swagger/v1/swagger.json - 200 null application/json;charset=utf-8 178.8972ms
2026-03-31 14:26:02.007 +05:30 [INF] Executed DbCommand (118ms) [Parameters=[], CommandType='"Text"', CommandTimeout='30']
SELECT 1
2026-03-31 14:26:02.531 +05:30 [INF] Acquiring an exclusive lock for migration application. See https://aka.ms/efcore-docs-migrations-lock for more information if this takes too long.
2026-03-31 14:26:02.771 +05:30 [INF] Executed DbCommand (104ms) [Parameters=[], CommandType='"Text"', CommandTimeout='30']
DECLARE @result int;
EXEC @result = sp_getapplock @Resource = '__EFMigrationsLock', @LockOwner = 'Session', @LockMode = 'Exclusive';
SELECT @result
2026-03-31 14:26:03.637 +05:30 [INF] Executed DbCommand (18ms) [Parameters=[], CommandType='"Text"', CommandTimeout='30']
IF OBJECT_ID(N'[__EFMigrationsHistory]') IS NULL
BEGIN
    CREATE TABLE [__EFMigrationsHistory] (
        [MigrationId] nvarchar(150) NOT NULL,
        [ProductVersion] nvarchar(32) NOT NULL,
        CONSTRAINT [PK___EFMigrationsHistory] PRIMARY KEY ([MigrationId])
    );
END;
2026-03-31 14:26:03.789 +05:30 [INF] Executed DbCommand (3ms) [Parameters=[], CommandType='"Text"', CommandTimeout='30']
SELECT 1
2026-03-31 14:26:04.015 +05:30 [INF] Executed DbCommand (8ms) [Parameters=[], CommandType='"Text"', CommandTimeout='30']
SELECT OBJECT_ID(N'[__EFMigrationsHistory]');
2026-03-31 14:26:04.256 +05:30 [INF] Executed DbCommand (68ms) [Parameters=[], CommandType='"Text"', CommandTimeout='30']
SELECT [MigrationId], [ProductVersion]
FROM [__EFMigrationsHistory]
ORDER BY [MigrationId];
2026-03-31 14:26:04.446 +05:30 [INF] No migrations were applied. The database is already up to date.
2026-03-31 14:26:04.617 +05:30 [INF] Executed DbCommand (15ms) [Parameters=[], CommandType='"Text"', CommandTimeout='30']
DECLARE @result int;
EXEC @result = sp_releaseapplock @Resource = '__EFMigrationsLock', @LockOwner = 'Session';
SELECT @result
2026-03-31 14:26:05.985 +05:30 [INF] User profile is available. Using 'C:\Users\Satvik\AppData\Local\ASP.NET\DataProtection-Keys' as key repository and Windows DPAPI to encrypt keys at rest.
2026-03-31 14:26:07.172 +05:30 [WRN] The WebRootPath was not found: C:\Users\Satvik\Desktop\capg\MicroservicesAssesment\Services\ProductService\ProductService.API\wwwroot. Static files may be unavailable.
2026-03-31 14:26:09.647 +05:30 [INF] Now listening on: https://localhost:5021
2026-03-31 14:26:09.875 +05:30 [INF] Now listening on: http://localhost:5020
2026-03-31 14:26:10.856 +05:30 [INF] Application started. Press Ctrl+C to shut down.
2026-03-31 14:26:11.043 +05:30 [INF] Hosting environment: Development
2026-03-31 14:26:11.087 +05:30 [INF] Request starting HTTP/2 GET https://localhost:5021/ - null null
2026-03-31 14:26:11.446 +05:30 [INF] Content root path: C:\Users\Satvik\Desktop\capg\MicroservicesAssesment\Services\ProductService\ProductService.API
2026-03-31 14:26:14.363 +05:30 [INF] HTTP GET / responded 404 in 885.6832 ms
2026-03-31 14:26:15.038 +05:30 [INF] Request finished HTTP/2 GET https://localhost:5021/ - 404 null null 3975.5141ms
2026-03-31 14:26:15.995 +05:30 [INF] Request reached the end of the middleware pipeline without being handled by application code. Request path: GET https://localhost:5021/, Response status code: 404
2026-03-31 14:28:04.054 +05:30 [INF] Executed DbCommand (143ms) [Parameters=[], CommandType='"Text"', CommandTimeout='30']
SELECT 1
2026-03-31 14:28:04.528 +05:30 [INF] Acquiring an exclusive lock for migration application. See https://aka.ms/efcore-docs-migrations-lock for more information if this takes too long.
2026-03-31 14:28:04.781 +05:30 [INF] Executed DbCommand (161ms) [Parameters=[], CommandType='"Text"', CommandTimeout='30']
DECLARE @result int;
EXEC @result = sp_getapplock @Resource = '__EFMigrationsLock', @LockOwner = 'Session', @LockMode = 'Exclusive';
SELECT @result
2026-03-31 14:28:05.496 +05:30 [INF] Executed DbCommand (15ms) [Parameters=[], CommandType='"Text"', CommandTimeout='30']
IF OBJECT_ID(N'[__EFMigrationsHistory]') IS NULL
BEGIN
    CREATE TABLE [__EFMigrationsHistory] (
        [MigrationId] nvarchar(150) NOT NULL,
        [ProductVersion] nvarchar(32) NOT NULL,
        CONSTRAINT [PK___EFMigrationsHistory] PRIMARY KEY ([MigrationId])
    );
END;
2026-03-31 14:28:05.581 +05:30 [INF] Executed DbCommand (5ms) [Parameters=[], CommandType='"Text"', CommandTimeout='30']
SELECT 1
2026-03-31 14:28:05.646 +05:30 [INF] Executed DbCommand (4ms) [Parameters=[], CommandType='"Text"', CommandTimeout='30']
SELECT OBJECT_ID(N'[__EFMigrationsHistory]');
2026-03-31 14:28:05.738 +05:30 [INF] Executed DbCommand (70ms) [Parameters=[], CommandType='"Text"', CommandTimeout='30']
SELECT [MigrationId], [ProductVersion]
FROM [__EFMigrationsHistory]
ORDER BY [MigrationId];
2026-03-31 14:28:05.797 +05:30 [INF] No migrations were applied. The database is already up to date.
2026-03-31 14:28:05.861 +05:30 [INF] Executed DbCommand (14ms) [Parameters=[], CommandType='"Text"', CommandTimeout='30']
DECLARE @result int;
EXEC @result = sp_releaseapplock @Resource = '__EFMigrationsLock', @LockOwner = 'Session';
SELECT @result
2026-03-31 14:28:06.818 +05:30 [INF] User profile is available. Using 'C:\Users\Satvik\AppData\Local\ASP.NET\DataProtection-Keys' as key repository and Windows DPAPI to encrypt keys at rest.
2026-03-31 14:28:07.883 +05:30 [WRN] The WebRootPath was not found: C:\Users\Satvik\Desktop\capg\MicroservicesAssesment\Services\ProductService\ProductService.API\wwwroot. Static files may be unavailable.
2026-03-31 14:28:09.127 +05:30 [INF] Now listening on: https://localhost:5021
2026-03-31 14:28:09.549 +05:30 [INF] Now listening on: http://localhost:5020
2026-03-31 14:28:10.924 +05:30 [INF] Application started. Press Ctrl+C to shut down.
2026-03-31 14:28:11.050 +05:30 [INF] Hosting environment: Development
2026-03-31 14:28:11.075 +05:30 [INF] Request starting HTTP/2 GET https://localhost:5021/ - null null
2026-03-31 14:28:11.411 +05:30 [INF] Content root path: C:\Users\Satvik\Desktop\capg\MicroservicesAssesment\Services\ProductService\ProductService.API
2026-03-31 14:28:14.106 +05:30 [INF] HTTP GET / responded 404 in 598.7250 ms
2026-03-31 14:28:14.489 +05:30 [INF] Request finished HTTP/2 GET https://localhost:5021/ - 404 null null 3426.3467ms
2026-03-31 14:28:15.150 +05:30 [INF] Request reached the end of the middleware pipeline without being handled by application code. Request path: GET https://localhost:5021/, Response status code: 404
2026-03-31 14:42:20.071 +05:30 [INF] Request starting HTTP/2 GET https://localhost:5021/swagger/index.html - null null
2026-03-31 14:42:20.487 +05:30 [INF] HTTP GET /swagger/index.html responded 304 in 275.6317 ms
2026-03-31 14:42:20.499 +05:30 [INF] Request finished HTTP/2 GET https://localhost:5021/swagger/index.html - 304 null null 431.0013ms
2026-03-31 14:42:20.577 +05:30 [INF] Request starting HTTP/2 GET https://localhost:5021/swagger/swagger-ui.css - null null
2026-03-31 14:42:20.582 +05:30 [INF] Request starting HTTP/2 GET https://localhost:5021/_framework/aspnetcore-browser-refresh.js - null null
2026-03-31 14:42:20.579 +05:30 [INF] Request starting HTTP/2 GET https://localhost:5021/swagger/index.css - null null
2026-03-31 14:42:20.582 +05:30 [INF] Request starting HTTP/2 GET https://localhost:5021/swagger/swagger-ui-bundle.js - null null
2026-03-31 14:42:20.757 +05:30 [INF] HTTP GET /swagger/swagger-ui.css responded 304 in 33.6391 ms
2026-03-31 14:42:20.757 +05:30 [INF] HTTP GET /swagger/index.css responded 304 in 10.8442 ms
2026-03-31 14:42:20.645 +05:30 [INF] Request starting HTTP/2 GET https://localhost:5021/swagger/swagger-ui-standalone-preset.js - null null
2026-03-31 14:42:20.648 +05:30 [INF] Request starting HTTP/2 GET https://localhost:5021/swagger/index.js - null null
2026-03-31 14:42:20.696 +05:30 [INF] Request starting HTTP/2 GET https://localhost:5021/_vs/browserLink - null null
2026-03-31 14:42:20.796 +05:30 [INF] Request finished HTTP/2 GET https://localhost:5021/_framework/aspnetcore-browser-refresh.js - 200 14941 application/javascript; charset=utf-8 213.649ms
2026-03-31 14:42:20.802 +05:30 [INF] Request finished HTTP/2 GET https://localhost:5021/swagger/swagger-ui.css - 304 null null 224.5521ms
2026-03-31 14:42:20.814 +05:30 [INF] Request finished HTTP/2 GET https://localhost:5021/swagger/index.css - 304 null null 236.3993ms
2026-03-31 14:42:20.815 +05:30 [INF] HTTP GET /swagger/swagger-ui-bundle.js responded 304 in 28.1779 ms
2026-03-31 14:42:20.841 +05:30 [INF] HTTP GET /swagger/swagger-ui-standalone-preset.js responded 304 in 15.1518 ms
2026-03-31 14:42:20.858 +05:30 [INF] HTTP GET /swagger/index.js responded 304 in 2.2485 ms
2026-03-31 14:42:20.926 +05:30 [INF] Request finished HTTP/2 GET https://localhost:5021/swagger/swagger-ui-bundle.js - 304 null null 344.9971ms
2026-03-31 14:42:20.935 +05:30 [INF] Request finished HTTP/2 GET https://localhost:5021/swagger/swagger-ui-standalone-preset.js - 304 null null 316.8373ms
2026-03-31 14:42:20.947 +05:30 [INF] Request finished HTTP/2 GET https://localhost:5021/swagger/index.js - 304 null null 299.0824ms
2026-03-31 14:42:21.049 +05:30 [INF] Request finished HTTP/2 GET https://localhost:5021/_vs/browserLink - 200 null text/javascript; charset=UTF-8 352.9623ms
2026-03-31 14:42:21.345 +05:30 [INF] Request starting HTTP/2 GET https://localhost:5021/swagger/v1/swagger.json - null null
2026-03-31 14:42:21.482 +05:30 [INF] HTTP GET /swagger/v1/swagger.json responded 200 in 122.6840 ms
2026-03-31 14:42:21.494 +05:30 [INF] Request finished HTTP/2 GET https://localhost:5021/swagger/v1/swagger.json - 200 null application/json;charset=utf-8 148.6234ms
2026-03-31 15:28:16.985 +05:30 [INF] Executed DbCommand (144ms) [Parameters=[], CommandType='"Text"', CommandTimeout='30']
SELECT 1
2026-03-31 15:28:17.897 +05:30 [INF] Acquiring an exclusive lock for migration application. See https://aka.ms/efcore-docs-migrations-lock for more information if this takes too long.
2026-03-31 15:28:18.388 +05:30 [INF] Executed DbCommand (160ms) [Parameters=[], CommandType='"Text"', CommandTimeout='30']
DECLARE @result int;
EXEC @result = sp_getapplock @Resource = '__EFMigrationsLock', @LockOwner = 'Session', @LockMode = 'Exclusive';
SELECT @result
2026-03-31 15:28:19.336 +05:30 [INF] Executed DbCommand (20ms) [Parameters=[], CommandType='"Text"', CommandTimeout='30']
IF OBJECT_ID(N'[__EFMigrationsHistory]') IS NULL
BEGIN
    CREATE TABLE [__EFMigrationsHistory] (
        [MigrationId] nvarchar(150) NOT NULL,
        [ProductVersion] nvarchar(32) NOT NULL,
        CONSTRAINT [PK___EFMigrationsHistory] PRIMARY KEY ([MigrationId])
    );
END;
2026-03-31 15:28:19.646 +05:30 [INF] Executed DbCommand (7ms) [Parameters=[], CommandType='"Text"', CommandTimeout='30']
SELECT 1
2026-03-31 15:28:19.723 +05:30 [INF] Executed DbCommand (18ms) [Parameters=[], CommandType='"Text"', CommandTimeout='30']
SELECT OBJECT_ID(N'[__EFMigrationsHistory]');
2026-03-31 15:28:20.162 +05:30 [INF] Executed DbCommand (140ms) [Parameters=[], CommandType='"Text"', CommandTimeout='30']
SELECT [MigrationId], [ProductVersion]
FROM [__EFMigrationsHistory]
ORDER BY [MigrationId];
2026-03-31 15:28:20.261 +05:30 [INF] No migrations were applied. The database is already up to date.
2026-03-31 15:28:20.411 +05:30 [INF] Executed DbCommand (13ms) [Parameters=[], CommandType='"Text"', CommandTimeout='30']
DECLARE @result int;
EXEC @result = sp_releaseapplock @Resource = '__EFMigrationsLock', @LockOwner = 'Session';
SELECT @result
2026-03-31 15:28:22.345 +05:30 [INF] User profile is available. Using 'C:\Users\Satvik\AppData\Local\ASP.NET\DataProtection-Keys' as key repository and Windows DPAPI to encrypt keys at rest.
2026-03-31 15:28:23.711 +05:30 [WRN] The WebRootPath was not found: C:\Users\Satvik\Desktop\capg\MicroservicesAssesment\Services\ProductService\ProductService.API\wwwroot. Static files may be unavailable.
2026-03-31 15:28:25.123 +05:30 [INF] Now listening on: https://localhost:5021
2026-03-31 15:28:25.618 +05:30 [INF] Now listening on: http://localhost:5020
2026-03-31 15:28:26.852 +05:30 [INF] Request starting HTTP/2 GET https://localhost:5021/ - null null
2026-03-31 15:28:26.927 +05:30 [INF] Application started. Press Ctrl+C to shut down.
2026-03-31 15:28:27.779 +05:30 [INF] Hosting environment: Development
2026-03-31 15:28:27.882 +05:30 [INF] Content root path: C:\Users\Satvik\Desktop\capg\MicroservicesAssesment\Services\ProductService\ProductService.API
2026-03-31 15:28:29.617 +05:30 [INF] HTTP GET / responded 404 in 625.2503 ms
2026-03-31 15:28:30.256 +05:30 [INF] Request finished HTTP/2 GET https://localhost:5021/ - 404 null null 3436.0576ms
2026-03-31 15:28:30.835 +05:30 [INF] Request reached the end of the middleware pipeline without being handled by application code. Request path: GET https://localhost:5021/, Response status code: 404
2026-03-31 15:30:18.538 +05:30 [INF] Request starting HTTP/1.1 GET http://localhost:5020/swagger/index.html - null null
2026-03-31 15:30:18.928 +05:30 [INF] HTTP GET /swagger/index.html responded 200 in 330.5284 ms
2026-03-31 15:30:18.958 +05:30 [INF] Request finished HTTP/1.1 GET http://localhost:5020/swagger/index.html - 200 null text/html;charset=utf-8 423.0838ms
2026-03-31 15:30:18.984 +05:30 [INF] Request starting HTTP/1.1 GET http://localhost:5020/swagger/index.css - null null
2026-03-31 15:30:19.024 +05:30 [INF] Request starting HTTP/1.1 GET http://localhost:5020/swagger/swagger-ui-bundle.js - null null
2026-03-31 15:30:18.988 +05:30 [INF] Request starting HTTP/1.1 GET http://localhost:5020/swagger/swagger-ui.css - null null
2026-03-31 15:30:19.025 +05:30 [INF] Request starting HTTP/1.1 GET http://localhost:5020/swagger/swagger-ui-standalone-preset.js - null null
2026-03-31 15:30:19.037 +05:30 [INF] Request starting HTTP/1.1 GET http://localhost:5020/_framework/aspnetcore-browser-refresh.js - null null
2026-03-31 15:30:19.099 +05:30 [INF] HTTP GET /swagger/swagger-ui.css responded 200 in 25.5740 ms
2026-03-31 15:30:19.098 +05:30 [INF] HTTP GET /swagger/index.css responded 200 in 46.7929 ms
2026-03-31 15:30:19.038 +05:30 [INF] Request starting HTTP/1.1 GET http://localhost:5020/swagger/index.js - null null
2026-03-31 15:30:19.192 +05:30 [INF] Request finished HTTP/1.1 GET http://localhost:5020/_framework/aspnetcore-browser-refresh.js - 200 14941 application/javascript; charset=utf-8 154.6001ms
2026-03-31 15:30:19.214 +05:30 [INF] HTTP GET /swagger/swagger-ui-bundle.js responded 200 in 157.2828 ms
2026-03-31 15:30:19.214 +05:30 [INF] HTTP GET /swagger/swagger-ui-standalone-preset.js responded 200 in 131.3330 ms
2026-03-31 15:30:19.224 +05:30 [INF] Request finished HTTP/1.1 GET http://localhost:5020/swagger/swagger-ui.css - 200 26479 text/css 235.3449ms
2026-03-31 15:30:19.243 +05:30 [INF] Request finished HTTP/1.1 GET http://localhost:5020/swagger/index.css - 200 152 text/css 258.9297ms
2026-03-31 15:30:19.270 +05:30 [INF] HTTP GET /swagger/index.js responded 200 in 3.5328 ms
2026-03-31 15:30:19.296 +05:30 [INF] Request finished HTTP/1.1 GET http://localhost:5020/swagger/swagger-ui-bundle.js - 200 418181 text/javascript 305.4463ms
2026-03-31 15:30:19.301 +05:30 [INF] Request finished HTTP/1.1 GET http://localhost:5020/swagger/swagger-ui-standalone-preset.js - 200 76613 text/javascript 275.427ms
2026-03-31 15:30:19.327 +05:30 [INF] Request starting HTTP/1.1 GET http://localhost:5020/_vs/browserLink - null null
2026-03-31 15:30:19.337 +05:30 [INF] Request finished HTTP/1.1 GET http://localhost:5020/swagger/index.js - 200 null application/javascript;charset=utf-8 298.6389ms
2026-03-31 15:30:19.505 +05:30 [INF] Request finished HTTP/1.1 GET http://localhost:5020/_vs/browserLink - 200 null text/javascript; charset=UTF-8 177.6011ms
2026-03-31 15:30:19.611 +05:30 [INF] Request starting HTTP/1.1 GET http://localhost:5020/swagger/v1/swagger.json - null null
2026-03-31 15:30:19.687 +05:30 [INF] HTTP GET /swagger/v1/swagger.json responded 200 in 66.4066 ms
2026-03-31 15:30:19.692 +05:30 [INF] Request finished HTTP/1.1 GET http://localhost:5020/swagger/v1/swagger.json - 200 null application/json;charset=utf-8 80.7714ms
2026-03-31 16:01:30.045 +05:30 [INF] Executed DbCommand (100ms) [Parameters=[], CommandType='"Text"', CommandTimeout='30']
SELECT 1
2026-03-31 16:01:30.254 +05:30 [INF] Acquiring an exclusive lock for migration application. See https://aka.ms/efcore-docs-migrations-lock for more information if this takes too long.
2026-03-31 16:01:30.419 +05:30 [INF] Executed DbCommand (151ms) [Parameters=[], CommandType='"Text"', CommandTimeout='30']
DECLARE @result int;
EXEC @result = sp_getapplock @Resource = '__EFMigrationsLock', @LockOwner = 'Session', @LockMode = 'Exclusive';
SELECT @result
2026-03-31 16:01:30.699 +05:30 [INF] Executed DbCommand (15ms) [Parameters=[], CommandType='"Text"', CommandTimeout='30']
IF OBJECT_ID(N'[__EFMigrationsHistory]') IS NULL
BEGIN
    CREATE TABLE [__EFMigrationsHistory] (
        [MigrationId] nvarchar(150) NOT NULL,
        [ProductVersion] nvarchar(32) NOT NULL,
        CONSTRAINT [PK___EFMigrationsHistory] PRIMARY KEY ([MigrationId])
    );
END;
2026-03-31 16:01:30.739 +05:30 [INF] Executed DbCommand (1ms) [Parameters=[], CommandType='"Text"', CommandTimeout='30']
SELECT 1
2026-03-31 16:01:30.749 +05:30 [INF] Executed DbCommand (3ms) [Parameters=[], CommandType='"Text"', CommandTimeout='30']
SELECT OBJECT_ID(N'[__EFMigrationsHistory]');
2026-03-31 16:01:30.840 +05:30 [INF] Executed DbCommand (77ms) [Parameters=[], CommandType='"Text"', CommandTimeout='30']
SELECT [MigrationId], [ProductVersion]
FROM [__EFMigrationsHistory]
ORDER BY [MigrationId];
2026-03-31 16:01:30.874 +05:30 [INF] No migrations were applied. The database is already up to date.
2026-03-31 16:01:30.896 +05:30 [INF] Executed DbCommand (12ms) [Parameters=[], CommandType='"Text"', CommandTimeout='30']
DECLARE @result int;
EXEC @result = sp_releaseapplock @Resource = '__EFMigrationsLock', @LockOwner = 'Session';
SELECT @result
2026-03-31 16:01:31.453 +05:30 [INF] User profile is available. Using 'C:\Users\Satvik\AppData\Local\ASP.NET\DataProtection-Keys' as key repository and Windows DPAPI to encrypt keys at rest.
2026-03-31 16:01:31.927 +05:30 [WRN] The WebRootPath was not found: C:\Users\Satvik\Desktop\capg\MicroservicesAssesment\Services\ProductService\ProductService.API\wwwroot. Static files may be unavailable.
2026-03-31 16:01:32.582 +05:30 [INF] Now listening on: https://localhost:5021
2026-03-31 16:01:32.594 +05:30 [INF] Now listening on: http://localhost:5020
2026-03-31 16:01:33.132 +05:30 [INF] Application started. Press Ctrl+C to shut down.
2026-03-31 16:01:33.167 +05:30 [INF] Hosting environment: Development
2026-03-31 16:01:33.172 +05:30 [INF] Content root path: C:\Users\Satvik\Desktop\capg\MicroservicesAssesment\Services\ProductService\ProductService.API
2026-03-31 16:01:34.052 +05:30 [INF] Request starting HTTP/2 GET https://localhost:5021/ - null null
2026-03-31 16:01:35.155 +05:30 [INF] HTTP GET / responded 404 in 283.8559 ms
2026-03-31 16:01:35.185 +05:30 [INF] Request finished HTTP/2 GET https://localhost:5021/ - 404 null null 1157.2063ms
2026-03-31 16:01:35.220 +05:30 [INF] Request reached the end of the middleware pipeline without being handled by application code. Request path: GET https://localhost:5021/, Response status code: 404
2026-03-31 16:01:42.358 +05:30 [INF] Request starting HTTP/2 GET https://localhost:5021/swagger/index.html - null null
2026-03-31 16:01:42.583 +05:30 [INF] HTTP GET /swagger/index.html responded 304 in 179.5732 ms
2026-03-31 16:01:42.596 +05:30 [INF] Request finished HTTP/2 GET https://localhost:5021/swagger/index.html - 304 null null 238.5096ms
2026-03-31 16:01:42.707 +05:30 [INF] Request starting HTTP/2 GET https://localhost:5021/swagger/swagger-ui.css - null null
2026-03-31 16:01:42.713 +05:30 [INF] Request starting HTTP/2 GET https://localhost:5021/swagger/swagger-ui-standalone-preset.js - null null
2026-03-31 16:01:42.708 +05:30 [INF] Request starting HTTP/2 GET https://localhost:5021/swagger/index.js - null null
2026-03-31 16:01:42.708 +05:30 [INF] Request starting HTTP/2 GET https://localhost:5021/_framework/aspnetcore-browser-refresh.js - null null
2026-03-31 16:01:42.708 +05:30 [INF] Request starting HTTP/2 GET https://localhost:5021/swagger/swagger-ui-bundle.js - null null
2026-03-31 16:01:42.707 +05:30 [INF] Request starting HTTP/2 GET https://localhost:5021/swagger/index.css - null null
2026-03-31 16:01:42.789 +05:30 [INF] HTTP GET /swagger/swagger-ui-standalone-preset.js responded 304 in 40.0784 ms
2026-03-31 16:01:42.782 +05:30 [INF] HTTP GET /swagger/index.js responded 304 in 1.6907 ms
2026-03-31 16:01:42.836 +05:30 [INF] HTTP GET /swagger/swagger-ui-bundle.js responded 304 in 35.0981 ms
2026-03-31 16:01:42.789 +05:30 [INF] HTTP GET /swagger/swagger-ui.css responded 304 in 55.1759 ms
2026-03-31 16:01:42.744 +05:30 [INF] Request starting HTTP/2 GET https://localhost:5021/_vs/browserLink - null null
2026-03-31 16:01:43.026 +05:30 [INF] Request finished HTTP/2 GET https://localhost:5021/_framework/aspnetcore-browser-refresh.js - 200 14941 application/javascript; charset=utf-8 315.8527ms
2026-03-31 16:01:43.060 +05:30 [INF] HTTP GET /swagger/index.css responded 304 in 32.7585 ms
2026-03-31 16:01:43.067 +05:30 [INF] Request finished HTTP/2 GET https://localhost:5021/swagger/swagger-ui-standalone-preset.js - 304 null null 357.6479ms
2026-03-31 16:01:43.073 +05:30 [INF] Request finished HTTP/2 GET https://localhost:5021/swagger/index.js - 304 null null 364.9938ms
2026-03-31 16:01:43.080 +05:30 [INF] Request finished HTTP/2 GET https://localhost:5021/swagger/swagger-ui-bundle.js - 304 null null 372.9077ms
2026-03-31 16:01:43.093 +05:30 [INF] Request finished HTTP/2 GET https://localhost:5021/swagger/swagger-ui.css - 304 null null 386.2396ms
2026-03-31 16:01:43.166 +05:30 [INF] Request finished HTTP/2 GET https://localhost:5021/swagger/index.css - 304 null null 458.2244ms
2026-03-31 16:01:43.259 +05:30 [INF] Request finished HTTP/2 GET https://localhost:5021/_vs/browserLink - 200 null text/javascript; charset=UTF-8 514.9496ms
2026-03-31 16:01:43.447 +05:30 [INF] Request starting HTTP/2 GET https://localhost:5021/swagger/v1/swagger.json - null null
2026-03-31 16:01:43.702 +05:30 [INF] HTTP GET /swagger/v1/swagger.json responded 200 in 222.6161 ms
2026-03-31 16:01:43.714 +05:30 [INF] Request finished HTTP/2 GET https://localhost:5021/swagger/v1/swagger.json - 200 null application/json;charset=utf-8 267.8203ms
2026-03-31 16:01:49.006 +05:30 [INF] Request starting HTTP/2 GET https://localhost:5021/api/v1/categories - null null
2026-03-31 16:01:49.042 +05:30 [INF] Executing endpoint 'ProductService.API.Controllers.CategoryController.GetAll (ProductService.API)'
2026-03-31 16:01:49.135 +05:30 [INF] Route matched with {action = "GetAll", controller = "Category"}. Executing controller action with signature System.Threading.Tasks.Task`1[Microsoft.AspNetCore.Mvc.IActionResult] GetAll() on controller ProductService.API.Controllers.CategoryController (ProductService.API).
2026-03-31 16:01:49.515 +05:30 [WRN] You do not have a valid license key for the Lucky Penny software AutoMapper. This is allowed for development and testing scenarios. If you are running in production you are required to have a licensed version. Please visit https://luckypennysoftware.com to obtain a valid license.
2026-03-31 16:01:51.238 +05:30 [INF] Executed DbCommand (159ms) [Parameters=[], CommandType='"Text"', CommandTimeout='30']
SELECT [c].[Id], [c].[CreatedAt], [c].[CreatedBy], [c].[Description], [c].[ImageUrl], [c].[IsActive], [c].[Name], [c].[UpdatedAt], [c].[UpdatedBy], [p].[Id], [p].[CategoryId], [p].[CreatedAt], [p].[CreatedBy], [p].[Description], [p].[DiscountPrice], [p].[ImageUrl], [p].[IsActive], [p].[Name], [p].[Price], [p].[SKU], [p].[StockQuantity], [p].[UpdatedAt], [p].[UpdatedBy]
FROM [Categories] AS [c]
LEFT JOIN [Products] AS [p] ON [c].[Id] = [p].[CategoryId]
WHERE [c].[IsActive] = CAST(1 AS bit)
ORDER BY [c].[Id]
2026-03-31 16:01:51.850 +05:30 [INF] Executing OkObjectResult, writing value of type '<>f__AnonymousType0`2[[System.Boolean, System.Private.CoreLib, Version=10.0.0.0, Culture=neutral, PublicKeyToken=7cec85d7bea7798e],[System.Collections.Generic.IEnumerable`1[[ProductService.Application.DTOs.CategoryDto, ProductService.Application, Version=1.0.0.0, Culture=neutral, PublicKeyToken=null]], System.Private.CoreLib, Version=10.0.0.0, Culture=neutral, PublicKeyToken=7cec85d7bea7798e]]'.
2026-03-31 16:01:51.902 +05:30 [INF] Executed action ProductService.API.Controllers.CategoryController.GetAll (ProductService.API) in 2747.6261ms
2026-03-31 16:01:51.909 +05:30 [INF] Executed endpoint 'ProductService.API.Controllers.CategoryController.GetAll (ProductService.API)'
2026-03-31 16:01:51.916 +05:30 [INF] HTTP GET /api/v1/categories responded 200 in 2881.8639 ms
2026-03-31 16:01:51.934 +05:30 [INF] Request finished HTTP/2 GET https://localhost:5021/api/v1/categories - 200 null application/json; charset=utf-8 2927.7766ms
2026-03-31 16:12:04.237 +05:30 [INF] Executed DbCommand (119ms) [Parameters=[], CommandType='"Text"', CommandTimeout='30']
SELECT 1
2026-03-31 16:12:04.846 +05:30 [INF] Acquiring an exclusive lock for migration application. See https://aka.ms/efcore-docs-migrations-lock for more information if this takes too long.
2026-03-31 16:12:05.475 +05:30 [INF] Executed DbCommand (294ms) [Parameters=[], CommandType='"Text"', CommandTimeout='30']
DECLARE @result int;
EXEC @result = sp_getapplock @Resource = '__EFMigrationsLock', @LockOwner = 'Session', @LockMode = 'Exclusive';
SELECT @result
2026-03-31 16:12:06.625 +05:30 [INF] Executed DbCommand (240ms) [Parameters=[], CommandType='"Text"', CommandTimeout='30']
IF OBJECT_ID(N'[__EFMigrationsHistory]') IS NULL
BEGIN
    CREATE TABLE [__EFMigrationsHistory] (
        [MigrationId] nvarchar(150) NOT NULL,
        [ProductVersion] nvarchar(32) NOT NULL,
        CONSTRAINT [PK___EFMigrationsHistory] PRIMARY KEY ([MigrationId])
    );
END;
2026-03-31 16:12:06.950 +05:30 [INF] Executed DbCommand (27ms) [Parameters=[], CommandType='"Text"', CommandTimeout='30']
SELECT 1
2026-03-31 16:12:07.048 +05:30 [INF] Executed DbCommand (49ms) [Parameters=[], CommandType='"Text"', CommandTimeout='30']
SELECT OBJECT_ID(N'[__EFMigrationsHistory]');
2026-03-31 16:12:07.757 +05:30 [INF] Executed DbCommand (598ms) [Parameters=[], CommandType='"Text"', CommandTimeout='30']
SELECT [MigrationId], [ProductVersion]
FROM [__EFMigrationsHistory]
ORDER BY [MigrationId];
2026-03-31 16:12:07.953 +05:30 [INF] No migrations were applied. The database is already up to date.
2026-03-31 16:12:08.161 +05:30 [INF] Executed DbCommand (34ms) [Parameters=[], CommandType='"Text"', CommandTimeout='30']
DECLARE @result int;
EXEC @result = sp_releaseapplock @Resource = '__EFMigrationsLock', @LockOwner = 'Session';
SELECT @result
2026-03-31 16:12:11.146 +05:30 [INF] User profile is available. Using 'C:\Users\Satvik\AppData\Local\ASP.NET\DataProtection-Keys' as key repository and Windows DPAPI to encrypt keys at rest.
2026-03-31 16:12:12.894 +05:30 [WRN] The WebRootPath was not found: C:\Users\Satvik\Desktop\capg\MicroservicesAssesment\Services\ProductService\ProductService.API\wwwroot. Static files may be unavailable.
2026-03-31 16:12:13.830 +05:30 [INF] Now listening on: https://localhost:5021
2026-03-31 16:12:14.151 +05:30 [INF] Now listening on: http://localhost:5020
2026-03-31 16:12:15.980 +05:30 [INF] Request starting HTTP/2 GET https://localhost:5021/ - null null
2026-03-31 16:12:16.823 +05:30 [INF] Application started. Press Ctrl+C to shut down.
2026-03-31 16:12:17.000 +05:30 [INF] Hosting environment: Development
2026-03-31 16:12:17.117 +05:30 [INF] Content root path: C:\Users\Satvik\Desktop\capg\MicroservicesAssesment\Services\ProductService\ProductService.API
2026-03-31 16:12:18.732 +05:30 [INF] HTTP GET / responded 404 in 952.9644 ms
2026-03-31 16:12:19.042 +05:30 [INF] Request finished HTTP/2 GET https://localhost:5021/ - 404 null null 3079.8733ms
2026-03-31 16:12:19.801 +05:30 [INF] Request reached the end of the middleware pipeline without being handled by application code. Request path: GET https://localhost:5021/, Response status code: 404
2026-03-31 16:30:59.885 +05:30 [INF] Executed DbCommand (186ms) [Parameters=[], CommandType='"Text"', CommandTimeout='30']
SELECT 1
2026-03-31 16:31:00.524 +05:30 [INF] Acquiring an exclusive lock for migration application. See https://aka.ms/efcore-docs-migrations-lock for more information if this takes too long.
2026-03-31 16:31:00.759 +05:30 [INF] Executed DbCommand (193ms) [Parameters=[], CommandType='"Text"', CommandTimeout='30']
DECLARE @result int;
EXEC @result = sp_getapplock @Resource = '__EFMigrationsLock', @LockOwner = 'Session', @LockMode = 'Exclusive';
SELECT @result
2026-03-31 16:31:01.360 +05:30 [INF] Executed DbCommand (64ms) [Parameters=[], CommandType='"Text"', CommandTimeout='30']
IF OBJECT_ID(N'[__EFMigrationsHistory]') IS NULL
BEGIN
    CREATE TABLE [__EFMigrationsHistory] (
        [MigrationId] nvarchar(150) NOT NULL,
        [ProductVersion] nvarchar(32) NOT NULL,
        CONSTRAINT [PK___EFMigrationsHistory] PRIMARY KEY ([MigrationId])
    );
END;
2026-03-31 16:31:01.534 +05:30 [INF] Executed DbCommand (2ms) [Parameters=[], CommandType='"Text"', CommandTimeout='30']
SELECT 1
2026-03-31 16:31:01.569 +05:30 [INF] Executed DbCommand (5ms) [Parameters=[], CommandType='"Text"', CommandTimeout='30']
SELECT OBJECT_ID(N'[__EFMigrationsHistory]');
2026-03-31 16:31:01.707 +05:30 [INF] Executed DbCommand (43ms) [Parameters=[], CommandType='"Text"', CommandTimeout='30']
SELECT [MigrationId], [ProductVersion]
FROM [__EFMigrationsHistory]
ORDER BY [MigrationId];
2026-03-31 16:31:01.875 +05:30 [INF] No migrations were applied. The database is already up to date.
2026-03-31 16:31:01.993 +05:30 [INF] Executed DbCommand (17ms) [Parameters=[], CommandType='"Text"', CommandTimeout='30']
DECLARE @result int;
EXEC @result = sp_releaseapplock @Resource = '__EFMigrationsLock', @LockOwner = 'Session';
SELECT @result
2026-03-31 16:31:03.146 +05:30 [INF] User profile is available. Using 'C:\Users\Satvik\AppData\Local\ASP.NET\DataProtection-Keys' as key repository and Windows DPAPI to encrypt keys at rest.
2026-03-31 16:31:04.119 +05:30 [WRN] The WebRootPath was not found: C:\Users\Satvik\Desktop\capg\MicroservicesAssesment\Services\ProductService\ProductService.API\wwwroot. Static files may be unavailable.
2026-03-31 16:31:05.021 +05:30 [INF] Now listening on: https://localhost:5021
2026-03-31 16:31:06.067 +05:30 [INF] Now listening on: http://localhost:5020
2026-03-31 16:31:07.386 +05:30 [INF] Request starting HTTP/2 GET https://localhost:5021/ - null null
2026-03-31 16:31:07.717 +05:30 [INF] Application started. Press Ctrl+C to shut down.
2026-03-31 16:31:08.558 +05:30 [INF] Hosting environment: Development
2026-03-31 16:31:08.825 +05:30 [INF] Content root path: C:\Users\Satvik\Desktop\capg\MicroservicesAssesment\Services\ProductService\ProductService.API
2026-03-31 16:31:10.582 +05:30 [INF] HTTP GET / responded 404 in 617.2545 ms
2026-03-31 16:31:10.936 +05:30 [INF] Request finished HTTP/2 GET https://localhost:5021/ - 404 null null 3566.1456ms
2026-03-31 16:31:11.381 +05:30 [INF] Request reached the end of the middleware pipeline without being handled by application code. Request path: GET https://localhost:5021/, Response status code: 404
