2026-03-31 14:23:12.622 +05:30 [INF] Executed DbCommand (116ms) [Parameters=[], CommandType='"Text"', CommandTimeout='30']
SELECT 1
2026-03-31 14:23:13.227 +05:30 [INF] Acquiring an exclusive lock for migration application. See https://aka.ms/efcore-docs-migrations-lock for more information if this takes too long.
2026-03-31 14:23:13.711 +05:30 [INF] Executed DbCommand (421ms) [Parameters=[], CommandType='"Text"', CommandTimeout='30']
DECLARE @result int;
EXEC @result = sp_getapplock @Resource = '__EFMigrationsLock', @LockOwner = 'Session', @LockMode = 'Exclusive';
SELECT @result
2026-03-31 14:23:14.350 +05:30 [INF] Executed DbCommand (77ms) [Parameters=[], CommandType='"Text"', CommandTimeout='30']
IF OBJECT_ID(N'[__EFMigrationsHistory]') IS NULL
BEGIN
    CREATE TABLE [__EFMigrationsHistory] (
        [MigrationId] nvarchar(150) NOT NULL,
        [ProductVersion] nvarchar(32) NOT NULL,
        CONSTRAINT [PK___EFMigrationsHistory] PRIMARY KEY ([MigrationId])
    );
END;
2026-03-31 14:23:14.435 +05:30 [INF] Executed DbCommand (4ms) [Parameters=[], CommandType='"Text"', CommandTimeout='30']
SELECT 1
2026-03-31 14:23:14.503 +05:30 [INF] Executed DbCommand (10ms) [Parameters=[], CommandType='"Text"', CommandTimeout='30']
SELECT OBJECT_ID(N'[__EFMigrationsHistory]');
2026-03-31 14:23:14.890 +05:30 [INF] Executed DbCommand (258ms) [Parameters=[], CommandType='"Text"', CommandTimeout='30']
SELECT [MigrationId], [ProductVersion]
FROM [__EFMigrationsHistory]
ORDER BY [MigrationId];
2026-03-31 14:23:15.535 +05:30 [INF] No migrations were applied. The database is already up to date.
2026-03-31 14:23:15.948 +05:30 [INF] Executed DbCommand (53ms) [Parameters=[], CommandType='"Text"', CommandTimeout='30']
DECLARE @result int;
EXEC @result = sp_releaseapplock @Resource = '__EFMigrationsLock', @LockOwner = 'Session';
SELECT @result
2026-03-31 14:23:17.392 +05:30 [INF] User profile is available. Using 'C:\Users\Satvik\AppData\Local\ASP.NET\DataProtection-Keys' as key repository and Windows DPAPI to encrypt keys at rest.
2026-03-31 14:23:19.326 +05:30 [INF] Now listening on: https://localhost:5061
2026-03-31 14:23:19.758 +05:30 [INF] Now listening on: http://localhost:5060
2026-03-31 14:23:21.275 +05:30 [INF] Application started. Press Ctrl+C to shut down.
2026-03-31 14:23:21.609 +05:30 [INF] Hosting environment: Development
2026-03-31 14:23:22.166 +05:30 [INF] Content root path: C:\Users\Satvik\Desktop\capg\MicroservicesAssesment\Services\NotificationService\NotificationService.API
2026-03-31 14:26:01.295 +05:30 [INF] Executed DbCommand (236ms) [Parameters=[], CommandType='"Text"', CommandTimeout='30']
SELECT 1
2026-03-31 14:26:01.695 +05:30 [INF] Acquiring an exclusive lock for migration application. See https://aka.ms/efcore-docs-migrations-lock for more information if this takes too long.
2026-03-31 14:26:02.365 +05:30 [INF] Executed DbCommand (639ms) [Parameters=[], CommandType='"Text"', CommandTimeout='30']
DECLARE @result int;
EXEC @result = sp_getapplock @Resource = '__EFMigrationsLock', @LockOwner = 'Session', @LockMode = 'Exclusive';
SELECT @result
2026-03-31 14:26:03.335 +05:30 [INF] Executed DbCommand (311ms) [Parameters=[], CommandType='"Text"', CommandTimeout='30']
IF OBJECT_ID(N'[__EFMigrationsHistory]') IS NULL
BEGIN
    CREATE TABLE [__EFMigrationsHistory] (
        [MigrationId] nvarchar(150) NOT NULL,
        [ProductVersion] nvarchar(32) NOT NULL,
        CONSTRAINT [PK___EFMigrationsHistory] PRIMARY KEY ([MigrationId])
    );
END;
2026-03-31 14:26:03.484 +05:30 [INF] Executed DbCommand (9ms) [Parameters=[], CommandType='"Text"', CommandTimeout='30']
SELECT 1
2026-03-31 14:26:03.672 +05:30 [INF] Executed DbCommand (34ms) [Parameters=[], CommandType='"Text"', CommandTimeout='30']
SELECT OBJECT_ID(N'[__EFMigrationsHistory]');
2026-03-31 14:26:03.822 +05:30 [INF] Executed DbCommand (99ms) [Parameters=[], CommandType='"Text"', CommandTimeout='30']
SELECT [MigrationId], [ProductVersion]
FROM [__EFMigrationsHistory]
ORDER BY [MigrationId];
2026-03-31 14:26:03.876 +05:30 [INF] No migrations were applied. The database is already up to date.
2026-03-31 14:26:04.027 +05:30 [INF] Executed DbCommand (51ms) [Parameters=[], CommandType='"Text"', CommandTimeout='30']
DECLARE @result int;
EXEC @result = sp_releaseapplock @Resource = '__EFMigrationsLock', @LockOwner = 'Session';
SELECT @result
2026-03-31 14:26:04.989 +05:30 [INF] User profile is available. Using 'C:\Users\Satvik\AppData\Local\ASP.NET\DataProtection-Keys' as key repository and Windows DPAPI to encrypt keys at rest.
2026-03-31 14:26:07.068 +05:30 [INF] Now listening on: https://localhost:5061
2026-03-31 14:26:07.358 +05:30 [INF] Now listening on: http://localhost:5060
2026-03-31 14:26:08.810 +05:30 [INF] Application started. Press Ctrl+C to shut down.
2026-03-31 14:26:09.182 +05:30 [INF] Hosting environment: Development
2026-03-31 14:26:09.664 +05:30 [INF] Content root path: C:\Users\Satvik\Desktop\capg\MicroservicesAssesment\Services\NotificationService\NotificationService.API
2026-03-31 14:28:04.154 +05:30 [INF] Executed DbCommand (122ms) [Parameters=[], CommandType='"Text"', CommandTimeout='30']
SELECT 1
2026-03-31 14:28:04.599 +05:30 [INF] Acquiring an exclusive lock for migration application. See https://aka.ms/efcore-docs-migrations-lock for more information if this takes too long.
2026-03-31 14:28:04.815 +05:30 [INF] Executed DbCommand (108ms) [Parameters=[], CommandType='"Text"', CommandTimeout='30']
DECLARE @result int;
EXEC @result = sp_getapplock @Resource = '__EFMigrationsLock', @LockOwner = 'Session', @LockMode = 'Exclusive';
SELECT @result
2026-03-31 14:28:05.536 +05:30 [INF] Executed DbCommand (18ms) [Parameters=[], CommandType='"Text"', CommandTimeout='30']
IF OBJECT_ID(N'[__EFMigrationsHistory]') IS NULL
BEGIN
    CREATE TABLE [__EFMigrationsHistory] (
        [MigrationId] nvarchar(150) NOT NULL,
        [ProductVersion] nvarchar(32) NOT NULL,
        CONSTRAINT [PK___EFMigrationsHistory] PRIMARY KEY ([MigrationId])
    );
END;
2026-03-31 14:28:05.645 +05:30 [INF] Executed DbCommand (3ms) [Parameters=[], CommandType='"Text"', CommandTimeout='30']
SELECT 1
2026-03-31 14:28:05.727 +05:30 [INF] Executed DbCommand (22ms) [Parameters=[], CommandType='"Text"', CommandTimeout='30']
SELECT OBJECT_ID(N'[__EFMigrationsHistory]');
2026-03-31 14:28:05.826 +05:30 [INF] Executed DbCommand (67ms) [Parameters=[], CommandType='"Text"', CommandTimeout='30']
SELECT [MigrationId], [ProductVersion]
FROM [__EFMigrationsHistory]
ORDER BY [MigrationId];
2026-03-31 14:28:05.904 +05:30 [INF] No migrations were applied. The database is already up to date.
2026-03-31 14:28:06.044 +05:30 [INF] Executed DbCommand (30ms) [Parameters=[], CommandType='"Text"', CommandTimeout='30']
DECLARE @result int;
EXEC @result = sp_releaseapplock @Resource = '__EFMigrationsLock', @LockOwner = 'Session';
SELECT @result
2026-03-31 14:28:06.846 +05:30 [INF] User profile is available. Using 'C:\Users\Satvik\AppData\Local\ASP.NET\DataProtection-Keys' as key repository and Windows DPAPI to encrypt keys at rest.
2026-03-31 14:28:08.846 +05:30 [INF] Now listening on: https://localhost:5061
2026-03-31 14:28:08.920 +05:30 [INF] Now listening on: http://localhost:5060
2026-03-31 14:28:10.161 +05:30 [INF] Application started. Press Ctrl+C to shut down.
2026-03-31 14:28:10.546 +05:30 [INF] Hosting environment: Development
2026-03-31 14:28:10.722 +05:30 [INF] Content root path: C:\Users\Satvik\Desktop\capg\MicroservicesAssesment\Services\NotificationService\NotificationService.API
2026-03-31 14:55:04.215 +05:30 [INF] Executed DbCommand (59ms) [Parameters=[], CommandType='"Text"', CommandTimeout='30']
SELECT 1
2026-03-31 14:55:04.393 +05:30 [INF] Acquiring an exclusive lock for migration application. See https://aka.ms/efcore-docs-migrations-lock for more information if this takes too long.
2026-03-31 14:55:04.510 +05:30 [INF] Executed DbCommand (104ms) [Parameters=[], CommandType='"Text"', CommandTimeout='30']
DECLARE @result int;
EXEC @result = sp_getapplock @Resource = '__EFMigrationsLock', @LockOwner = 'Session', @LockMode = 'Exclusive';
SELECT @result
2026-03-31 14:55:04.741 +05:30 [INF] Executed DbCommand (19ms) [Parameters=[], CommandType='"Text"', CommandTimeout='30']
IF OBJECT_ID(N'[__EFMigrationsHistory]') IS NULL
BEGIN
    CREATE TABLE [__EFMigrationsHistory] (
        [MigrationId] nvarchar(150) NOT NULL,
        [ProductVersion] nvarchar(32) NOT NULL,
        CONSTRAINT [PK___EFMigrationsHistory] PRIMARY KEY ([MigrationId])
    );
END;
2026-03-31 14:55:04.781 +05:30 [INF] Executed DbCommand (1ms) [Parameters=[], CommandType='"Text"', CommandTimeout='30']
SELECT 1
2026-03-31 14:55:04.798 +05:30 [INF] Executed DbCommand (3ms) [Parameters=[], CommandType='"Text"', CommandTimeout='30']
SELECT OBJECT_ID(N'[__EFMigrationsHistory]');
2026-03-31 14:55:04.857 +05:30 [INF] Executed DbCommand (43ms) [Parameters=[], CommandType='"Text"', CommandTimeout='30']
SELECT [MigrationId], [ProductVersion]
FROM [__EFMigrationsHistory]
ORDER BY [MigrationId];
2026-03-31 14:55:04.888 +05:30 [INF] No migrations were applied. The database is already up to date.
2026-03-31 14:55:04.912 +05:30 [INF] Executed DbCommand (17ms) [Parameters=[], CommandType='"Text"', CommandTimeout='30']
DECLARE @result int;
EXEC @result = sp_releaseapplock @Resource = '__EFMigrationsLock', @LockOwner = 'Session';
SELECT @result
2026-03-31 14:55:05.358 +05:30 [INF] User profile is available. Using 'C:\Users\Satvik\AppData\Local\ASP.NET\DataProtection-Keys' as key repository and Windows DPAPI to encrypt keys at rest.
2026-03-31 14:55:06.299 +05:30 [INF] Now listening on: https://localhost:5061
2026-03-31 14:55:06.302 +05:30 [INF] Now listening on: http://localhost:5060
2026-03-31 14:55:06.654 +05:30 [INF] Application started. Press Ctrl+C to shut down.
2026-03-31 14:55:06.661 +05:30 [INF] Hosting environment: Development
2026-03-31 14:55:06.667 +05:30 [INF] Content root path: C:\Users\Satvik\Desktop\capg\MicroservicesAssesment\Services\NotificationService\NotificationService.API
2026-03-31 15:28:16.985 +05:30 [INF] Executed DbCommand (152ms) [Parameters=[], CommandType='"Text"', CommandTimeout='30']
SELECT 1
2026-03-31 15:28:17.877 +05:30 [INF] Acquiring an exclusive lock for migration application. See https://aka.ms/efcore-docs-migrations-lock for more information if this takes too long.
2026-03-31 15:28:18.384 +05:30 [INF] Executed DbCommand (170ms) [Parameters=[], CommandType='"Text"', CommandTimeout='30']
DECLARE @result int;
EXEC @result = sp_getapplock @Resource = '__EFMigrationsLock', @LockOwner = 'Session', @LockMode = 'Exclusive';
SELECT @result
2026-03-31 15:28:19.356 +05:30 [INF] Executed DbCommand (15ms) [Parameters=[], CommandType='"Text"', CommandTimeout='30']
IF OBJECT_ID(N'[__EFMigrationsHistory]') IS NULL
BEGIN
    CREATE TABLE [__EFMigrationsHistory] (
        [MigrationId] nvarchar(150) NOT NULL,
        [ProductVersion] nvarchar(32) NOT NULL,
        CONSTRAINT [PK___EFMigrationsHistory] PRIMARY KEY ([MigrationId])
    );
END;
2026-03-31 15:28:19.561 +05:30 [INF] Executed DbCommand (4ms) [Parameters=[], CommandType='"Text"', CommandTimeout='30']
SELECT 1
2026-03-31 15:28:19.660 +05:30 [INF] Executed DbCommand (64ms) [Parameters=[], CommandType='"Text"', CommandTimeout='30']
SELECT OBJECT_ID(N'[__EFMigrationsHistory]');
2026-03-31 15:28:19.927 +05:30 [INF] Executed DbCommand (204ms) [Parameters=[], CommandType='"Text"', CommandTimeout='30']
SELECT [MigrationId], [ProductVersion]
FROM [__EFMigrationsHistory]
ORDER BY [MigrationId];
2026-03-31 15:28:20.182 +05:30 [INF] No migrations were applied. The database is already up to date.
2026-03-31 15:28:20.322 +05:30 [INF] Executed DbCommand (40ms) [Parameters=[], CommandType='"Text"', CommandTimeout='30']
DECLARE @result int;
EXEC @result = sp_releaseapplock @Resource = '__EFMigrationsLock', @LockOwner = 'Session';
SELECT @result
2026-03-31 15:28:22.027 +05:30 [INF] User profile is available. Using 'C:\Users\Satvik\AppData\Local\ASP.NET\DataProtection-Keys' as key repository and Windows DPAPI to encrypt keys at rest.
2026-03-31 15:28:24.283 +05:30 [INF] Now listening on: https://localhost:5061
2026-03-31 15:28:24.457 +05:30 [INF] Now listening on: http://localhost:5060
2026-03-31 15:28:25.411 +05:30 [INF] Application started. Press Ctrl+C to shut down.
2026-03-31 15:28:25.766 +05:30 [INF] Hosting environment: Development
2026-03-31 15:28:26.303 +05:30 [INF] Content root path: C:\Users\Satvik\Desktop\capg\MicroservicesAssesment\Services\NotificationService\NotificationService.API
2026-03-31 16:12:04.215 +05:30 [INF] Executed DbCommand (93ms) [Parameters=[], CommandType='"Text"', CommandTimeout='30']
SELECT 1
2026-03-31 16:12:04.879 +05:30 [INF] Acquiring an exclusive lock for migration application. See https://aka.ms/efcore-docs-migrations-lock for more information if this takes too long.
2026-03-31 16:12:05.521 +05:30 [INF] Executed DbCommand (305ms) [Parameters=[], CommandType='"Text"', CommandTimeout='30']
DECLARE @result int;
EXEC @result = sp_getapplock @Resource = '__EFMigrationsLock', @LockOwner = 'Session', @LockMode = 'Exclusive';
SELECT @result
2026-03-31 16:12:08.020 +05:30 [INF] Executed DbCommand (968ms) [Parameters=[], CommandType='"Text"', CommandTimeout='30']
IF OBJECT_ID(N'[__EFMigrationsHistory]') IS NULL
BEGIN
    CREATE TABLE [__EFMigrationsHistory] (
        [MigrationId] nvarchar(150) NOT NULL,
        [ProductVersion] nvarchar(32) NOT NULL,
        CONSTRAINT [PK___EFMigrationsHistory] PRIMARY KEY ([MigrationId])
    );
END;
2026-03-31 16:12:08.116 +05:30 [INF] Executed DbCommand (8ms) [Parameters=[], CommandType='"Text"', CommandTimeout='30']
SELECT 1
2026-03-31 16:12:08.214 +05:30 [INF] Executed DbCommand (3ms) [Parameters=[], CommandType='"Text"', CommandTimeout='30']
SELECT OBJECT_ID(N'[__EFMigrationsHistory]');
2026-03-31 16:12:08.403 +05:30 [INF] Executed DbCommand (142ms) [Parameters=[], CommandType='"Text"', CommandTimeout='30']
SELECT [MigrationId], [ProductVersion]
FROM [__EFMigrationsHistory]
ORDER BY [MigrationId];
2026-03-31 16:12:08.548 +05:30 [INF] No migrations were applied. The database is already up to date.
2026-03-31 16:12:09.484 +05:30 [INF] Executed DbCommand (79ms) [Parameters=[], CommandType='"Text"', CommandTimeout='30']
DECLARE @result int;
EXEC @result = sp_releaseapplock @Resource = '__EFMigrationsLock', @LockOwner = 'Session';
SELECT @result
2026-03-31 16:12:12.196 +05:30 [INF] User profile is available. Using 'C:\Users\Satvik\AppData\Local\ASP.NET\DataProtection-Keys' as key repository and Windows DPAPI to encrypt keys at rest.
2026-03-31 16:12:14.193 +05:30 [INF] Now listening on: https://localhost:5061
2026-03-31 16:12:14.695 +05:30 [INF] Now listening on: http://localhost:5060
2026-03-31 16:12:15.904 +05:30 [INF] Application started. Press Ctrl+C to shut down.
2026-03-31 16:12:16.324 +05:30 [INF] Hosting environment: Development
2026-03-31 16:12:16.709 +05:30 [INF] Content root path: C:\Users\Satvik\Desktop\capg\MicroservicesAssesment\Services\NotificationService\NotificationService.API
2026-03-31 16:30:59.881 +05:30 [INF] Executed DbCommand (189ms) [Parameters=[], CommandType='"Text"', CommandTimeout='30']
SELECT 1
2026-03-31 16:31:00.528 +05:30 [INF] Acquiring an exclusive lock for migration application. See https://aka.ms/efcore-docs-migrations-lock for more information if this takes too long.
2026-03-31 16:31:00.804 +05:30 [INF] Executed DbCommand (242ms) [Parameters=[], CommandType='"Text"', CommandTimeout='30']
DECLARE @result int;
EXEC @result = sp_getapplock @Resource = '__EFMigrationsLock', @LockOwner = 'Session', @LockMode = 'Exclusive';
SELECT @result
2026-03-31 16:31:01.437 +05:30 [INF] Executed DbCommand (23ms) [Parameters=[], CommandType='"Text"', CommandTimeout='30']
IF OBJECT_ID(N'[__EFMigrationsHistory]') IS NULL
BEGIN
    CREATE TABLE [__EFMigrationsHistory] (
        [MigrationId] nvarchar(150) NOT NULL,
        [ProductVersion] nvarchar(32) NOT NULL,
        CONSTRAINT [PK___EFMigrationsHistory] PRIMARY KEY ([MigrationId])
    );
END;
2026-03-31 16:31:01.575 +05:30 [INF] Executed DbCommand (2ms) [Parameters=[], CommandType='"Text"', CommandTimeout='30']
SELECT 1
2026-03-31 16:31:01.696 +05:30 [INF] Executed DbCommand (26ms) [Parameters=[], CommandType='"Text"', CommandTimeout='30']
SELECT OBJECT_ID(N'[__EFMigrationsHistory]');
2026-03-31 16:31:02.075 +05:30 [INF] Executed DbCommand (134ms) [Parameters=[], CommandType='"Text"', CommandTimeout='30']
SELECT [MigrationId], [ProductVersion]
FROM [__EFMigrationsHistory]
ORDER BY [MigrationId];
2026-03-31 16:31:02.340 +05:30 [INF] No migrations were applied. The database is already up to date.
2026-03-31 16:31:02.508 +05:30 [INF] Executed DbCommand (57ms) [Parameters=[], CommandType='"Text"', CommandTimeout='30']
DECLARE @result int;
EXEC @result = sp_releaseapplock @Resource = '__EFMigrationsLock', @LockOwner = 'Session';
SELECT @result
2026-03-31 16:31:03.504 +05:30 [INF] User profile is available. Using 'C:\Users\Satvik\AppData\Local\ASP.NET\DataProtection-Keys' as key repository and Windows DPAPI to encrypt keys at rest.
2026-03-31 16:31:06.581 +05:30 [INF] Now listening on: https://localhost:5061
2026-03-31 16:31:06.823 +05:30 [INF] Now listening on: http://localhost:5060
2026-03-31 16:31:07.910 +05:30 [INF] Application started. Press Ctrl+C to shut down.
2026-03-31 16:31:08.239 +05:30 [INF] Hosting environment: Development
2026-03-31 16:31:08.542 +05:30 [INF] Content root path: C:\Users\Satvik\Desktop\capg\MicroservicesAssesment\Services\NotificationService\NotificationService.API
