2026-03-29 20:53:56.096 +05:30 [INF] Executed DbCommand (188ms) [Parameters=[@normalizedName='?' (Size = 256)], CommandType='"Text"', CommandTimeout='30']
SELECT TOP(1) [a].[Id], [a].[ConcurrencyStamp], [a].[Name], [a].[NormalizedName]
FROM [AspNetRoles] AS [a]
WHERE [a].[NormalizedName] = @normalizedName
2026-03-29 20:53:56.296 +05:30 [INF] Executed DbCommand (3ms) [Parameters=[@normalizedName='?' (Size = 256)], CommandType='"Text"', CommandTimeout='30']
SELECT TOP(1) [a].[Id], [a].[ConcurrencyStamp], [a].[Name], [a].[NormalizedName]
FROM [AspNetRoles] AS [a]
WHERE [a].[NormalizedName] = @normalizedName
2026-03-29 20:53:56.302 +05:30 [INF] Executed DbCommand (1ms) [Parameters=[@normalizedName='?' (Size = 256)], CommandType='"Text"', CommandTimeout='30']
SELECT TOP(1) [a].[Id], [a].[ConcurrencyStamp], [a].[Name], [a].[NormalizedName]
FROM [AspNetRoles] AS [a]
WHERE [a].[NormalizedName] = @normalizedName
2026-03-29 20:53:56.730 +05:30 [INF] Executed DbCommand (5ms) [Parameters=[], CommandType='"Text"', CommandTimeout='30']
SELECT 1
2026-03-29 20:53:56.739 +05:30 [INF] Acquiring an exclusive lock for migration application. See https://aka.ms/efcore-docs-migrations-lock for more information if this takes too long.
2026-03-29 20:53:56.749 +05:30 [INF] Executed DbCommand (6ms) [Parameters=[], CommandType='"Text"', CommandTimeout='30']
DECLARE @result int;
EXEC @result = sp_getapplock @Resource = '__EFMigrationsLock', @LockOwner = 'Session', @LockMode = 'Exclusive';
SELECT @result
2026-03-29 20:53:56.851 +05:30 [INF] Executed DbCommand (1ms) [Parameters=[], CommandType='"Text"', CommandTimeout='30']
IF OBJECT_ID(N'[__EFMigrationsHistory]') IS NULL
BEGIN
    CREATE TABLE [__EFMigrationsHistory] (
        [MigrationId] nvarchar(150) NOT NULL,
        [ProductVersion] nvarchar(32) NOT NULL,
        CONSTRAINT [PK___EFMigrationsHistory] PRIMARY KEY ([MigrationId])
    );
END;
2026-03-29 20:53:56.867 +05:30 [INF] Executed DbCommand (0ms) [Parameters=[], CommandType='"Text"', CommandTimeout='30']
SELECT 1
2026-03-29 20:53:56.871 +05:30 [INF] Executed DbCommand (1ms) [Parameters=[], CommandType='"Text"', CommandTimeout='30']
SELECT OBJECT_ID(N'[__EFMigrationsHistory]');
2026-03-29 20:53:56.880 +05:30 [INF] Executed DbCommand (3ms) [Parameters=[], CommandType='"Text"', CommandTimeout='30']
SELECT [MigrationId], [ProductVersion]
FROM [__EFMigrationsHistory]
ORDER BY [MigrationId];
2026-03-29 20:53:56.890 +05:30 [INF] No migrations were applied. The database is already up to date.
2026-03-29 20:53:56.893 +05:30 [INF] Executed DbCommand (1ms) [Parameters=[], CommandType='"Text"', CommandTimeout='30']
DECLARE @result int;
EXEC @result = sp_releaseapplock @Resource = '__EFMigrationsLock', @LockOwner = 'Session';
SELECT @result
2026-03-29 20:53:57.051 +05:30 [INF] User profile is available. Using 'C:\Users\Srikrishna\AppData\Local\ASP.NET\DataProtection-Keys' as key repository and Windows DPAPI to encrypt keys at rest.
2026-03-29 20:53:57.165 +05:30 [WRN] The WebRootPath was not found: D:\DotNetCorePractise\MicroservicesAssesment\Services\UserService\UserService.API\wwwroot. Static files may be unavailable.
2026-03-29 20:53:57.308 +05:30 [INF] Now listening on: https://localhost:5011
2026-03-29 20:53:57.310 +05:30 [INF] Now listening on: http://localhost:5010
2026-03-29 20:53:57.559 +05:30 [INF] Application started. Press Ctrl+C to shut down.
2026-03-29 20:53:57.561 +05:30 [INF] Hosting environment: Development
2026-03-29 20:53:57.562 +05:30 [INF] Content root path: D:\DotNetCorePractise\MicroservicesAssesment\Services\UserService\UserService.API
2026-03-29 20:53:57.871 +05:30 [INF] Request starting HTTP/2 GET https://localhost:5011/ - null null
2026-03-29 20:53:59.530 +05:30 [INF] HTTP GET / responded 404 in 1516.1034 ms
2026-03-29 20:53:59.540 +05:30 [INF] Request finished HTTP/2 GET https://localhost:5011/ - 404 null null 1670.0303ms
2026-03-29 20:53:59.546 +05:30 [INF] Request reached the end of the middleware pipeline without being handled by application code. Request path: GET https://localhost:5011/, Response status code: 404
2026-03-29 20:56:27.046 +05:30 [INF] Executed DbCommand (123ms) [Parameters=[@normalizedName='?' (Size = 256)], CommandType='"Text"', CommandTimeout='30']
SELECT TOP(1) [a].[Id], [a].[ConcurrencyStamp], [a].[Name], [a].[NormalizedName]
FROM [AspNetRoles] AS [a]
WHERE [a].[NormalizedName] = @normalizedName
2026-03-29 20:56:27.291 +05:30 [INF] Executed DbCommand (3ms) [Parameters=[@normalizedName='?' (Size = 256)], CommandType='"Text"', CommandTimeout='30']
SELECT TOP(1) [a].[Id], [a].[ConcurrencyStamp], [a].[Name], [a].[NormalizedName]
FROM [AspNetRoles] AS [a]
WHERE [a].[NormalizedName] = @normalizedName
2026-03-29 20:56:27.302 +05:30 [INF] Executed DbCommand (1ms) [Parameters=[@normalizedName='?' (Size = 256)], CommandType='"Text"', CommandTimeout='30']
SELECT TOP(1) [a].[Id], [a].[ConcurrencyStamp], [a].[Name], [a].[NormalizedName]
FROM [AspNetRoles] AS [a]
WHERE [a].[NormalizedName] = @normalizedName
2026-03-29 20:56:27.624 +05:30 [INF] Executed DbCommand (6ms) [Parameters=[], CommandType='"Text"', CommandTimeout='30']
SELECT 1
2026-03-29 20:56:27.632 +05:30 [INF] Acquiring an exclusive lock for migration application. See https://aka.ms/efcore-docs-migrations-lock for more information if this takes too long.
2026-03-29 20:56:27.645 +05:30 [INF] Executed DbCommand (8ms) [Parameters=[], CommandType='"Text"', CommandTimeout='30']
DECLARE @result int;
EXEC @result = sp_getapplock @Resource = '__EFMigrationsLock', @LockOwner = 'Session', @LockMode = 'Exclusive';
SELECT @result
2026-03-29 20:56:27.776 +05:30 [INF] Executed DbCommand (2ms) [Parameters=[], CommandType='"Text"', CommandTimeout='30']
IF OBJECT_ID(N'[__EFMigrationsHistory]') IS NULL
BEGIN
    CREATE TABLE [__EFMigrationsHistory] (
        [MigrationId] nvarchar(150) NOT NULL,
        [ProductVersion] nvarchar(32) NOT NULL,
        CONSTRAINT [PK___EFMigrationsHistory] PRIMARY KEY ([MigrationId])
    );
END;
2026-03-29 20:56:27.793 +05:30 [INF] Executed DbCommand (1ms) [Parameters=[], CommandType='"Text"', CommandTimeout='30']
SELECT 1
2026-03-29 20:56:27.797 +05:30 [INF] Executed DbCommand (1ms) [Parameters=[], CommandType='"Text"', CommandTimeout='30']
SELECT OBJECT_ID(N'[__EFMigrationsHistory]');
2026-03-29 20:56:27.807 +05:30 [INF] Executed DbCommand (5ms) [Parameters=[], CommandType='"Text"', CommandTimeout='30']
SELECT [MigrationId], [ProductVersion]
FROM [__EFMigrationsHistory]
ORDER BY [MigrationId];
2026-03-29 20:56:27.819 +05:30 [INF] No migrations were applied. The database is already up to date.
2026-03-29 20:56:27.824 +05:30 [INF] Executed DbCommand (2ms) [Parameters=[], CommandType='"Text"', CommandTimeout='30']
DECLARE @result int;
EXEC @result = sp_releaseapplock @Resource = '__EFMigrationsLock', @LockOwner = 'Session';
SELECT @result
2026-03-29 20:56:28.064 +05:30 [INF] User profile is available. Using 'C:\Users\Srikrishna\AppData\Local\ASP.NET\DataProtection-Keys' as key repository and Windows DPAPI to encrypt keys at rest.
2026-03-29 20:56:28.292 +05:30 [WRN] The WebRootPath was not found: D:\DotNetCorePractise\MicroservicesAssesment\Services\UserService\UserService.API\wwwroot. Static files may be unavailable.
2026-03-29 20:56:28.549 +05:30 [INF] Now listening on: https://localhost:5011
2026-03-29 20:56:28.584 +05:30 [INF] Now listening on: http://localhost:5010
2026-03-29 20:56:28.893 +05:30 [INF] Application started. Press Ctrl+C to shut down.
2026-03-29 20:56:28.895 +05:30 [INF] Hosting environment: Development
2026-03-29 20:56:28.896 +05:30 [INF] Content root path: D:\DotNetCorePractise\MicroservicesAssesment\Services\UserService\UserService.API
2026-03-29 20:56:29.423 +05:30 [INF] Request starting HTTP/2 GET https://localhost:5011/ - null null
2026-03-29 20:56:29.708 +05:30 [INF] HTTP GET / responded 404 in 102.4551 ms
2026-03-29 20:56:29.720 +05:30 [INF] Request finished HTTP/2 GET https://localhost:5011/ - 404 null null 299.4252ms
2026-03-29 20:56:29.728 +05:30 [INF] Request reached the end of the middleware pipeline without being handled by application code. Request path: GET https://localhost:5011/, Response status code: 404
2026-03-29 21:19:06.817 +05:30 [INF] Executed DbCommand (72ms) [Parameters=[@normalizedName='?' (Size = 256)], CommandType='"Text"', CommandTimeout='30']
SELECT TOP(1) [a].[Id], [a].[ConcurrencyStamp], [a].[Name], [a].[NormalizedName]
FROM [AspNetRoles] AS [a]
WHERE [a].[NormalizedName] = @normalizedName
2026-03-29 21:19:07.099 +05:30 [INF] Executed DbCommand (16ms) [Parameters=[@normalizedName='?' (Size = 256)], CommandType='"Text"', CommandTimeout='30']
SELECT TOP(1) [a].[Id], [a].[ConcurrencyStamp], [a].[Name], [a].[NormalizedName]
FROM [AspNetRoles] AS [a]
WHERE [a].[NormalizedName] = @normalizedName
2026-03-29 21:19:07.106 +05:30 [INF] Executed DbCommand (2ms) [Parameters=[@normalizedName='?' (Size = 256)], CommandType='"Text"', CommandTimeout='30']
SELECT TOP(1) [a].[Id], [a].[ConcurrencyStamp], [a].[Name], [a].[NormalizedName]
FROM [AspNetRoles] AS [a]
WHERE [a].[NormalizedName] = @normalizedName
2026-03-29 21:19:07.418 +05:30 [INF] Executed DbCommand (6ms) [Parameters=[], CommandType='"Text"', CommandTimeout='30']
SELECT 1
2026-03-29 21:19:07.432 +05:30 [INF] Acquiring an exclusive lock for migration application. See https://aka.ms/efcore-docs-migrations-lock for more information if this takes too long.
2026-03-29 21:19:07.445 +05:30 [INF] Executed DbCommand (8ms) [Parameters=[], CommandType='"Text"', CommandTimeout='30']
DECLARE @result int;
EXEC @result = sp_getapplock @Resource = '__EFMigrationsLock', @LockOwner = 'Session', @LockMode = 'Exclusive';
SELECT @result
2026-03-29 21:19:07.556 +05:30 [INF] Executed DbCommand (2ms) [Parameters=[], CommandType='"Text"', CommandTimeout='30']
IF OBJECT_ID(N'[__EFMigrationsHistory]') IS NULL
BEGIN
    CREATE TABLE [__EFMigrationsHistory] (
        [MigrationId] nvarchar(150) NOT NULL,
        [ProductVersion] nvarchar(32) NOT NULL,
        CONSTRAINT [PK___EFMigrationsHistory] PRIMARY KEY ([MigrationId])
    );
END;
2026-03-29 21:19:07.577 +05:30 [INF] Executed DbCommand (1ms) [Parameters=[], CommandType='"Text"', CommandTimeout='30']
SELECT 1
2026-03-29 21:19:07.583 +05:30 [INF] Executed DbCommand (2ms) [Parameters=[], CommandType='"Text"', CommandTimeout='30']
SELECT OBJECT_ID(N'[__EFMigrationsHistory]');
2026-03-29 21:19:07.612 +05:30 [INF] Executed DbCommand (22ms) [Parameters=[], CommandType='"Text"', CommandTimeout='30']
SELECT [MigrationId], [ProductVersion]
FROM [__EFMigrationsHistory]
ORDER BY [MigrationId];
2026-03-29 21:19:07.634 +05:30 [INF] No migrations were applied. The database is already up to date.
2026-03-29 21:19:07.641 +05:30 [INF] Executed DbCommand (4ms) [Parameters=[], CommandType='"Text"', CommandTimeout='30']
DECLARE @result int;
EXEC @result = sp_releaseapplock @Resource = '__EFMigrationsLock', @LockOwner = 'Session';
SELECT @result
2026-03-29 21:19:07.910 +05:30 [INF] User profile is available. Using 'C:\Users\Srikrishna\AppData\Local\ASP.NET\DataProtection-Keys' as key repository and Windows DPAPI to encrypt keys at rest.
2026-03-29 21:19:08.095 +05:30 [WRN] The WebRootPath was not found: D:\DotNetCorePractise\MicroservicesAssesment\Services\UserService\UserService.API\wwwroot. Static files may be unavailable.
2026-03-29 21:19:08.314 +05:30 [INF] Now listening on: https://localhost:5011
2026-03-29 21:19:08.315 +05:30 [INF] Now listening on: http://localhost:5010
2026-03-29 21:19:08.727 +05:30 [INF] Application started. Press Ctrl+C to shut down.
2026-03-29 21:19:08.730 +05:30 [INF] Hosting environment: Development
2026-03-29 21:19:08.732 +05:30 [INF] Content root path: D:\DotNetCorePractise\MicroservicesAssesment\Services\UserService\UserService.API
2026-03-29 21:19:09.099 +05:30 [INF] Request starting HTTP/2 GET https://localhost:5011/ - null null
2026-03-29 21:19:09.337 +05:30 [INF] HTTP GET / responded 404 in 75.1638 ms
2026-03-29 21:19:09.346 +05:30 [INF] Request finished HTTP/2 GET https://localhost:5011/ - 404 null null 251.1848ms
2026-03-29 21:19:09.353 +05:30 [INF] Request reached the end of the middleware pipeline without being handled by application code. Request path: GET https://localhost:5011/, Response status code: 404
2026-03-29 21:27:26.335 +05:30 [INF] Request starting HTTP/1.1 GET http://localhost:5010/swagger - null null
2026-03-29 21:27:26.352 +05:30 [INF] HTTP GET /swagger responded 301 in 1.7543 ms
2026-03-29 21:27:26.360 +05:30 [INF] Request finished HTTP/1.1 GET http://localhost:5010/swagger - 301 null null 25.0538ms
2026-03-29 21:27:26.364 +05:30 [INF] Request starting HTTP/1.1 GET http://localhost:5010/swagger/index.html - null null
2026-03-29 21:27:26.448 +05:30 [INF] HTTP GET /swagger/index.html responded 200 in 78.3241 ms
2026-03-29 21:27:26.452 +05:30 [INF] Request finished HTTP/1.1 GET http://localhost:5010/swagger/index.html - 200 null text/html;charset=utf-8 87.975ms
2026-03-29 21:27:26.485 +05:30 [INF] Request starting HTTP/1.1 GET http://localhost:5010/swagger/swagger-ui.css - null null
2026-03-29 21:27:26.513 +05:30 [INF] Request starting HTTP/1.1 GET http://localhost:5010/swagger/swagger-ui-standalone-preset.js - null null
2026-03-29 21:27:26.485 +05:30 [INF] Request starting HTTP/1.1 GET http://localhost:5010/swagger/index.css - null null
2026-03-29 21:27:26.513 +05:30 [INF] Request starting HTTP/1.1 GET http://localhost:5010/swagger/swagger-ui-bundle.js - null null
2026-03-29 21:27:26.576 +05:30 [INF] Request starting HTTP/1.1 GET http://localhost:5010/_framework/aspnetcore-browser-refresh.js - null null
2026-03-29 21:27:26.576 +05:30 [INF] Request starting HTTP/1.1 GET http://localhost:5010/swagger/index.js - null null
2026-03-29 21:27:26.590 +05:30 [INF] HTTP GET /swagger/swagger-ui.css responded 200 in 13.6055 ms
2026-03-29 21:27:26.590 +05:30 [INF] HTTP GET /swagger/index.css responded 200 in 7.6421 ms
2026-03-29 21:27:26.627 +05:30 [INF] Request finished HTTP/1.1 GET http://localhost:5010/swagger/swagger-ui.css - 200 26479 text/css 141.8483ms
2026-03-29 21:27:26.626 +05:30 [INF] Request finished HTTP/1.1 GET http://localhost:5010/_framework/aspnetcore-browser-refresh.js - 200 14935 application/javascript; charset=utf-8 78.4485ms
2026-03-29 21:27:26.627 +05:30 [INF] HTTP GET /swagger/index.js responded 200 in 30.5406 ms
2026-03-29 21:27:26.639 +05:30 [INF] Request finished HTTP/1.1 GET http://localhost:5010/swagger/index.css - 200 152 text/css 153.5017ms
2026-03-29 21:27:26.641 +05:30 [INF] HTTP GET /swagger/swagger-ui-bundle.js responded 200 in 55.9770 ms
2026-03-29 21:27:26.641 +05:30 [INF] HTTP GET /swagger/swagger-ui-standalone-preset.js responded 200 in 62.3857 ms
2026-03-29 21:27:26.651 +05:30 [INF] Request finished HTTP/1.1 GET http://localhost:5010/swagger/index.js - 200 null application/javascript;charset=utf-8 102.9096ms
2026-03-29 21:27:26.655 +05:30 [INF] Request starting HTTP/1.1 GET http://localhost:5010/_vs/browserLink - null null
2026-03-29 21:27:26.657 +05:30 [INF] Request finished HTTP/1.1 GET http://localhost:5010/swagger/swagger-ui-bundle.js - 200 418181 text/javascript 144.3689ms
2026-03-29 21:27:26.658 +05:30 [INF] Request finished HTTP/1.1 GET http://localhost:5010/swagger/swagger-ui-standalone-preset.js - 200 76613 text/javascript 145.0373ms
2026-03-29 21:27:26.707 +05:30 [INF] Request finished HTTP/1.1 GET http://localhost:5010/_vs/browserLink - 200 null text/javascript; charset=UTF-8 52.474ms
2026-03-29 21:27:26.811 +05:30 [INF] Request starting HTTP/1.1 GET http://localhost:5010/swagger/v1/swagger.json - null null
2026-03-29 21:27:26.825 +05:30 [INF] HTTP GET /swagger/v1/swagger.json responded 200 in 10.9701 ms
2026-03-29 21:27:26.827 +05:30 [INF] Request finished HTTP/1.1 GET http://localhost:5010/swagger/v1/swagger.json - 200 null application/json;charset=utf-8 15.3345ms
2026-03-29 21:27:26.836 +05:30 [INF] Request starting HTTP/1.1 GET http://localhost:5010/swagger/favicon-32x32.png - null null
2026-03-29 21:27:26.841 +05:30 [INF] HTTP GET /swagger/favicon-32x32.png responded 200 in 1.7757 ms
2026-03-29 21:27:26.843 +05:30 [INF] Request finished HTTP/1.1 GET http://localhost:5010/swagger/favicon-32x32.png - 200 628 image/png 6.6453ms
2026-03-29 21:28:06.535 +05:30 [INF] Request starting HTTP/1.1 POST http://localhost:5010/api/v1/auth/login - application/json 71
2026-03-29 21:28:06.542 +05:30 [INF] CORS policy execution successful.
2026-03-29 21:28:06.548 +05:30 [INF] Executing endpoint 'UserService.API.Controllers.AuthController.Login (UserService.API)'
2026-03-29 21:28:06.585 +05:30 [INF] Route matched with {action = "Login", controller = "Auth"}. Executing controller action with signature System.Threading.Tasks.Task`1[Microsoft.AspNetCore.Mvc.IActionResult] Login(UserService.Application.DTOs.LoginDto) on controller UserService.API.Controllers.AuthController (UserService.API).
2026-03-29 21:28:06.738 +05:30 [INF] Executed DbCommand (3ms) [Parameters=[@normalizedEmail='?' (Size = 256)], CommandType='"Text"', CommandTimeout='30']
SELECT TOP(2) [a].[Id], [a].[AccessFailedCount], [a].[ConcurrencyStamp], [a].[CreatedAt], [a].[Email], [a].[EmailConfirmed], [a].[FirstName], [a].[IsActive], [a].[IsMfaEnabled], [a].[LastName], [a].[LockoutEnabled], [a].[LockoutEnd], [a].[NormalizedEmail], [a].[NormalizedUserName], [a].[PasswordHash], [a].[PhoneNumber], [a].[PhoneNumberConfirmed], [a].[ProfileImageUrl], [a].[RefreshToken], [a].[RefreshTokenExpiry], [a].[SecurityStamp], [a].[TwoFactorEnabled], [a].[UpdatedAt], [a].[UserName]
FROM [AspNetUsers] AS [a]
WHERE [a].[NormalizedEmail] = @normalizedEmail
2026-03-29 21:28:06.935 +05:30 [INF] Executed DbCommand (3ms) [Parameters=[@userId='?' (Size = 450)], CommandType='"Text"', CommandTimeout='30']
SELECT [a0].[Name]
FROM [AspNetUserRoles] AS [a]
INNER JOIN [AspNetRoles] AS [a0] ON [a].[RoleId] = [a0].[Id]
WHERE [a].[UserId] = @userId
2026-03-29 21:28:07.023 +05:30 [INF] Executed DbCommand (3ms) [Parameters=[@normalizedUserName='?' (Size = 256)], CommandType='"Text"', CommandTimeout='30']
SELECT TOP(1) [a].[Id], [a].[AccessFailedCount], [a].[ConcurrencyStamp], [a].[CreatedAt], [a].[Email], [a].[EmailConfirmed], [a].[FirstName], [a].[IsActive], [a].[IsMfaEnabled], [a].[LastName], [a].[LockoutEnabled], [a].[LockoutEnd], [a].[NormalizedEmail], [a].[NormalizedUserName], [a].[PasswordHash], [a].[PhoneNumber], [a].[PhoneNumberConfirmed], [a].[ProfileImageUrl], [a].[RefreshToken], [a].[RefreshTokenExpiry], [a].[SecurityStamp], [a].[TwoFactorEnabled], [a].[UpdatedAt], [a].[UserName]
FROM [AspNetUsers] AS [a]
WHERE [a].[NormalizedUserName] = @normalizedUserName
2026-03-29 21:28:07.032 +05:30 [INF] Executed DbCommand (1ms) [Parameters=[@normalizedEmail='?' (Size = 256)], CommandType='"Text"', CommandTimeout='30']
SELECT TOP(2) [a].[Id], [a].[AccessFailedCount], [a].[ConcurrencyStamp], [a].[CreatedAt], [a].[Email], [a].[EmailConfirmed], [a].[FirstName], [a].[IsActive], [a].[IsMfaEnabled], [a].[LastName], [a].[LockoutEnabled], [a].[LockoutEnd], [a].[NormalizedEmail], [a].[NormalizedUserName], [a].[PasswordHash], [a].[PhoneNumber], [a].[PhoneNumberConfirmed], [a].[ProfileImageUrl], [a].[RefreshToken], [a].[RefreshTokenExpiry], [a].[SecurityStamp], [a].[TwoFactorEnabled], [a].[UpdatedAt], [a].[UserName]
FROM [AspNetUsers] AS [a]
WHERE [a].[NormalizedEmail] = @normalizedEmail
2026-03-29 21:28:07.143 +05:30 [INF] Executed DbCommand (8ms) [Parameters=[@p23='?' (Size = 450), @p0='?' (DbType = Int32), @p1='?' (Size = 4000), @p24='?' (Size = 4000), @p2='?' (DbType = DateTime2), @p3='?' (Size = 256), @p4='?' (DbType = Boolean), @p5='?' (Size = 50), @p6='?' (DbType = Boolean), @p7='?' (DbType = Boolean), @p8='?' (Size = 50), @p9='?' (DbType = Boolean), @p10='?' (DbType = DateTimeOffset), @p11='?' (Size = 256), @p12='?' (Size = 256), @p13='?' (Size = 4000), @p14='?' (Size = 4000), @p15='?' (DbType = Boolean), @p16='?' (Size = 4000), @p17='?' (Size = 4000), @p18='?' (DbType = DateTime2), @p19='?' (Size = 4000), @p20='?' (DbType = Boolean), @p21='?' (DbType = DateTime2), @p22='?' (Size = 256)], CommandType='"Text"', CommandTimeout='30']
SET IMPLICIT_TRANSACTIONS OFF;
SET NOCOUNT ON;
UPDATE [AspNetUsers] SET [AccessFailedCount] = @p0, [ConcurrencyStamp] = @p1, [CreatedAt] = @p2, [Email] = @p3, [EmailConfirmed] = @p4, [FirstName] = @p5, [IsActive] = @p6, [IsMfaEnabled] = @p7, [LastName] = @p8, [LockoutEnabled] = @p9, [LockoutEnd] = @p10, [NormalizedEmail] = @p11, [NormalizedUserName] = @p12, [PasswordHash] = @p13, [PhoneNumber] = @p14, [PhoneNumberConfirmed] = @p15, [ProfileImageUrl] = @p16, [RefreshToken] = @p17, [RefreshTokenExpiry] = @p18, [SecurityStamp] = @p19, [TwoFactorEnabled] = @p20, [UpdatedAt] = @p21, [UserName] = @p22
OUTPUT 1
WHERE [Id] = @p23 AND [ConcurrencyStamp] = @p24;
2026-03-29 21:28:07.165 +05:30 [INF] Executing OkObjectResult, writing value of type '<>f__AnonymousType0`2[[System.Boolean, System.Private.CoreLib, Version=10.0.0.0, Culture=neutral, PublicKeyToken=7cec85d7bea7798e],[UserService.Application.DTOs.TokenResponseDto, UserService.Application, Version=1.0.0.0, Culture=neutral, PublicKeyToken=null]]'.
2026-03-29 21:28:07.179 +05:30 [INF] Executed action UserService.API.Controllers.AuthController.Login (UserService.API) in 589.5203ms
2026-03-29 21:28:07.181 +05:30 [INF] Executed endpoint 'UserService.API.Controllers.AuthController.Login (UserService.API)'
2026-03-29 21:28:07.183 +05:30 [INF] HTTP POST /api/v1/auth/login responded 200 in 639.2070 ms
2026-03-29 21:28:07.188 +05:30 [INF] Request finished HTTP/1.1 POST http://localhost:5010/api/v1/auth/login - 200 null application/json; charset=utf-8 653.3763ms
