2026-03-28 15:46:09.835 +05:30 [INF] Executed DbCommand (465ms) [Parameters=[], CommandType='"Text"', CommandTimeout='60']
CREATE DATABASE [ECommerceMSUserDb];
2026-03-28 15:46:10.037 +05:30 [INF] Executed DbCommand (132ms) [Parameters=[], CommandType='"Text"', CommandTimeout='60']
IF SERVERPROPERTY('EngineEdition') <> 5
BEGIN
    ALTER DATABASE [ECommerceMSUserDb] SET READ_COMMITTED_SNAPSHOT ON;
END;
2026-03-28 15:46:10.080 +05:30 [INF] Executed DbCommand (14ms) [Parameters=[], CommandType='"Text"', CommandTimeout='30']
SELECT 1
2026-03-28 15:46:10.088 +05:30 [INF] Acquiring an exclusive lock for migration application. See https://aka.ms/efcore-docs-migrations-lock for more information if this takes too long.
2026-03-28 15:46:10.155 +05:30 [INF] Executed DbCommand (60ms) [Parameters=[], CommandType='"Text"', CommandTimeout='30']
DECLARE @result int;
EXEC @result = sp_getapplock @Resource = '__EFMigrationsLock', @LockOwner = 'Session', @LockMode = 'Exclusive';
SELECT @result
2026-03-28 15:46:10.300 +05:30 [INF] Executed DbCommand (22ms) [Parameters=[], CommandType='"Text"', CommandTimeout='30']
IF OBJECT_ID(N'[__EFMigrationsHistory]') IS NULL
BEGIN
    CREATE TABLE [__EFMigrationsHistory] (
        [MigrationId] nvarchar(150) NOT NULL,
        [ProductVersion] nvarchar(32) NOT NULL,
        CONSTRAINT [PK___EFMigrationsHistory] PRIMARY KEY ([MigrationId])
    );
END;
2026-03-28 15:46:10.319 +05:30 [INF] Executed DbCommand (1ms) [Parameters=[], CommandType='"Text"', CommandTimeout='30']
SELECT 1
2026-03-28 15:46:10.320 +05:30 [INF] Executed DbCommand (1ms) [Parameters=[], CommandType='"Text"', CommandTimeout='30']
SELECT OBJECT_ID(N'[__EFMigrationsHistory]');
2026-03-28 15:46:10.349 +05:30 [INF] Executed DbCommand (25ms) [Parameters=[], CommandType='"Text"', CommandTimeout='30']
SELECT [MigrationId], [ProductVersion]
FROM [__EFMigrationsHistory]
ORDER BY [MigrationId];
2026-03-28 15:46:10.368 +05:30 [INF] Applying migration '20260328101534_InitialCreate'.
2026-03-28 15:46:10.433 +05:30 [INF] Executed DbCommand (4ms) [Parameters=[], CommandType='"Text"', CommandTimeout='30']
CREATE TABLE [AspNetRoles] (
    [Id] nvarchar(450) NOT NULL,
    [Name] nvarchar(256) NULL,
    [NormalizedName] nvarchar(256) NULL,
    [ConcurrencyStamp] nvarchar(max) NULL,
    CONSTRAINT [PK_AspNetRoles] PRIMARY KEY ([Id])
);
2026-03-28 15:46:10.439 +05:30 [INF] Executed DbCommand (5ms) [Parameters=[], CommandType='"Text"', CommandTimeout='30']
CREATE TABLE [AspNetUsers] (
    [Id] nvarchar(450) NOT NULL,
    [FirstName] nvarchar(50) NOT NULL,
    [LastName] nvarchar(50) NOT NULL,
    [ProfileImageUrl] nvarchar(max) NULL,
    [RefreshToken] nvarchar(max) NULL,
    [RefreshTokenExpiry] datetime2 NULL,
    [IsMfaEnabled] bit NOT NULL,
    [CreatedAt] datetime2 NOT NULL,
    [UpdatedAt] datetime2 NULL,
    [IsActive] bit NOT NULL,
    [UserName] nvarchar(256) NULL,
    [NormalizedUserName] nvarchar(256) NULL,
    [Email] nvarchar(256) NULL,
    [NormalizedEmail] nvarchar(256) NULL,
    [EmailConfirmed] bit NOT NULL,
    [PasswordHash] nvarchar(max) NULL,
    [SecurityStamp] nvarchar(max) NULL,
    [ConcurrencyStamp] nvarchar(max) NULL,
    [PhoneNumber] nvarchar(max) NULL,
    [PhoneNumberConfirmed] bit NOT NULL,
    [TwoFactorEnabled] bit NOT NULL,
    [LockoutEnd] datetimeoffset NULL,
    [LockoutEnabled] bit NOT NULL,
    [AccessFailedCount] int NOT NULL,
    CONSTRAINT [PK_AspNetUsers] PRIMARY KEY ([Id])
);
2026-03-28 15:46:10.442 +05:30 [INF] Executed DbCommand (3ms) [Parameters=[], CommandType='"Text"', CommandTimeout='30']
CREATE TABLE [OtpRecords] (
    [Id] uniqueidentifier NOT NULL,
    [UserId] nvarchar(450) NOT NULL,
    [OtpCode] nvarchar(10) NOT NULL,
    [Purpose] nvarchar(50) NOT NULL,
    [Channel] nvarchar(20) NOT NULL,
    [ExpiresAt] datetime2 NOT NULL,
    [IsUsed] bit NOT NULL,
    [CreatedAt] datetime2 NOT NULL,
    CONSTRAINT [PK_OtpRecords] PRIMARY KEY ([Id])
);
2026-03-28 15:46:10.449 +05:30 [INF] Executed DbCommand (7ms) [Parameters=[], CommandType='"Text"', CommandTimeout='30']
CREATE TABLE [AspNetRoleClaims] (
    [Id] int NOT NULL IDENTITY,
    [RoleId] nvarchar(450) NOT NULL,
    [ClaimType] nvarchar(max) NULL,
    [ClaimValue] nvarchar(max) NULL,
    CONSTRAINT [PK_AspNetRoleClaims] PRIMARY KEY ([Id]),
    CONSTRAINT [FK_AspNetRoleClaims_AspNetRoles_RoleId] FOREIGN KEY ([RoleId]) REFERENCES [AspNetRoles] ([Id]) ON DELETE CASCADE
);
2026-03-28 15:46:10.452 +05:30 [INF] Executed DbCommand (3ms) [Parameters=[], CommandType='"Text"', CommandTimeout='30']
CREATE TABLE [AspNetUserClaims] (
    [Id] int NOT NULL IDENTITY,
    [UserId] nvarchar(450) NOT NULL,
    [ClaimType] nvarchar(max) NULL,
    [ClaimValue] nvarchar(max) NULL,
    CONSTRAINT [PK_AspNetUserClaims] PRIMARY KEY ([Id]),
    CONSTRAINT [FK_AspNetUserClaims_AspNetUsers_UserId] FOREIGN KEY ([UserId]) REFERENCES [AspNetUsers] ([Id]) ON DELETE CASCADE
);
2026-03-28 15:46:10.459 +05:30 [INF] Executed DbCommand (6ms) [Parameters=[], CommandType='"Text"', CommandTimeout='30']
CREATE TABLE [AspNetUserLogins] (
    [LoginProvider] nvarchar(450) NOT NULL,
    [ProviderKey] nvarchar(450) NOT NULL,
    [ProviderDisplayName] nvarchar(max) NULL,
    [UserId] nvarchar(450) NOT NULL,
    CONSTRAINT [PK_AspNetUserLogins] PRIMARY KEY ([LoginProvider], [ProviderKey]),
    CONSTRAINT [FK_AspNetUserLogins_AspNetUsers_UserId] FOREIGN KEY ([UserId]) REFERENCES [AspNetUsers] ([Id]) ON DELETE CASCADE
);
2026-03-28 15:46:10.462 +05:30 [INF] Executed DbCommand (3ms) [Parameters=[], CommandType='"Text"', CommandTimeout='30']
CREATE TABLE [AspNetUserRoles] (
    [UserId] nvarchar(450) NOT NULL,
    [RoleId] nvarchar(450) NOT NULL,
    CONSTRAINT [PK_AspNetUserRoles] PRIMARY KEY ([UserId], [RoleId]),
    CONSTRAINT [FK_AspNetUserRoles_AspNetRoles_RoleId] FOREIGN KEY ([RoleId]) REFERENCES [AspNetRoles] ([Id]) ON DELETE CASCADE,
    CONSTRAINT [FK_AspNetUserRoles_AspNetUsers_UserId] FOREIGN KEY ([UserId]) REFERENCES [AspNetUsers] ([Id]) ON DELETE CASCADE
);
2026-03-28 15:46:10.465 +05:30 [INF] Executed DbCommand (2ms) [Parameters=[], CommandType='"Text"', CommandTimeout='30']
CREATE TABLE [AspNetUserTokens] (
    [UserId] nvarchar(450) NOT NULL,
    [LoginProvider] nvarchar(450) NOT NULL,
    [Name] nvarchar(450) NOT NULL,
    [Value] nvarchar(max) NULL,
    CONSTRAINT [PK_AspNetUserTokens] PRIMARY KEY ([UserId], [LoginProvider], [Name]),
    CONSTRAINT [FK_AspNetUserTokens_AspNetUsers_UserId] FOREIGN KEY ([UserId]) REFERENCES [AspNetUsers] ([Id]) ON DELETE CASCADE
);
2026-03-28 15:46:10.471 +05:30 [INF] Executed DbCommand (6ms) [Parameters=[], CommandType='"Text"', CommandTimeout='30']
CREATE INDEX [IX_AspNetRoleClaims_RoleId] ON [AspNetRoleClaims] ([RoleId]);
2026-03-28 15:46:10.476 +05:30 [INF] Executed DbCommand (5ms) [Parameters=[], CommandType='"Text"', CommandTimeout='30']
CREATE UNIQUE INDEX [RoleNameIndex] ON [AspNetRoles] ([NormalizedName]) WHERE [NormalizedName] IS NOT NULL;
2026-03-28 15:46:10.478 +05:30 [INF] Executed DbCommand (1ms) [Parameters=[], CommandType='"Text"', CommandTimeout='30']
CREATE INDEX [IX_AspNetUserClaims_UserId] ON [AspNetUserClaims] ([UserId]);
2026-03-28 15:46:10.479 +05:30 [INF] Executed DbCommand (1ms) [Parameters=[], CommandType='"Text"', CommandTimeout='30']
CREATE INDEX [IX_AspNetUserLogins_UserId] ON [AspNetUserLogins] ([UserId]);
2026-03-28 15:46:10.481 +05:30 [INF] Executed DbCommand (1ms) [Parameters=[], CommandType='"Text"', CommandTimeout='30']
CREATE INDEX [IX_AspNetUserRoles_RoleId] ON [AspNetUserRoles] ([RoleId]);
2026-03-28 15:46:10.482 +05:30 [INF] Executed DbCommand (1ms) [Parameters=[], CommandType='"Text"', CommandTimeout='30']
CREATE INDEX [EmailIndex] ON [AspNetUsers] ([NormalizedEmail]);
2026-03-28 15:46:10.484 +05:30 [INF] Executed DbCommand (1ms) [Parameters=[], CommandType='"Text"', CommandTimeout='30']
CREATE UNIQUE INDEX [UserNameIndex] ON [AspNetUsers] ([NormalizedUserName]) WHERE [NormalizedUserName] IS NOT NULL;
2026-03-28 15:46:10.485 +05:30 [INF] Executed DbCommand (1ms) [Parameters=[], CommandType='"Text"', CommandTimeout='30']
CREATE INDEX [IX_OtpRecords_UserId_Purpose] ON [OtpRecords] ([UserId], [Purpose]);
2026-03-28 15:46:10.492 +05:30 [INF] Executed DbCommand (6ms) [Parameters=[], CommandType='"Text"', CommandTimeout='30']
INSERT INTO [__EFMigrationsHistory] ([MigrationId], [ProductVersion])
VALUES (N'20260328101534_InitialCreate', N'10.0.5');
2026-03-28 15:46:10.500 +05:30 [INF] Executed DbCommand (6ms) [Parameters=[], CommandType='"Text"', CommandTimeout='30']
DECLARE @result int;
EXEC @result = sp_releaseapplock @Resource = '__EFMigrationsLock', @LockOwner = 'Session';
SELECT @result
2026-03-28 15:47:12.153 +05:30 [INF] Executed DbCommand (256ms) [Parameters=[@normalizedName='?' (Size = 256)], CommandType='"Text"', CommandTimeout='30']
SELECT TOP(1) [a].[Id], [a].[ConcurrencyStamp], [a].[Name], [a].[NormalizedName]
FROM [AspNetRoles] AS [a]
WHERE [a].[NormalizedName] = @normalizedName
2026-03-28 15:47:12.331 +05:30 [INF] Executed DbCommand (4ms) [Parameters=[@normalizedName='?' (Size = 256)], CommandType='"Text"', CommandTimeout='30']
SELECT TOP(1) [a].[Id], [a].[ConcurrencyStamp], [a].[Name], [a].[NormalizedName]
FROM [AspNetRoles] AS [a]
WHERE [a].[NormalizedName] = @normalizedName
2026-03-28 15:47:12.638 +05:30 [INF] Executed DbCommand (12ms) [Parameters=[@p0='?' (Size = 450), @p1='?' (Size = 4000), @p2='?' (Size = 256), @p3='?' (Size = 256)], CommandType='"Text"', CommandTimeout='30']
SET IMPLICIT_TRANSACTIONS OFF;
SET NOCOUNT ON;
INSERT INTO [AspNetRoles] ([Id], [ConcurrencyStamp], [Name], [NormalizedName])
VALUES (@p0, @p1, @p2, @p3);
2026-03-28 15:47:12.694 +05:30 [INF] Executed DbCommand (25ms) [Parameters=[@normalizedName='?' (Size = 256)], CommandType='"Text"', CommandTimeout='30']
SELECT TOP(1) [a].[Id], [a].[ConcurrencyStamp], [a].[Name], [a].[NormalizedName]
FROM [AspNetRoles] AS [a]
WHERE [a].[NormalizedName] = @normalizedName
2026-03-28 15:47:12.704 +05:30 [INF] Executed DbCommand (1ms) [Parameters=[@normalizedName='?' (Size = 256)], CommandType='"Text"', CommandTimeout='30']
SELECT TOP(1) [a].[Id], [a].[ConcurrencyStamp], [a].[Name], [a].[NormalizedName]
FROM [AspNetRoles] AS [a]
WHERE [a].[NormalizedName] = @normalizedName
2026-03-28 15:47:12.719 +05:30 [INF] Executed DbCommand (2ms) [Parameters=[@p0='?' (Size = 450), @p1='?' (Size = 4000), @p2='?' (Size = 256), @p3='?' (Size = 256)], CommandType='"Text"', CommandTimeout='30']
SET IMPLICIT_TRANSACTIONS OFF;
SET NOCOUNT ON;
INSERT INTO [AspNetRoles] ([Id], [ConcurrencyStamp], [Name], [NormalizedName])
VALUES (@p0, @p1, @p2, @p3);
2026-03-28 15:47:12.728 +05:30 [INF] Executed DbCommand (1ms) [Parameters=[@normalizedName='?' (Size = 256)], CommandType='"Text"', CommandTimeout='30']
SELECT TOP(1) [a].[Id], [a].[ConcurrencyStamp], [a].[Name], [a].[NormalizedName]
FROM [AspNetRoles] AS [a]
WHERE [a].[NormalizedName] = @normalizedName
2026-03-28 15:47:12.736 +05:30 [INF] Executed DbCommand (1ms) [Parameters=[@normalizedName='?' (Size = 256)], CommandType='"Text"', CommandTimeout='30']
SELECT TOP(1) [a].[Id], [a].[ConcurrencyStamp], [a].[Name], [a].[NormalizedName]
FROM [AspNetRoles] AS [a]
WHERE [a].[NormalizedName] = @normalizedName
2026-03-28 15:47:12.743 +05:30 [INF] Executed DbCommand (2ms) [Parameters=[@p0='?' (Size = 450), @p1='?' (Size = 4000), @p2='?' (Size = 256), @p3='?' (Size = 256)], CommandType='"Text"', CommandTimeout='30']
SET IMPLICIT_TRANSACTIONS OFF;
SET NOCOUNT ON;
INSERT INTO [AspNetRoles] ([Id], [ConcurrencyStamp], [Name], [NormalizedName])
VALUES (@p0, @p1, @p2, @p3);
2026-03-28 15:47:13.107 +05:30 [INF] Executed DbCommand (8ms) [Parameters=[], CommandType='"Text"', CommandTimeout='30']
SELECT 1
2026-03-28 15:47:13.120 +05:30 [INF] Acquiring an exclusive lock for migration application. See https://aka.ms/efcore-docs-migrations-lock for more information if this takes too long.
2026-03-28 15:47:13.151 +05:30 [INF] Executed DbCommand (25ms) [Parameters=[], CommandType='"Text"', CommandTimeout='30']
DECLARE @result int;
EXEC @result = sp_getapplock @Resource = '__EFMigrationsLock', @LockOwner = 'Session', @LockMode = 'Exclusive';
SELECT @result
2026-03-28 15:47:13.301 +05:30 [INF] Executed DbCommand (3ms) [Parameters=[], CommandType='"Text"', CommandTimeout='30']
IF OBJECT_ID(N'[__EFMigrationsHistory]') IS NULL
BEGIN
    CREATE TABLE [__EFMigrationsHistory] (
        [MigrationId] nvarchar(150) NOT NULL,
        [ProductVersion] nvarchar(32) NOT NULL,
        CONSTRAINT [PK___EFMigrationsHistory] PRIMARY KEY ([MigrationId])
    );
END;
2026-03-28 15:47:13.327 +05:30 [INF] Executed DbCommand (1ms) [Parameters=[], CommandType='"Text"', CommandTimeout='30']
SELECT 1
2026-03-28 15:47:13.335 +05:30 [INF] Executed DbCommand (1ms) [Parameters=[], CommandType='"Text"', CommandTimeout='30']
SELECT OBJECT_ID(N'[__EFMigrationsHistory]');
2026-03-28 15:47:13.351 +05:30 [INF] Executed DbCommand (5ms) [Parameters=[], CommandType='"Text"', CommandTimeout='30']
SELECT [MigrationId], [ProductVersion]
FROM [__EFMigrationsHistory]
ORDER BY [MigrationId];
2026-03-28 15:47:13.372 +05:30 [INF] No migrations were applied. The database is already up to date.
2026-03-28 15:47:13.380 +05:30 [INF] Executed DbCommand (3ms) [Parameters=[], CommandType='"Text"', CommandTimeout='30']
DECLARE @result int;
EXEC @result = sp_releaseapplock @Resource = '__EFMigrationsLock', @LockOwner = 'Session';
SELECT @result
2026-03-28 15:47:13.807 +05:30 [INF] User profile is available. Using 'C:\Users\Srikrishna\AppData\Local\ASP.NET\DataProtection-Keys' as key repository and Windows DPAPI to encrypt keys at rest.
2026-03-28 15:47:14.061 +05:30 [WRN] The WebRootPath was not found: D:\DotNetCorePractise\MicroservicesAssesment\Services\UserService\UserService.API\wwwroot. Static files may be unavailable.
2026-03-28 15:47:14.321 +05:30 [INF] Now listening on: https://localhost:5011
2026-03-28 15:47:14.324 +05:30 [INF] Now listening on: http://localhost:5010
2026-03-28 15:47:14.747 +05:30 [INF] Application started. Press Ctrl+C to shut down.
2026-03-28 15:47:14.749 +05:30 [INF] Hosting environment: Development
2026-03-28 15:47:14.751 +05:30 [INF] Content root path: D:\DotNetCorePractise\MicroservicesAssesment\Services\UserService\UserService.API
2026-03-28 15:47:57.841 +05:30 [INF] Executed DbCommand (129ms) [Parameters=[@normalizedName='?' (Size = 256)], CommandType='"Text"', CommandTimeout='30']
SELECT TOP(1) [a].[Id], [a].[ConcurrencyStamp], [a].[Name], [a].[NormalizedName]
FROM [AspNetRoles] AS [a]
WHERE [a].[NormalizedName] = @normalizedName
2026-03-28 15:47:58.103 +05:30 [INF] Executed DbCommand (3ms) [Parameters=[@normalizedName='?' (Size = 256)], CommandType='"Text"', CommandTimeout='30']
SELECT TOP(1) [a].[Id], [a].[ConcurrencyStamp], [a].[Name], [a].[NormalizedName]
FROM [AspNetRoles] AS [a]
WHERE [a].[NormalizedName] = @normalizedName
2026-03-28 15:47:58.112 +05:30 [INF] Executed DbCommand (1ms) [Parameters=[@normalizedName='?' (Size = 256)], CommandType='"Text"', CommandTimeout='30']
SELECT TOP(1) [a].[Id], [a].[ConcurrencyStamp], [a].[Name], [a].[NormalizedName]
FROM [AspNetRoles] AS [a]
WHERE [a].[NormalizedName] = @normalizedName
2026-03-28 15:47:58.491 +05:30 [INF] Executed DbCommand (8ms) [Parameters=[], CommandType='"Text"', CommandTimeout='30']
SELECT 1
2026-03-28 15:47:58.506 +05:30 [INF] Acquiring an exclusive lock for migration application. See https://aka.ms/efcore-docs-migrations-lock for more information if this takes too long.
2026-03-28 15:47:58.539 +05:30 [INF] Executed DbCommand (25ms) [Parameters=[], CommandType='"Text"', CommandTimeout='30']
DECLARE @result int;
EXEC @result = sp_getapplock @Resource = '__EFMigrationsLock', @LockOwner = 'Session', @LockMode = 'Exclusive';
SELECT @result
2026-03-28 15:47:58.697 +05:30 [INF] Executed DbCommand (2ms) [Parameters=[], CommandType='"Text"', CommandTimeout='30']
IF OBJECT_ID(N'[__EFMigrationsHistory]') IS NULL
BEGIN
    CREATE TABLE [__EFMigrationsHistory] (
        [MigrationId] nvarchar(150) NOT NULL,
        [ProductVersion] nvarchar(32) NOT NULL,
        CONSTRAINT [PK___EFMigrationsHistory] PRIMARY KEY ([MigrationId])
    );
END;
2026-03-28 15:47:58.722 +05:30 [INF] Executed DbCommand (1ms) [Parameters=[], CommandType='"Text"', CommandTimeout='30']
SELECT 1
2026-03-28 15:47:58.729 +05:30 [INF] Executed DbCommand (1ms) [Parameters=[], CommandType='"Text"', CommandTimeout='30']
SELECT OBJECT_ID(N'[__EFMigrationsHistory]');
2026-03-28 15:47:58.757 +05:30 [INF] Executed DbCommand (17ms) [Parameters=[], CommandType='"Text"', CommandTimeout='30']
SELECT [MigrationId], [ProductVersion]
FROM [__EFMigrationsHistory]
ORDER BY [MigrationId];
2026-03-28 15:47:58.776 +05:30 [INF] No migrations were applied. The database is already up to date.
2026-03-28 15:47:58.784 +05:30 [INF] Executed DbCommand (2ms) [Parameters=[], CommandType='"Text"', CommandTimeout='30']
DECLARE @result int;
EXEC @result = sp_releaseapplock @Resource = '__EFMigrationsLock', @LockOwner = 'Session';
SELECT @result
2026-03-28 15:47:59.023 +05:30 [INF] User profile is available. Using 'C:\Users\Srikrishna\AppData\Local\ASP.NET\DataProtection-Keys' as key repository and Windows DPAPI to encrypt keys at rest.
2026-03-28 15:47:59.196 +05:30 [WRN] The WebRootPath was not found: D:\DotNetCorePractise\MicroservicesAssesment\Services\UserService\UserService.API\wwwroot. Static files may be unavailable.
2026-03-28 15:47:59.421 +05:30 [INF] Now listening on: https://localhost:5011
2026-03-28 15:47:59.424 +05:30 [INF] Now listening on: http://localhost:5010
2026-03-28 15:47:59.833 +05:30 [INF] Application started. Press Ctrl+C to shut down.
2026-03-28 15:47:59.836 +05:30 [INF] Hosting environment: Development
2026-03-28 15:47:59.838 +05:30 [INF] Content root path: D:\DotNetCorePractise\MicroservicesAssesment\Services\UserService\UserService.API
2026-03-28 15:48:00.637 +05:30 [INF] Request starting HTTP/2 GET https://localhost:5011/ - null null
2026-03-28 15:48:04.690 +05:30 [INF] HTTP GET / responded 404 in 3693.2190 ms
2026-03-28 15:48:04.712 +05:30 [INF] Request finished HTTP/2 GET https://localhost:5011/ - 404 null null 4091.8047ms
2026-03-28 15:48:04.728 +05:30 [INF] Request reached the end of the middleware pipeline without being handled by application code. Request path: GET https://localhost:5011/, Response status code: 404
2026-03-28 15:48:10.098 +05:30 [INF] Request starting HTTP/2 GET https://localhost:5011/swagger - null null
2026-03-28 15:48:10.128 +05:30 [INF] HTTP GET /swagger responded 301 in 2.8377 ms
2026-03-28 15:48:10.135 +05:30 [INF] Request finished HTTP/2 GET https://localhost:5011/swagger - 301 null null 37.1674ms
2026-03-28 15:48:10.142 +05:30 [INF] Request starting HTTP/2 GET https://localhost:5011/swagger/index.html - null null
2026-03-28 15:48:10.336 +05:30 [INF] HTTP GET /swagger/index.html responded 200 in 176.6037 ms
2026-03-28 15:48:10.345 +05:30 [INF] Request finished HTTP/2 GET https://localhost:5011/swagger/index.html - 200 null text/html;charset=utf-8 203.9763ms
2026-03-28 15:48:10.482 +05:30 [INF] Request starting HTTP/2 GET https://localhost:5011/swagger/index.css - null null
2026-03-28 15:48:10.482 +05:30 [INF] Request starting HTTP/2 GET https://localhost:5011/swagger/index.js - null null
2026-03-28 15:48:10.482 +05:30 [INF] Request starting HTTP/2 GET https://localhost:5011/swagger/swagger-ui-bundle.js - null null
2026-03-28 15:48:10.506 +05:30 [INF] HTTP GET /swagger/index.js responded 200 in 2.1040 ms
2026-03-28 15:48:10.485 +05:30 [INF] Request starting HTTP/2 GET https://localhost:5011/_framework/aspnetcore-browser-refresh.js - null null
2026-03-28 15:48:10.482 +05:30 [INF] Request starting HTTP/2 GET https://localhost:5011/swagger/swagger-ui-standalone-preset.js - null null
2026-03-28 15:48:10.482 +05:30 [INF] Request starting HTTP/2 GET https://localhost:5011/swagger/swagger-ui.css - null null
2026-03-28 15:48:10.487 +05:30 [INF] Request starting HTTP/2 GET https://localhost:5011/_vs/browserLink - null null
2026-03-28 15:48:10.522 +05:30 [INF] Request finished HTTP/2 GET https://localhost:5011/swagger/index.js - 200 null application/javascript;charset=utf-8 39.1179ms
2026-03-28 15:48:10.524 +05:30 [INF] HTTP GET /swagger/index.css responded 200 in 26.0888 ms
2026-03-28 15:48:10.619 +05:30 [INF] Request finished HTTP/2 GET https://localhost:5011/_framework/aspnetcore-browser-refresh.js - 200 14935 application/javascript; charset=utf-8 133.9651ms
2026-03-28 15:48:10.620 +05:30 [INF] Request finished HTTP/2 GET https://localhost:5011/swagger/index.css - 200 152 text/css 138.0312ms
2026-03-28 15:48:10.648 +05:30 [INF] HTTP GET /swagger/swagger-ui.css responded 200 in 59.0985 ms
2026-03-28 15:48:10.648 +05:30 [INF] HTTP GET /swagger/swagger-ui-standalone-preset.js responded 200 in 110.8091 ms
2026-03-28 15:48:10.652 +05:30 [INF] HTTP GET /swagger/swagger-ui-bundle.js responded 200 in 136.8595 ms
2026-03-28 15:48:10.668 +05:30 [INF] Request finished HTTP/2 GET https://localhost:5011/swagger/swagger-ui.css - 200 26479 text/css 186.2784ms
2026-03-28 15:48:10.671 +05:30 [INF] Request finished HTTP/2 GET https://localhost:5011/swagger/swagger-ui-standalone-preset.js - 200 76613 text/javascript 189.2197ms
2026-03-28 15:48:10.677 +05:30 [INF] Request finished HTTP/2 GET https://localhost:5011/swagger/swagger-ui-bundle.js - 200 418181 text/javascript 194.6896ms
2026-03-28 15:48:10.794 +05:30 [INF] Request finished HTTP/2 GET https://localhost:5011/_vs/browserLink - 200 null text/javascript; charset=UTF-8 307.751ms
2026-03-28 15:48:10.999 +05:30 [INF] Request starting HTTP/2 GET https://localhost:5011/swagger/v1/swagger.json - null null
2026-03-28 15:48:11.045 +05:30 [INF] Request starting HTTP/2 GET https://localhost:5011/swagger/favicon-32x32.png - null null
2026-03-28 15:48:11.046 +05:30 [INF] HTTP GET /swagger/v1/swagger.json responded 200 in 39.3998 ms
2026-03-28 15:48:11.057 +05:30 [INF] HTTP GET /swagger/favicon-32x32.png responded 200 in 4.0430 ms
2026-03-28 15:48:11.058 +05:30 [INF] Request finished HTTP/2 GET https://localhost:5011/swagger/v1/swagger.json - 200 null application/json;charset=utf-8 59.2688ms
2026-03-28 15:48:11.062 +05:30 [INF] Request finished HTTP/2 GET https://localhost:5011/swagger/favicon-32x32.png - 200 628 image/png 17.3912ms
2026-03-28 15:52:32.870 +05:30 [INF] Request starting HTTP/2 POST https://localhost:5011/api/v1/auth/register - application/json 211
2026-03-28 15:52:32.891 +05:30 [INF] CORS policy execution successful.
2026-03-28 15:52:32.905 +05:30 [INF] Executing endpoint 'UserService.API.Controllers.AuthController.Register (UserService.API)'
2026-03-28 15:52:32.958 +05:30 [INF] Route matched with {action = "Register", controller = "Auth"}. Executing controller action with signature System.Threading.Tasks.Task`1[Microsoft.AspNetCore.Mvc.IActionResult] Register(UserService.Application.DTOs.RegisterDto) on controller UserService.API.Controllers.AuthController (UserService.API).
2026-03-28 15:52:33.311 +05:30 [INF] Executed DbCommand (25ms) [Parameters=[@normalizedEmail='?' (Size = 256)], CommandType='"Text"', CommandTimeout='30']
SELECT TOP(2) [a].[Id], [a].[AccessFailedCount], [a].[ConcurrencyStamp], [a].[CreatedAt], [a].[Email], [a].[EmailConfirmed], [a].[FirstName], [a].[IsActive], [a].[IsMfaEnabled], [a].[LastName], [a].[LockoutEnabled], [a].[LockoutEnd], [a].[NormalizedEmail], [a].[NormalizedUserName], [a].[PasswordHash], [a].[PhoneNumber], [a].[PhoneNumberConfirmed], [a].[ProfileImageUrl], [a].[RefreshToken], [a].[RefreshTokenExpiry], [a].[SecurityStamp], [a].[TwoFactorEnabled], [a].[UpdatedAt], [a].[UserName]
FROM [AspNetUsers] AS [a]
WHERE [a].[NormalizedEmail] = @normalizedEmail
2026-03-28 15:52:33.489 +05:30 [INF] Executed DbCommand (7ms) [Parameters=[@normalizedUserName='?' (Size = 256)], CommandType='"Text"', CommandTimeout='30']
SELECT TOP(1) [a].[Id], [a].[AccessFailedCount], [a].[ConcurrencyStamp], [a].[CreatedAt], [a].[Email], [a].[EmailConfirmed], [a].[FirstName], [a].[IsActive], [a].[IsMfaEnabled], [a].[LastName], [a].[LockoutEnabled], [a].[LockoutEnd], [a].[NormalizedEmail], [a].[NormalizedUserName], [a].[PasswordHash], [a].[PhoneNumber], [a].[PhoneNumberConfirmed], [a].[ProfileImageUrl], [a].[RefreshToken], [a].[RefreshTokenExpiry], [a].[SecurityStamp], [a].[TwoFactorEnabled], [a].[UpdatedAt], [a].[UserName]
FROM [AspNetUsers] AS [a]
WHERE [a].[NormalizedUserName] = @normalizedUserName
2026-03-28 15:52:33.506 +05:30 [INF] Executed DbCommand (1ms) [Parameters=[@normalizedEmail='?' (Size = 256)], CommandType='"Text"', CommandTimeout='30']
SELECT TOP(2) [a].[Id], [a].[AccessFailedCount], [a].[ConcurrencyStamp], [a].[CreatedAt], [a].[Email], [a].[EmailConfirmed], [a].[FirstName], [a].[IsActive], [a].[IsMfaEnabled], [a].[LastName], [a].[LockoutEnabled], [a].[LockoutEnd], [a].[NormalizedEmail], [a].[NormalizedUserName], [a].[PasswordHash], [a].[PhoneNumber], [a].[PhoneNumberConfirmed], [a].[ProfileImageUrl], [a].[RefreshToken], [a].[RefreshTokenExpiry], [a].[SecurityStamp], [a].[TwoFactorEnabled], [a].[UpdatedAt], [a].[UserName]
FROM [AspNetUsers] AS [a]
WHERE [a].[NormalizedEmail] = @normalizedEmail
2026-03-28 15:52:33.882 +05:30 [INF] Executed DbCommand (14ms) [Parameters=[@p0='?' (Size = 450), @p1='?' (DbType = Int32), @p2='?' (Size = 4000), @p3='?' (DbType = DateTime2), @p4='?' (Size = 256), @p5='?' (DbType = Boolean), @p6='?' (Size = 50), @p7='?' (DbType = Boolean), @p8='?' (DbType = Boolean), @p9='?' (Size = 50), @p10='?' (DbType = Boolean), @p11='?' (DbType = DateTimeOffset), @p12='?' (Size = 256), @p13='?' (Size = 256), @p14='?' (Size = 4000), @p15='?' (Size = 4000), @p16='?' (DbType = Boolean), @p17='?' (Size = 4000), @p18='?' (Size = 4000), @p19='?' (DbType = DateTime2), @p20='?' (Size = 4000), @p21='?' (DbType = Boolean), @p22='?' (DbType = DateTime2), @p23='?' (Size = 256)], CommandType='"Text"', CommandTimeout='30']
SET IMPLICIT_TRANSACTIONS OFF;
SET NOCOUNT ON;
INSERT INTO [AspNetUsers] ([Id], [AccessFailedCount], [ConcurrencyStamp], [CreatedAt], [Email], [EmailConfirmed], [FirstName], [IsActive], [IsMfaEnabled], [LastName], [LockoutEnabled], [LockoutEnd], [NormalizedEmail], [NormalizedUserName], [PasswordHash], [PhoneNumber], [PhoneNumberConfirmed], [ProfileImageUrl], [RefreshToken], [RefreshTokenExpiry], [SecurityStamp], [TwoFactorEnabled], [UpdatedAt], [UserName])
VALUES (@p0, @p1, @p2, @p3, @p4, @p5, @p6, @p7, @p8, @p9, @p10, @p11, @p12, @p13, @p14, @p15, @p16, @p17, @p18, @p19, @p20, @p21, @p22, @p23);
2026-03-28 15:52:33.948 +05:30 [INF] Executed DbCommand (9ms) [Parameters=[@normalizedRoleName='?' (Size = 256)], CommandType='"Text"', CommandTimeout='30']
SELECT TOP(2) [a].[Id], [a].[ConcurrencyStamp], [a].[Name], [a].[NormalizedName]
FROM [AspNetRoles] AS [a]
WHERE [a].[NormalizedName] = @normalizedRoleName
2026-03-28 15:52:34.044 +05:30 [INF] Executed DbCommand (6ms) [Parameters=[@p='?' (Size = 450), @p1='?' (Size = 450)], CommandType='"Text"', CommandTimeout='30']
SELECT TOP(1) [a].[UserId], [a].[RoleId]
FROM [AspNetUserRoles] AS [a]
WHERE [a].[UserId] = @p AND [a].[RoleId] = @p1
2026-03-28 15:52:34.057 +05:30 [INF] Executed DbCommand (1ms) [Parameters=[@normalizedRoleName='?' (Size = 256)], CommandType='"Text"', CommandTimeout='30']
SELECT TOP(2) [a].[Id], [a].[ConcurrencyStamp], [a].[Name], [a].[NormalizedName]
FROM [AspNetRoles] AS [a]
WHERE [a].[NormalizedName] = @normalizedRoleName
2026-03-28 15:52:34.108 +05:30 [INF] Executed DbCommand (20ms) [Parameters=[@normalizedUserName='?' (Size = 256)], CommandType='"Text"', CommandTimeout='30']
SELECT TOP(1) [a].[Id], [a].[AccessFailedCount], [a].[ConcurrencyStamp], [a].[CreatedAt], [a].[Email], [a].[EmailConfirmed], [a].[FirstName], [a].[IsActive], [a].[IsMfaEnabled], [a].[LastName], [a].[LockoutEnabled], [a].[LockoutEnd], [a].[NormalizedEmail], [a].[NormalizedUserName], [a].[PasswordHash], [a].[PhoneNumber], [a].[PhoneNumberConfirmed], [a].[ProfileImageUrl], [a].[RefreshToken], [a].[RefreshTokenExpiry], [a].[SecurityStamp], [a].[TwoFactorEnabled], [a].[UpdatedAt], [a].[UserName]
FROM [AspNetUsers] AS [a]
WHERE [a].[NormalizedUserName] = @normalizedUserName
2026-03-28 15:52:34.128 +05:30 [INF] Executed DbCommand (9ms) [Parameters=[@normalizedEmail='?' (Size = 256)], CommandType='"Text"', CommandTimeout='30']
SELECT TOP(2) [a].[Id], [a].[AccessFailedCount], [a].[ConcurrencyStamp], [a].[CreatedAt], [a].[Email], [a].[EmailConfirmed], [a].[FirstName], [a].[IsActive], [a].[IsMfaEnabled], [a].[LastName], [a].[LockoutEnabled], [a].[LockoutEnd], [a].[NormalizedEmail], [a].[NormalizedUserName], [a].[PasswordHash], [a].[PhoneNumber], [a].[PhoneNumberConfirmed], [a].[ProfileImageUrl], [a].[RefreshToken], [a].[RefreshTokenExpiry], [a].[SecurityStamp], [a].[TwoFactorEnabled], [a].[UpdatedAt], [a].[UserName]
FROM [AspNetUsers] AS [a]
WHERE [a].[NormalizedEmail] = @normalizedEmail
2026-03-28 15:52:34.245 +05:30 [INF] Executed DbCommand (39ms) [Parameters=[@p0='?' (Size = 450), @p1='?' (Size = 450), @p25='?' (Size = 450), @p2='?' (DbType = Int32), @p3='?' (Size = 4000), @p26='?' (Size = 4000), @p4='?' (DbType = DateTime2), @p5='?' (Size = 256), @p6='?' (DbType = Boolean), @p7='?' (Size = 50), @p8='?' (DbType = Boolean), @p9='?' (DbType = Boolean), @p10='?' (Size = 50), @p11='?' (DbType = Boolean), @p12='?' (DbType = DateTimeOffset), @p13='?' (Size = 256), @p14='?' (Size = 256), @p15='?' (Size = 4000), @p16='?' (Size = 4000), @p17='?' (DbType = Boolean), @p18='?' (Size = 4000), @p19='?' (Size = 4000), @p20='?' (DbType = DateTime2), @p21='?' (Size = 4000), @p22='?' (DbType = Boolean), @p23='?' (DbType = DateTime2), @p24='?' (Size = 256)], CommandType='"Text"', CommandTimeout='30']
SET NOCOUNT ON;
INSERT INTO [AspNetUserRoles] ([RoleId], [UserId])
VALUES (@p0, @p1);
UPDATE [AspNetUsers] SET [AccessFailedCount] = @p2, [ConcurrencyStamp] = @p3, [CreatedAt] = @p4, [Email] = @p5, [EmailConfirmed] = @p6, [FirstName] = @p7, [IsActive] = @p8, [IsMfaEnabled] = @p9, [LastName] = @p10, [LockoutEnabled] = @p11, [LockoutEnd] = @p12, [NormalizedEmail] = @p13, [NormalizedUserName] = @p14, [PasswordHash] = @p15, [PhoneNumber] = @p16, [PhoneNumberConfirmed] = @p17, [ProfileImageUrl] = @p18, [RefreshToken] = @p19, [RefreshTokenExpiry] = @p20, [SecurityStamp] = @p21, [TwoFactorEnabled] = @p22, [UpdatedAt] = @p23, [UserName] = @p24
OUTPUT 1
WHERE [Id] = @p25 AND [ConcurrencyStamp] = @p26;
2026-03-28 15:52:34.416 +05:30 [INF] Executed DbCommand (22ms) [Parameters=[@userId='?' (Size = 450)], CommandType='"Text"', CommandTimeout='30']
SELECT [a0].[Name]
FROM [AspNetUserRoles] AS [a]
INNER JOIN [AspNetRoles] AS [a0] ON [a].[RoleId] = [a0].[Id]
WHERE [a].[UserId] = @userId
2026-03-28 15:52:34.555 +05:30 [INF] Executed DbCommand (1ms) [Parameters=[@normalizedUserName='?' (Size = 256)], CommandType='"Text"', CommandTimeout='30']
SELECT TOP(1) [a].[Id], [a].[AccessFailedCount], [a].[ConcurrencyStamp], [a].[CreatedAt], [a].[Email], [a].[EmailConfirmed], [a].[FirstName], [a].[IsActive], [a].[IsMfaEnabled], [a].[LastName], [a].[LockoutEnabled], [a].[LockoutEnd], [a].[NormalizedEmail], [a].[NormalizedUserName], [a].[PasswordHash], [a].[PhoneNumber], [a].[PhoneNumberConfirmed], [a].[ProfileImageUrl], [a].[RefreshToken], [a].[RefreshTokenExpiry], [a].[SecurityStamp], [a].[TwoFactorEnabled], [a].[UpdatedAt], [a].[UserName]
FROM [AspNetUsers] AS [a]
WHERE [a].[NormalizedUserName] = @normalizedUserName
2026-03-28 15:52:34.565 +05:30 [INF] Executed DbCommand (1ms) [Parameters=[@normalizedEmail='?' (Size = 256)], CommandType='"Text"', CommandTimeout='30']
SELECT TOP(2) [a].[Id], [a].[AccessFailedCount], [a].[ConcurrencyStamp], [a].[CreatedAt], [a].[Email], [a].[EmailConfirmed], [a].[FirstName], [a].[IsActive], [a].[IsMfaEnabled], [a].[LastName], [a].[LockoutEnabled], [a].[LockoutEnd], [a].[NormalizedEmail], [a].[NormalizedUserName], [a].[PasswordHash], [a].[PhoneNumber], [a].[PhoneNumberConfirmed], [a].[ProfileImageUrl], [a].[RefreshToken], [a].[RefreshTokenExpiry], [a].[SecurityStamp], [a].[TwoFactorEnabled], [a].[UpdatedAt], [a].[UserName]
FROM [AspNetUsers] AS [a]
WHERE [a].[NormalizedEmail] = @normalizedEmail
2026-03-28 15:52:34.588 +05:30 [INF] Executed DbCommand (14ms) [Parameters=[@p23='?' (Size = 450), @p0='?' (DbType = Int32), @p1='?' (Size = 4000), @p24='?' (Size = 4000), @p2='?' (DbType = DateTime2), @p3='?' (Size = 256), @p4='?' (DbType = Boolean), @p5='?' (Size = 50), @p6='?' (DbType = Boolean), @p7='?' (DbType = Boolean), @p8='?' (Size = 50), @p9='?' (DbType = Boolean), @p10='?' (DbType = DateTimeOffset), @p11='?' (Size = 256), @p12='?' (Size = 256), @p13='?' (Size = 4000), @p14='?' (Size = 4000), @p15='?' (DbType = Boolean), @p16='?' (Size = 4000), @p17='?' (Size = 4000), @p18='?' (DbType = DateTime2), @p19='?' (Size = 4000), @p20='?' (DbType = Boolean), @p21='?' (DbType = DateTime2), @p22='?' (Size = 256)], CommandType='"Text"', CommandTimeout='30']
SET IMPLICIT_TRANSACTIONS OFF;
SET NOCOUNT ON;
UPDATE [AspNetUsers] SET [AccessFailedCount] = @p0, [ConcurrencyStamp] = @p1, [CreatedAt] = @p2, [Email] = @p3, [EmailConfirmed] = @p4, [FirstName] = @p5, [IsActive] = @p6, [IsMfaEnabled] = @p7, [LastName] = @p8, [LockoutEnabled] = @p9, [LockoutEnd] = @p10, [NormalizedEmail] = @p11, [NormalizedUserName] = @p12, [PasswordHash] = @p13, [PhoneNumber] = @p14, [PhoneNumberConfirmed] = @p15, [ProfileImageUrl] = @p16, [RefreshToken] = @p17, [RefreshTokenExpiry] = @p18, [SecurityStamp] = @p19, [TwoFactorEnabled] = @p20, [UpdatedAt] = @p21, [UserName] = @p22
OUTPUT 1
WHERE [Id] = @p23 AND [ConcurrencyStamp] = @p24;
2026-03-28 15:52:34.615 +05:30 [INF] Executing OkObjectResult, writing value of type '<>f__AnonymousType0`2[[System.Boolean, System.Private.CoreLib, Version=10.0.0.0, Culture=neutral, PublicKeyToken=7cec85d7bea7798e],[UserService.Application.DTOs.TokenResponseDto, UserService.Application, Version=1.0.0.0, Culture=neutral, PublicKeyToken=null]]'.
2026-03-28 15:52:34.649 +05:30 [INF] Executed action UserService.API.Controllers.AuthController.Register (UserService.API) in 1678.1372ms
2026-03-28 15:52:34.654 +05:30 [INF] Executed endpoint 'UserService.API.Controllers.AuthController.Register (UserService.API)'
2026-03-28 15:52:34.659 +05:30 [INF] HTTP POST /api/v1/auth/register responded 200 in 1764.4699 ms
2026-03-28 15:52:34.672 +05:30 [INF] Request finished HTTP/2 POST https://localhost:5011/api/v1/auth/register - 200 null application/json; charset=utf-8 1802.9024ms
2026-03-28 15:53:23.104 +05:30 [INF] Request starting HTTP/2 GET https://localhost:5011/api/v1/users/profile - null null
2026-03-28 15:53:23.280 +05:30 [INF] Executing endpoint 'UserService.API.Controllers.UserController.GetProfile (UserService.API)'
2026-03-28 15:53:23.299 +05:30 [INF] Route matched with {action = "GetProfile", controller = "User"}. Executing controller action with signature System.Threading.Tasks.Task`1[Microsoft.AspNetCore.Mvc.IActionResult] GetProfile() on controller UserService.API.Controllers.UserController (UserService.API).
2026-03-28 15:53:23.349 +05:30 [INF] Executed DbCommand (6ms) [Parameters=[@p='?' (Size = 450)], CommandType='"Text"', CommandTimeout='30']
SELECT TOP(1) [a].[Id], [a].[AccessFailedCount], [a].[ConcurrencyStamp], [a].[CreatedAt], [a].[Email], [a].[EmailConfirmed], [a].[FirstName], [a].[IsActive], [a].[IsMfaEnabled], [a].[LastName], [a].[LockoutEnabled], [a].[LockoutEnd], [a].[NormalizedEmail], [a].[NormalizedUserName], [a].[PasswordHash], [a].[PhoneNumber], [a].[PhoneNumberConfirmed], [a].[ProfileImageUrl], [a].[RefreshToken], [a].[RefreshTokenExpiry], [a].[SecurityStamp], [a].[TwoFactorEnabled], [a].[UpdatedAt], [a].[UserName]
FROM [AspNetUsers] AS [a]
WHERE [a].[Id] = @p
2026-03-28 15:53:23.363 +05:30 [INF] Executed DbCommand (1ms) [Parameters=[@userId='?' (Size = 450)], CommandType='"Text"', CommandTimeout='30']
SELECT [a0].[Name]
FROM [AspNetUserRoles] AS [a]
INNER JOIN [AspNetRoles] AS [a0] ON [a].[RoleId] = [a0].[Id]
WHERE [a].[UserId] = @userId
2026-03-28 15:53:23.374 +05:30 [INF] Executing OkObjectResult, writing value of type '<>f__AnonymousType0`2[[System.Boolean, System.Private.CoreLib, Version=10.0.0.0, Culture=neutral, PublicKeyToken=7cec85d7bea7798e],[UserService.Application.DTOs.UserProfileDto, UserService.Application, Version=1.0.0.0, Culture=neutral, PublicKeyToken=null]]'.
2026-03-28 15:53:23.386 +05:30 [INF] Executed action UserService.API.Controllers.UserController.GetProfile (UserService.API) in 82.835ms
2026-03-28 15:53:23.389 +05:30 [INF] Executed endpoint 'UserService.API.Controllers.UserController.GetProfile (UserService.API)'
2026-03-28 15:53:23.392 +05:30 [INF] HTTP GET /api/v1/users/profile responded 200 in 268.9544 ms
2026-03-28 15:53:23.396 +05:30 [INF] Request finished HTTP/2 GET https://localhost:5011/api/v1/users/profile - 200 null application/json; charset=utf-8 291.7345ms
2026-03-28 15:59:28.051 +05:30 [INF] Executed DbCommand (125ms) [Parameters=[@normalizedName='?' (Size = 256)], CommandType='"Text"', CommandTimeout='30']
SELECT TOP(1) [a].[Id], [a].[ConcurrencyStamp], [a].[Name], [a].[NormalizedName]
FROM [AspNetRoles] AS [a]
WHERE [a].[NormalizedName] = @normalizedName
2026-03-28 15:59:28.313 +05:30 [INF] Executed DbCommand (3ms) [Parameters=[@normalizedName='?' (Size = 256)], CommandType='"Text"', CommandTimeout='30']
SELECT TOP(1) [a].[Id], [a].[ConcurrencyStamp], [a].[Name], [a].[NormalizedName]
FROM [AspNetRoles] AS [a]
WHERE [a].[NormalizedName] = @normalizedName
2026-03-28 15:59:28.326 +05:30 [INF] Executed DbCommand (3ms) [Parameters=[@normalizedName='?' (Size = 256)], CommandType='"Text"', CommandTimeout='30']
SELECT TOP(1) [a].[Id], [a].[ConcurrencyStamp], [a].[Name], [a].[NormalizedName]
FROM [AspNetRoles] AS [a]
WHERE [a].[NormalizedName] = @normalizedName
2026-03-28 15:59:28.662 +05:30 [INF] Executed DbCommand (7ms) [Parameters=[], CommandType='"Text"', CommandTimeout='30']
SELECT 1
2026-03-28 15:59:28.675 +05:30 [INF] Acquiring an exclusive lock for migration application. See https://aka.ms/efcore-docs-migrations-lock for more information if this takes too long.
2026-03-28 15:59:28.719 +05:30 [INF] Executed DbCommand (37ms) [Parameters=[], CommandType='"Text"', CommandTimeout='30']
DECLARE @result int;
EXEC @result = sp_getapplock @Resource = '__EFMigrationsLock', @LockOwner = 'Session', @LockMode = 'Exclusive';
SELECT @result
2026-03-28 15:59:28.868 +05:30 [INF] Executed DbCommand (2ms) [Parameters=[], CommandType='"Text"', CommandTimeout='30']
IF OBJECT_ID(N'[__EFMigrationsHistory]') IS NULL
BEGIN
    CREATE TABLE [__EFMigrationsHistory] (
        [MigrationId] nvarchar(150) NOT NULL,
        [ProductVersion] nvarchar(32) NOT NULL,
        CONSTRAINT [PK___EFMigrationsHistory] PRIMARY KEY ([MigrationId])
    );
END;
2026-03-28 15:59:28.894 +05:30 [INF] Executed DbCommand (1ms) [Parameters=[], CommandType='"Text"', CommandTimeout='30']
SELECT 1
2026-03-28 15:59:28.899 +05:30 [INF] Executed DbCommand (1ms) [Parameters=[], CommandType='"Text"', CommandTimeout='30']
SELECT OBJECT_ID(N'[__EFMigrationsHistory]');
2026-03-28 15:59:28.926 +05:30 [INF] Executed DbCommand (18ms) [Parameters=[], CommandType='"Text"', CommandTimeout='30']
SELECT [MigrationId], [ProductVersion]
FROM [__EFMigrationsHistory]
ORDER BY [MigrationId];
2026-03-28 15:59:28.942 +05:30 [INF] No migrations were applied. The database is already up to date.
2026-03-28 15:59:28.952 +05:30 [INF] Executed DbCommand (6ms) [Parameters=[], CommandType='"Text"', CommandTimeout='30']
DECLARE @result int;
EXEC @result = sp_releaseapplock @Resource = '__EFMigrationsLock', @LockOwner = 'Session';
SELECT @result
2026-03-28 15:59:29.205 +05:30 [INF] User profile is available. Using 'C:\Users\Srikrishna\AppData\Local\ASP.NET\DataProtection-Keys' as key repository and Windows DPAPI to encrypt keys at rest.
2026-03-28 15:59:29.390 +05:30 [WRN] The WebRootPath was not found: D:\DotNetCorePractise\MicroservicesAssesment\Services\UserService\UserService.API\wwwroot. Static files may be unavailable.
2026-03-28 15:59:29.637 +05:30 [INF] Now listening on: https://localhost:5011
2026-03-28 15:59:29.640 +05:30 [INF] Now listening on: http://localhost:5010
2026-03-28 15:59:30.159 +05:30 [INF] Application started. Press Ctrl+C to shut down.
2026-03-28 15:59:30.163 +05:30 [INF] Hosting environment: Development
2026-03-28 15:59:30.165 +05:30 [INF] Content root path: D:\DotNetCorePractise\MicroservicesAssesment\Services\UserService\UserService.API
2026-03-28 15:59:30.530 +05:30 [INF] Request starting HTTP/2 GET https://localhost:5011/ - null null
2026-03-28 15:59:30.974 +05:30 [INF] HTTP GET / responded 404 in 155.8194 ms
2026-03-28 15:59:30.997 +05:30 [INF] Request finished HTTP/2 GET https://localhost:5011/ - 404 null null 482.5196ms
2026-03-28 15:59:31.012 +05:30 [INF] Request reached the end of the middleware pipeline without being handled by application code. Request path: GET https://localhost:5011/, Response status code: 404
2026-03-28 15:59:39.605 +05:30 [INF] Request starting HTTP/2 GET https://localhost:5011/swagger/index.html - null null
2026-03-28 15:59:39.820 +05:30 [INF] HTTP GET /swagger/index.html responded 304 in 194.0424 ms
2026-03-28 15:59:39.828 +05:30 [INF] Request finished HTTP/2 GET https://localhost:5011/swagger/index.html - 304 null null 223.9459ms
2026-03-28 15:59:39.917 +05:30 [INF] Request starting HTTP/2 GET https://localhost:5011/swagger/swagger-ui.css - null null
2026-03-28 15:59:39.917 +05:30 [INF] Request starting HTTP/2 GET https://localhost:5011/swagger/index.css - null null
2026-03-28 15:59:39.918 +05:30 [INF] Request starting HTTP/2 GET https://localhost:5011/swagger/swagger-ui-bundle.js - null null
2026-03-28 15:59:39.918 +05:30 [INF] Request starting HTTP/2 GET https://localhost:5011/swagger/index.js - null null
2026-03-28 15:59:39.918 +05:30 [INF] Request starting HTTP/2 GET https://localhost:5011/swagger/swagger-ui-standalone-preset.js - null null
2026-03-28 15:59:39.918 +05:30 [INF] Request starting HTTP/2 GET https://localhost:5011/_framework/aspnetcore-browser-refresh.js - null null
2026-03-28 15:59:39.949 +05:30 [INF] HTTP GET /swagger/index.css responded 304 in 12.6269 ms
2026-03-28 15:59:39.949 +05:30 [INF] HTTP GET /swagger/swagger-ui.css responded 304 in 18.5891 ms
2026-03-28 15:59:39.953 +05:30 [INF] HTTP GET /swagger/index.js responded 304 in 1.0613 ms
2026-03-28 15:59:39.954 +05:30 [INF] HTTP GET /swagger/swagger-ui-bundle.js responded 304 in 10.5363 ms
2026-03-28 15:59:40.033 +05:30 [INF] Request finished HTTP/2 GET https://localhost:5011/swagger/index.js - 304 null null 115.1347ms
2026-03-28 15:59:40.011 +05:30 [INF] HTTP GET /swagger/swagger-ui-standalone-preset.js responded 304 in 53.4039 ms
2026-03-28 15:59:40.045 +05:30 [INF] Request finished HTTP/2 GET https://localhost:5011/swagger/swagger-ui-bundle.js - 304 null null 126.9793ms
2026-03-28 15:59:40.026 +05:30 [INF] Request finished HTTP/2 GET https://localhost:5011/swagger/swagger-ui.css - 304 null null 108.7521ms
2026-03-28 15:59:40.022 +05:30 [INF] Request finished HTTP/2 GET https://localhost:5011/swagger/index.css - 304 null null 104.2917ms
2026-03-28 15:59:40.055 +05:30 [INF] Request finished HTTP/2 GET https://localhost:5011/_framework/aspnetcore-browser-refresh.js - 200 14935 application/javascript; charset=utf-8 137.5099ms
2026-03-28 15:59:40.066 +05:30 [INF] Request finished HTTP/2 GET https://localhost:5011/swagger/swagger-ui-standalone-preset.js - 304 null null 148.3536ms
2026-03-28 15:59:40.163 +05:30 [INF] Request starting HTTP/2 GET https://localhost:5011/_vs/browserLink - null null
2026-03-28 15:59:40.258 +05:30 [INF] Request finished HTTP/2 GET https://localhost:5011/_vs/browserLink - 200 null text/javascript; charset=UTF-8 95.2817ms
2026-03-28 15:59:40.547 +05:30 [INF] Request starting HTTP/2 GET https://localhost:5011/swagger/v1/swagger.json - null null
2026-03-28 15:59:40.594 +05:30 [INF] HTTP GET /swagger/v1/swagger.json responded 200 in 39.4873 ms
2026-03-28 15:59:40.601 +05:30 [INF] Request finished HTTP/2 GET https://localhost:5011/swagger/v1/swagger.json - 200 null application/json;charset=utf-8 54.3775ms
2026-03-28 16:04:01.266 +05:30 [INF] Request starting HTTP/2 GET https://localhost:5011/swagger/index.html - null null
2026-03-28 16:04:01.293 +05:30 [INF] HTTP GET /swagger/index.html responded 304 in 0.5667 ms
2026-03-28 16:04:01.300 +05:30 [INF] Request finished HTTP/2 GET https://localhost:5011/swagger/index.html - 304 null null 34.1038ms
2026-03-28 16:04:01.352 +05:30 [INF] Request starting HTTP/2 GET https://localhost:5011/swagger/swagger-ui.css - null null
2026-03-28 16:04:01.353 +05:30 [INF] Request starting HTTP/2 GET https://localhost:5011/swagger/index.css - null null
2026-03-28 16:04:01.360 +05:30 [INF] Request starting HTTP/2 GET https://localhost:5011/_framework/aspnetcore-browser-refresh.js - null null
2026-03-28 16:04:01.355 +05:30 [INF] Request starting HTTP/2 GET https://localhost:5011/swagger/swagger-ui-bundle.js - null null
2026-03-28 16:04:01.409 +05:30 [INF] HTTP GET /swagger/swagger-ui.css responded 304 in 0.4297 ms
2026-03-28 16:04:01.416 +05:30 [INF] HTTP GET /swagger/index.css responded 304 in 0.1452 ms
2026-03-28 16:04:01.361 +05:30 [INF] Request starting HTTP/2 GET https://localhost:5011/swagger/swagger-ui-standalone-preset.js - null null
2026-03-28 16:04:01.368 +05:30 [INF] Request starting HTTP/2 GET https://localhost:5011/swagger/index.js - null null
2026-03-28 16:04:01.428 +05:30 [INF] Request finished HTTP/2 GET https://localhost:5011/_framework/aspnetcore-browser-refresh.js - 200 14935 application/javascript; charset=utf-8 68.4922ms
2026-03-28 16:04:01.439 +05:30 [INF] HTTP GET /swagger/swagger-ui-bundle.js responded 304 in 0.1525 ms
2026-03-28 16:04:01.442 +05:30 [INF] Request finished HTTP/2 GET https://localhost:5011/swagger/swagger-ui.css - 304 null null 90.1154ms
2026-03-28 16:04:01.446 +05:30 [INF] Request finished HTTP/2 GET https://localhost:5011/swagger/index.css - 304 null null 93.2006ms
2026-03-28 16:04:01.452 +05:30 [INF] HTTP GET /swagger/swagger-ui-standalone-preset.js responded 304 in 0.1784 ms
2026-03-28 16:04:01.457 +05:30 [INF] HTTP GET /swagger/index.js responded 304 in 0.4242 ms
2026-03-28 16:04:01.469 +05:30 [INF] Request finished HTTP/2 GET https://localhost:5011/swagger/swagger-ui-bundle.js - 304 null null 114.0453ms
2026-03-28 16:04:01.489 +05:30 [INF] Request finished HTTP/2 GET https://localhost:5011/swagger/swagger-ui-standalone-preset.js - 304 null null 127.3792ms
2026-03-28 16:04:01.493 +05:30 [INF] Request finished HTTP/2 GET https://localhost:5011/swagger/index.js - 304 null null 126.1432ms
2026-03-28 16:04:01.572 +05:30 [INF] Request starting HTTP/2 GET https://localhost:5011/_vs/browserLink - null null
2026-03-28 16:04:01.614 +05:30 [INF] Request finished HTTP/2 GET https://localhost:5011/_vs/browserLink - 200 null text/javascript; charset=UTF-8 42.0396ms
2026-03-28 16:04:01.678 +05:30 [INF] Request starting HTTP/2 GET https://localhost:5011/swagger/v1/swagger.json - null null
2026-03-28 16:04:01.690 +05:30 [INF] Request starting HTTP/2 GET https://localhost:5011/swagger/favicon-32x32.png - null null
2026-03-28 16:04:01.698 +05:30 [INF] HTTP GET /swagger/favicon-32x32.png responded 304 in 1.0154 ms
2026-03-28 16:04:01.702 +05:30 [INF] HTTP GET /swagger/v1/swagger.json responded 200 in 16.1031 ms
2026-03-28 16:04:01.703 +05:30 [INF] Request finished HTTP/2 GET https://localhost:5011/swagger/favicon-32x32.png - 304 null null 13.3905ms
2026-03-28 16:04:01.708 +05:30 [INF] Request finished HTTP/2 GET https://localhost:5011/swagger/v1/swagger.json - 200 null application/json;charset=utf-8 29.4451ms
2026-03-28 16:08:30.774 +05:30 [INF] Request starting HTTP/2 POST https://localhost:5011/api/v1/auth/register - application/json 210
2026-03-28 16:08:30.801 +05:30 [INF] CORS policy execution successful.
2026-03-28 16:08:30.818 +05:30 [INF] Executing endpoint 'UserService.API.Controllers.AuthController.Register (UserService.API)'
2026-03-28 16:08:30.893 +05:30 [INF] Route matched with {action = "Register", controller = "Auth"}. Executing controller action with signature System.Threading.Tasks.Task`1[Microsoft.AspNetCore.Mvc.IActionResult] Register(UserService.Application.DTOs.RegisterDto) on controller UserService.API.Controllers.AuthController (UserService.API).
2026-03-28 16:08:31.318 +05:30 [INF] Executed DbCommand (22ms) [Parameters=[@normalizedEmail='?' (Size = 256)], CommandType='"Text"', CommandTimeout='30']
SELECT TOP(2) [a].[Id], [a].[AccessFailedCount], [a].[ConcurrencyStamp], [a].[CreatedAt], [a].[Email], [a].[EmailConfirmed], [a].[FirstName], [a].[IsActive], [a].[IsMfaEnabled], [a].[LastName], [a].[LockoutEnabled], [a].[LockoutEnd], [a].[NormalizedEmail], [a].[NormalizedUserName], [a].[PasswordHash], [a].[PhoneNumber], [a].[PhoneNumberConfirmed], [a].[ProfileImageUrl], [a].[RefreshToken], [a].[RefreshTokenExpiry], [a].[SecurityStamp], [a].[TwoFactorEnabled], [a].[UpdatedAt], [a].[UserName]
FROM [AspNetUsers] AS [a]
WHERE [a].[NormalizedEmail] = @normalizedEmail
2026-03-28 16:08:31.581 +05:30 [INF] Executed DbCommand (10ms) [Parameters=[@normalizedUserName='?' (Size = 256)], CommandType='"Text"', CommandTimeout='30']
SELECT TOP(1) [a].[Id], [a].[AccessFailedCount], [a].[ConcurrencyStamp], [a].[CreatedAt], [a].[Email], [a].[EmailConfirmed], [a].[FirstName], [a].[IsActive], [a].[IsMfaEnabled], [a].[LastName], [a].[LockoutEnabled], [a].[LockoutEnd], [a].[NormalizedEmail], [a].[NormalizedUserName], [a].[PasswordHash], [a].[PhoneNumber], [a].[PhoneNumberConfirmed], [a].[ProfileImageUrl], [a].[RefreshToken], [a].[RefreshTokenExpiry], [a].[SecurityStamp], [a].[TwoFactorEnabled], [a].[UpdatedAt], [a].[UserName]
FROM [AspNetUsers] AS [a]
WHERE [a].[NormalizedUserName] = @normalizedUserName
2026-03-28 16:08:31.603 +05:30 [INF] Executed DbCommand (1ms) [Parameters=[@normalizedEmail='?' (Size = 256)], CommandType='"Text"', CommandTimeout='30']
SELECT TOP(2) [a].[Id], [a].[AccessFailedCount], [a].[ConcurrencyStamp], [a].[CreatedAt], [a].[Email], [a].[EmailConfirmed], [a].[FirstName], [a].[IsActive], [a].[IsMfaEnabled], [a].[LastName], [a].[LockoutEnabled], [a].[LockoutEnd], [a].[NormalizedEmail], [a].[NormalizedUserName], [a].[PasswordHash], [a].[PhoneNumber], [a].[PhoneNumberConfirmed], [a].[ProfileImageUrl], [a].[RefreshToken], [a].[RefreshTokenExpiry], [a].[SecurityStamp], [a].[TwoFactorEnabled], [a].[UpdatedAt], [a].[UserName]
FROM [AspNetUsers] AS [a]
WHERE [a].[NormalizedEmail] = @normalizedEmail
2026-03-28 16:08:32.044 +05:30 [INF] Executed DbCommand (18ms) [Parameters=[@p0='?' (Size = 450), @p1='?' (DbType = Int32), @p2='?' (Size = 4000), @p3='?' (DbType = DateTime2), @p4='?' (Size = 256), @p5='?' (DbType = Boolean), @p6='?' (Size = 50), @p7='?' (DbType = Boolean), @p8='?' (DbType = Boolean), @p9='?' (Size = 50), @p10='?' (DbType = Boolean), @p11='?' (DbType = DateTimeOffset), @p12='?' (Size = 256), @p13='?' (Size = 256), @p14='?' (Size = 4000), @p15='?' (Size = 4000), @p16='?' (DbType = Boolean), @p17='?' (Size = 4000), @p18='?' (Size = 4000), @p19='?' (DbType = DateTime2), @p20='?' (Size = 4000), @p21='?' (DbType = Boolean), @p22='?' (DbType = DateTime2), @p23='?' (Size = 256)], CommandType='"Text"', CommandTimeout='30']
SET IMPLICIT_TRANSACTIONS OFF;
SET NOCOUNT ON;
INSERT INTO [AspNetUsers] ([Id], [AccessFailedCount], [ConcurrencyStamp], [CreatedAt], [Email], [EmailConfirmed], [FirstName], [IsActive], [IsMfaEnabled], [LastName], [LockoutEnabled], [LockoutEnd], [NormalizedEmail], [NormalizedUserName], [PasswordHash], [PhoneNumber], [PhoneNumberConfirmed], [ProfileImageUrl], [RefreshToken], [RefreshTokenExpiry], [SecurityStamp], [TwoFactorEnabled], [UpdatedAt], [UserName])
VALUES (@p0, @p1, @p2, @p3, @p4, @p5, @p6, @p7, @p8, @p9, @p10, @p11, @p12, @p13, @p14, @p15, @p16, @p17, @p18, @p19, @p20, @p21, @p22, @p23);
2026-03-28 16:08:32.104 +05:30 [INF] Executed DbCommand (7ms) [Parameters=[@normalizedRoleName='?' (Size = 256)], CommandType='"Text"', CommandTimeout='30']
SELECT TOP(2) [a].[Id], [a].[ConcurrencyStamp], [a].[Name], [a].[NormalizedName]
FROM [AspNetRoles] AS [a]
WHERE [a].[NormalizedName] = @normalizedRoleName
2026-03-28 16:08:32.207 +05:30 [INF] Executed DbCommand (5ms) [Parameters=[@p='?' (Size = 450), @p1='?' (Size = 450)], CommandType='"Text"', CommandTimeout='30']
SELECT TOP(1) [a].[UserId], [a].[RoleId]
FROM [AspNetUserRoles] AS [a]
WHERE [a].[UserId] = @p AND [a].[RoleId] = @p1
2026-03-28 16:08:32.219 +05:30 [INF] Executed DbCommand (1ms) [Parameters=[@normalizedRoleName='?' (Size = 256)], CommandType='"Text"', CommandTimeout='30']
SELECT TOP(2) [a].[Id], [a].[ConcurrencyStamp], [a].[Name], [a].[NormalizedName]
FROM [AspNetRoles] AS [a]
WHERE [a].[NormalizedName] = @normalizedRoleName
2026-03-28 16:08:32.253 +05:30 [INF] Executed DbCommand (1ms) [Parameters=[@normalizedUserName='?' (Size = 256)], CommandType='"Text"', CommandTimeout='30']
SELECT TOP(1) [a].[Id], [a].[AccessFailedCount], [a].[ConcurrencyStamp], [a].[CreatedAt], [a].[Email], [a].[EmailConfirmed], [a].[FirstName], [a].[IsActive], [a].[IsMfaEnabled], [a].[LastName], [a].[LockoutEnabled], [a].[LockoutEnd], [a].[NormalizedEmail], [a].[NormalizedUserName], [a].[PasswordHash], [a].[PhoneNumber], [a].[PhoneNumberConfirmed], [a].[ProfileImageUrl], [a].[RefreshToken], [a].[RefreshTokenExpiry], [a].[SecurityStamp], [a].[TwoFactorEnabled], [a].[UpdatedAt], [a].[UserName]
FROM [AspNetUsers] AS [a]
WHERE [a].[NormalizedUserName] = @normalizedUserName
2026-03-28 16:08:32.264 +05:30 [INF] Executed DbCommand (1ms) [Parameters=[@normalizedEmail='?' (Size = 256)], CommandType='"Text"', CommandTimeout='30']
SELECT TOP(2) [a].[Id], [a].[AccessFailedCount], [a].[ConcurrencyStamp], [a].[CreatedAt], [a].[Email], [a].[EmailConfirmed], [a].[FirstName], [a].[IsActive], [a].[IsMfaEnabled], [a].[LastName], [a].[LockoutEnabled], [a].[LockoutEnd], [a].[NormalizedEmail], [a].[NormalizedUserName], [a].[PasswordHash], [a].[PhoneNumber], [a].[PhoneNumberConfirmed], [a].[ProfileImageUrl], [a].[RefreshToken], [a].[RefreshTokenExpiry], [a].[SecurityStamp], [a].[TwoFactorEnabled], [a].[UpdatedAt], [a].[UserName]
FROM [AspNetUsers] AS [a]
WHERE [a].[NormalizedEmail] = @normalizedEmail
2026-03-28 16:08:32.364 +05:30 [INF] Executed DbCommand (33ms) [Parameters=[@p0='?' (Size = 450), @p1='?' (Size = 450), @p25='?' (Size = 450), @p2='?' (DbType = Int32), @p3='?' (Size = 4000), @p26='?' (Size = 4000), @p4='?' (DbType = DateTime2), @p5='?' (Size = 256), @p6='?' (DbType = Boolean), @p7='?' (Size = 50), @p8='?' (DbType = Boolean), @p9='?' (DbType = Boolean), @p10='?' (Size = 50), @p11='?' (DbType = Boolean), @p12='?' (DbType = DateTimeOffset), @p13='?' (Size = 256), @p14='?' (Size = 256), @p15='?' (Size = 4000), @p16='?' (Size = 4000), @p17='?' (DbType = Boolean), @p18='?' (Size = 4000), @p19='?' (Size = 4000), @p20='?' (DbType = DateTime2), @p21='?' (Size = 4000), @p22='?' (DbType = Boolean), @p23='?' (DbType = DateTime2), @p24='?' (Size = 256)], CommandType='"Text"', CommandTimeout='30']
SET NOCOUNT ON;
INSERT INTO [AspNetUserRoles] ([RoleId], [UserId])
VALUES (@p0, @p1);
UPDATE [AspNetUsers] SET [AccessFailedCount] = @p2, [ConcurrencyStamp] = @p3, [CreatedAt] = @p4, [Email] = @p5, [EmailConfirmed] = @p6, [FirstName] = @p7, [IsActive] = @p8, [IsMfaEnabled] = @p9, [LastName] = @p10, [LockoutEnabled] = @p11, [LockoutEnd] = @p12, [NormalizedEmail] = @p13, [NormalizedUserName] = @p14, [PasswordHash] = @p15, [PhoneNumber] = @p16, [PhoneNumberConfirmed] = @p17, [ProfileImageUrl] = @p18, [RefreshToken] = @p19, [RefreshTokenExpiry] = @p20, [SecurityStamp] = @p21, [TwoFactorEnabled] = @p22, [UpdatedAt] = @p23, [UserName] = @p24
OUTPUT 1
WHERE [Id] = @p25 AND [ConcurrencyStamp] = @p26;
2026-03-28 16:08:32.498 +05:30 [INF] Executed DbCommand (7ms) [Parameters=[@userId='?' (Size = 450)], CommandType='"Text"', CommandTimeout='30']
SELECT [a0].[Name]
FROM [AspNetUserRoles] AS [a]
INNER JOIN [AspNetRoles] AS [a0] ON [a].[RoleId] = [a0].[Id]
WHERE [a].[UserId] = @userId
2026-03-28 16:08:32.560 +05:30 [INF] Executed DbCommand (1ms) [Parameters=[@normalizedUserName='?' (Size = 256)], CommandType='"Text"', CommandTimeout='30']
SELECT TOP(1) [a].[Id], [a].[AccessFailedCount], [a].[ConcurrencyStamp], [a].[CreatedAt], [a].[Email], [a].[EmailConfirmed], [a].[FirstName], [a].[IsActive], [a].[IsMfaEnabled], [a].[LastName], [a].[LockoutEnabled], [a].[LockoutEnd], [a].[NormalizedEmail], [a].[NormalizedUserName], [a].[PasswordHash], [a].[PhoneNumber], [a].[PhoneNumberConfirmed], [a].[ProfileImageUrl], [a].[RefreshToken], [a].[RefreshTokenExpiry], [a].[SecurityStamp], [a].[TwoFactorEnabled], [a].[UpdatedAt], [a].[UserName]
FROM [AspNetUsers] AS [a]
WHERE [a].[NormalizedUserName] = @normalizedUserName
2026-03-28 16:08:32.569 +05:30 [INF] Executed DbCommand (1ms) [Parameters=[@normalizedEmail='?' (Size = 256)], CommandType='"Text"', CommandTimeout='30']
SELECT TOP(2) [a].[Id], [a].[AccessFailedCount], [a].[ConcurrencyStamp], [a].[CreatedAt], [a].[Email], [a].[EmailConfirmed], [a].[FirstName], [a].[IsActive], [a].[IsMfaEnabled], [a].[LastName], [a].[LockoutEnabled], [a].[LockoutEnd], [a].[NormalizedEmail], [a].[NormalizedUserName], [a].[PasswordHash], [a].[PhoneNumber], [a].[PhoneNumberConfirmed], [a].[ProfileImageUrl], [a].[RefreshToken], [a].[RefreshTokenExpiry], [a].[SecurityStamp], [a].[TwoFactorEnabled], [a].[UpdatedAt], [a].[UserName]
FROM [AspNetUsers] AS [a]
WHERE [a].[NormalizedEmail] = @normalizedEmail
2026-03-28 16:08:32.602 +05:30 [INF] Executed DbCommand (26ms) [Parameters=[@p23='?' (Size = 450), @p0='?' (DbType = Int32), @p1='?' (Size = 4000), @p24='?' (Size = 4000), @p2='?' (DbType = DateTime2), @p3='?' (Size = 256), @p4='?' (DbType = Boolean), @p5='?' (Size = 50), @p6='?' (DbType = Boolean), @p7='?' (DbType = Boolean), @p8='?' (Size = 50), @p9='?' (DbType = Boolean), @p10='?' (DbType = DateTimeOffset), @p11='?' (Size = 256), @p12='?' (Size = 256), @p13='?' (Size = 4000), @p14='?' (Size = 4000), @p15='?' (DbType = Boolean), @p16='?' (Size = 4000), @p17='?' (Size = 4000), @p18='?' (DbType = DateTime2), @p19='?' (Size = 4000), @p20='?' (DbType = Boolean), @p21='?' (DbType = DateTime2), @p22='?' (Size = 256)], CommandType='"Text"', CommandTimeout='30']
SET IMPLICIT_TRANSACTIONS OFF;
SET NOCOUNT ON;
UPDATE [AspNetUsers] SET [AccessFailedCount] = @p0, [ConcurrencyStamp] = @p1, [CreatedAt] = @p2, [Email] = @p3, [EmailConfirmed] = @p4, [FirstName] = @p5, [IsActive] = @p6, [IsMfaEnabled] = @p7, [LastName] = @p8, [LockoutEnabled] = @p9, [LockoutEnd] = @p10, [NormalizedEmail] = @p11, [NormalizedUserName] = @p12, [PasswordHash] = @p13, [PhoneNumber] = @p14, [PhoneNumberConfirmed] = @p15, [ProfileImageUrl] = @p16, [RefreshToken] = @p17, [RefreshTokenExpiry] = @p18, [SecurityStamp] = @p19, [TwoFactorEnabled] = @p20, [UpdatedAt] = @p21, [UserName] = @p22
OUTPUT 1
WHERE [Id] = @p23 AND [ConcurrencyStamp] = @p24;
2026-03-28 16:08:32.635 +05:30 [INF] Executing OkObjectResult, writing value of type '<>f__AnonymousType0`2[[System.Boolean, System.Private.CoreLib, Version=10.0.0.0, Culture=neutral, PublicKeyToken=7cec85d7bea7798e],[UserService.Application.DTOs.TokenResponseDto, UserService.Application, Version=1.0.0.0, Culture=neutral, PublicKeyToken=null]]'.
2026-03-28 16:08:32.676 +05:30 [INF] Executed action UserService.API.Controllers.AuthController.Register (UserService.API) in 1769.4992ms
2026-03-28 16:08:32.681 +05:30 [INF] Executed endpoint 'UserService.API.Controllers.AuthController.Register (UserService.API)'
2026-03-28 16:08:32.686 +05:30 [INF] HTTP POST /api/v1/auth/register responded 200 in 1880.1274 ms
2026-03-28 16:08:32.700 +05:30 [INF] Request finished HTTP/2 POST https://localhost:5011/api/v1/auth/register - 200 null application/json; charset=utf-8 1926.5498ms
2026-03-28 16:10:38.555 +05:30 [INF] Request starting HTTP/2 POST https://localhost:5011/api/v1/auth/login - application/json 68
2026-03-28 16:10:38.576 +05:30 [INF] CORS policy execution successful.
2026-03-28 16:10:38.686 +05:30 [INF] Failed to validate the token.
Microsoft.IdentityModel.Tokens.SecurityTokenSignatureKeyNotFoundException: IDX10517: Signature validation failed. The token's kid is missing. Keys tried: 'Microsoft.IdentityModel.Tokens.SymmetricSecurityKey, KeyId: '', InternalId: '_8baCqeTu3OmEX6RE-NqGW6_LGya5Htjzz-S9sKCJWU'. , KeyId: \r\n'.
Number of keys in TokenValidationParameters: '1'. 
Number of keys in Configuration: '0'.
Exceptions caught:
 '[PII of type 'System.Text.StringBuilder' is hidden. For more details, see https://aka.ms/IdentityModel/PII.]'.
token: '[PII of type 'Microsoft.IdentityModel.JsonWebTokens.JsonWebToken' is hidden. For more details, see https://aka.ms/IdentityModel/PII.]'. See https://aka.ms/IDX10503 for details.
   at Microsoft.IdentityModel.JsonWebTokens.JsonWebTokenHandler.ValidateSignature(JsonWebToken jwtToken, TokenValidationParameters validationParameters, BaseConfiguration configuration)
   at Microsoft.IdentityModel.JsonWebTokens.JsonWebTokenHandler.ValidateSignatureAndIssuerSecurityKey(JsonWebToken jsonWebToken, TokenValidationParameters validationParameters, BaseConfiguration configuration)
   at Microsoft.IdentityModel.JsonWebTokens.JsonWebTokenHandler.ValidateJWSAsync(JsonWebToken jsonWebToken, TokenValidationParameters validationParameters, BaseConfiguration configuration)
2026-03-28 16:10:38.696 +05:30 [INF] Bearer was not authenticated. Failure message: IDX10517: Signature validation failed. The token's kid is missing. Keys tried: 'Microsoft.IdentityModel.Tokens.SymmetricSecurityKey, KeyId: '', InternalId: '_8baCqeTu3OmEX6RE-NqGW6_LGya5Htjzz-S9sKCJWU'. , KeyId: \r\n'.
Number of keys in TokenValidationParameters: '1'. 
Number of keys in Configuration: '0'.
Exceptions caught:
 '[PII of type 'System.Text.StringBuilder' is hidden. For more details, see https://aka.ms/IdentityModel/PII.]'.
token: '[PII of type 'Microsoft.IdentityModel.JsonWebTokens.JsonWebToken' is hidden. For more details, see https://aka.ms/IdentityModel/PII.]'. See https://aka.ms/IDX10503 for details.
2026-03-28 16:10:38.699 +05:30 [INF] Executing endpoint 'UserService.API.Controllers.AuthController.Login (UserService.API)'
2026-03-28 16:10:38.716 +05:30 [INF] Route matched with {action = "Login", controller = "Auth"}. Executing controller action with signature System.Threading.Tasks.Task`1[Microsoft.AspNetCore.Mvc.IActionResult] Login(UserService.Application.DTOs.LoginDto) on controller UserService.API.Controllers.AuthController (UserService.API).
2026-03-28 16:10:38.798 +05:30 [INF] Executed DbCommand (20ms) [Parameters=[@normalizedEmail='?' (Size = 256)], CommandType='"Text"', CommandTimeout='30']
SELECT TOP(2) [a].[Id], [a].[AccessFailedCount], [a].[ConcurrencyStamp], [a].[CreatedAt], [a].[Email], [a].[EmailConfirmed], [a].[FirstName], [a].[IsActive], [a].[IsMfaEnabled], [a].[LastName], [a].[LockoutEnabled], [a].[LockoutEnd], [a].[NormalizedEmail], [a].[NormalizedUserName], [a].[PasswordHash], [a].[PhoneNumber], [a].[PhoneNumberConfirmed], [a].[ProfileImageUrl], [a].[RefreshToken], [a].[RefreshTokenExpiry], [a].[SecurityStamp], [a].[TwoFactorEnabled], [a].[UpdatedAt], [a].[UserName]
FROM [AspNetUsers] AS [a]
WHERE [a].[NormalizedEmail] = @normalizedEmail
2026-03-28 16:10:38.996 +05:30 [INF] Executed DbCommand (21ms) [Parameters=[@userId='?' (Size = 450)], CommandType='"Text"', CommandTimeout='30']
SELECT [a0].[Name]
FROM [AspNetUserRoles] AS [a]
INNER JOIN [AspNetRoles] AS [a0] ON [a].[RoleId] = [a0].[Id]
WHERE [a].[UserId] = @userId
2026-03-28 16:10:39.010 +05:30 [INF] Executed DbCommand (7ms) [Parameters=[@normalizedUserName='?' (Size = 256)], CommandType='"Text"', CommandTimeout='30']
SELECT TOP(1) [a].[Id], [a].[AccessFailedCount], [a].[ConcurrencyStamp], [a].[CreatedAt], [a].[Email], [a].[EmailConfirmed], [a].[FirstName], [a].[IsActive], [a].[IsMfaEnabled], [a].[LastName], [a].[LockoutEnabled], [a].[LockoutEnd], [a].[NormalizedEmail], [a].[NormalizedUserName], [a].[PasswordHash], [a].[PhoneNumber], [a].[PhoneNumberConfirmed], [a].[ProfileImageUrl], [a].[RefreshToken], [a].[RefreshTokenExpiry], [a].[SecurityStamp], [a].[TwoFactorEnabled], [a].[UpdatedAt], [a].[UserName]
FROM [AspNetUsers] AS [a]
WHERE [a].[NormalizedUserName] = @normalizedUserName
2026-03-28 16:10:39.017 +05:30 [INF] Executed DbCommand (1ms) [Parameters=[@normalizedEmail='?' (Size = 256)], CommandType='"Text"', CommandTimeout='30']
SELECT TOP(2) [a].[Id], [a].[AccessFailedCount], [a].[ConcurrencyStamp], [a].[CreatedAt], [a].[Email], [a].[EmailConfirmed], [a].[FirstName], [a].[IsActive], [a].[IsMfaEnabled], [a].[LastName], [a].[LockoutEnabled], [a].[LockoutEnd], [a].[NormalizedEmail], [a].[NormalizedUserName], [a].[PasswordHash], [a].[PhoneNumber], [a].[PhoneNumberConfirmed], [a].[ProfileImageUrl], [a].[RefreshToken], [a].[RefreshTokenExpiry], [a].[SecurityStamp], [a].[TwoFactorEnabled], [a].[UpdatedAt], [a].[UserName]
FROM [AspNetUsers] AS [a]
WHERE [a].[NormalizedEmail] = @normalizedEmail
2026-03-28 16:10:39.038 +05:30 [INF] Executed DbCommand (14ms) [Parameters=[@p23='?' (Size = 450), @p0='?' (DbType = Int32), @p1='?' (Size = 4000), @p24='?' (Size = 4000), @p2='?' (DbType = DateTime2), @p3='?' (Size = 256), @p4='?' (DbType = Boolean), @p5='?' (Size = 50), @p6='?' (DbType = Boolean), @p7='?' (DbType = Boolean), @p8='?' (Size = 50), @p9='?' (DbType = Boolean), @p10='?' (DbType = DateTimeOffset), @p11='?' (Size = 256), @p12='?' (Size = 256), @p13='?' (Size = 4000), @p14='?' (Size = 4000), @p15='?' (DbType = Boolean), @p16='?' (Size = 4000), @p17='?' (Size = 4000), @p18='?' (DbType = DateTime2), @p19='?' (Size = 4000), @p20='?' (DbType = Boolean), @p21='?' (DbType = DateTime2), @p22='?' (Size = 256)], CommandType='"Text"', CommandTimeout='30']
SET IMPLICIT_TRANSACTIONS OFF;
SET NOCOUNT ON;
UPDATE [AspNetUsers] SET [AccessFailedCount] = @p0, [ConcurrencyStamp] = @p1, [CreatedAt] = @p2, [Email] = @p3, [EmailConfirmed] = @p4, [FirstName] = @p5, [IsActive] = @p6, [IsMfaEnabled] = @p7, [LastName] = @p8, [LockoutEnabled] = @p9, [LockoutEnd] = @p10, [NormalizedEmail] = @p11, [NormalizedUserName] = @p12, [PasswordHash] = @p13, [PhoneNumber] = @p14, [PhoneNumberConfirmed] = @p15, [ProfileImageUrl] = @p16, [RefreshToken] = @p17, [RefreshTokenExpiry] = @p18, [SecurityStamp] = @p19, [TwoFactorEnabled] = @p20, [UpdatedAt] = @p21, [UserName] = @p22
OUTPUT 1
WHERE [Id] = @p23 AND [ConcurrencyStamp] = @p24;
2026-03-28 16:10:39.045 +05:30 [INF] Executing OkObjectResult, writing value of type '<>f__AnonymousType0`2[[System.Boolean, System.Private.CoreLib, Version=10.0.0.0, Culture=neutral, PublicKeyToken=7cec85d7bea7798e],[UserService.Application.DTOs.TokenResponseDto, UserService.Application, Version=1.0.0.0, Culture=neutral, PublicKeyToken=null]]'.
2026-03-28 16:10:39.049 +05:30 [INF] Executed action UserService.API.Controllers.AuthController.Login (UserService.API) in 328.6846ms
2026-03-28 16:10:39.052 +05:30 [INF] Executed endpoint 'UserService.API.Controllers.AuthController.Login (UserService.API)'
2026-03-28 16:10:39.054 +05:30 [INF] HTTP POST /api/v1/auth/login responded 200 in 475.7149 ms
2026-03-28 16:10:39.059 +05:30 [INF] Request finished HTTP/2 POST https://localhost:5011/api/v1/auth/login - 200 null application/json; charset=utf-8 504.1059ms
